Archive member included because of file (symbol)

/home/adensmore/ARMToolchains/gcc-arm-none-eabi-4_9-2015q3/bin/../lib/gcc/arm-none-eabi/4.9.3/armv6-m/libgcc.a(_udivsi3.o)
                              ./system/src/stm32f0xx/stm32f0xx_hal.o (__aeabi_uidiv)
/home/adensmore/ARMToolchains/gcc-arm-none-eabi-4_9-2015q3/bin/../lib/gcc/arm-none-eabi/4.9.3/armv6-m/libgcc.a(_divsi3.o)
                              ./src/user_funcs.o (__aeabi_idiv)
/home/adensmore/ARMToolchains/gcc-arm-none-eabi-4_9-2015q3/bin/../lib/gcc/arm-none-eabi/4.9.3/armv6-m/libgcc.a(_dvmd_tls.o)
                              /home/adensmore/ARMToolchains/gcc-arm-none-eabi-4_9-2015q3/bin/../lib/gcc/arm-none-eabi/4.9.3/armv6-m/libgcc.a(_udivsi3.o) (__aeabi_idiv0)
/home/adensmore/ARMToolchains/gcc-arm-none-eabi-4_9-2015q3/bin/../lib/gcc/arm-none-eabi/4.9.3/armv6-m/libgcc.a(unwind-arm.o)
                              ./system/src/newlib/_cxx.o (__aeabi_unwind_cpp_pr0)
/home/adensmore/ARMToolchains/gcc-arm-none-eabi-4_9-2015q3/bin/../lib/gcc/arm-none-eabi/4.9.3/armv6-m/libgcc.a(libunwind.o)
                              /home/adensmore/ARMToolchains/gcc-arm-none-eabi-4_9-2015q3/bin/../lib/gcc/arm-none-eabi/4.9.3/armv6-m/libgcc.a(unwind-arm.o) (restore_core_regs)
/home/adensmore/ARMToolchains/gcc-arm-none-eabi-4_9-2015q3/bin/../lib/gcc/arm-none-eabi/4.9.3/armv6-m/libgcc.a(pr-support.o)
                              /home/adensmore/ARMToolchains/gcc-arm-none-eabi-4_9-2015q3/bin/../lib/gcc/arm-none-eabi/4.9.3/armv6-m/libgcc.a(unwind-arm.o) (__gnu_unwind_execute)
/home/adensmore/ARMToolchains/gcc-arm-none-eabi-4_9-2015q3/bin/../lib/gcc/arm-none-eabi/4.9.3/../../../../arm-none-eabi/lib/armv6-m/libg_nano.a(lib_a-errno.o)
                              ./system/src/newlib/_sbrk.o (__errno)
/home/adensmore/ARMToolchains/gcc-arm-none-eabi-4_9-2015q3/bin/../lib/gcc/arm-none-eabi/4.9.3/../../../../arm-none-eabi/lib/armv6-m/libg_nano.a(lib_a-impure.o)
                              /home/adensmore/ARMToolchains/gcc-arm-none-eabi-4_9-2015q3/bin/../lib/gcc/arm-none-eabi/4.9.3/../../../../arm-none-eabi/lib/armv6-m/libg_nano.a(lib_a-errno.o) (_impure_ptr)
/home/adensmore/ARMToolchains/gcc-arm-none-eabi-4_9-2015q3/bin/../lib/gcc/arm-none-eabi/4.9.3/../../../../arm-none-eabi/lib/armv6-m/libg_nano.a(lib_a-init.o)
                              ./system/src/cmsis/startup_stm32f030x8.o (__libc_init_array)
/home/adensmore/ARMToolchains/gcc-arm-none-eabi-4_9-2015q3/bin/../lib/gcc/arm-none-eabi/4.9.3/../../../../arm-none-eabi/lib/armv6-m/libg_nano.a(lib_a-memcpy.o)
                              ./system/src/stm32f0xx/stm32f0xx_hal_rcc.o (memcpy)
/home/adensmore/ARMToolchains/gcc-arm-none-eabi-4_9-2015q3/bin/../lib/gcc/arm-none-eabi/4.9.3/../../../../arm-none-eabi/lib/armv6-m/libg_nano.a(lib_a-memset.o)
                              ./src/user_funcs.o (memset)
/home/adensmore/ARMToolchains/gcc-arm-none-eabi-4_9-2015q3/bin/../lib/gcc/arm-none-eabi/4.9.3/../../../../arm-none-eabi/lib/armv6-m/libg_nano.a(lib_a-strlen.o)
                              ./system/src/diag/Trace.o (strlen)
/home/adensmore/ARMToolchains/gcc-arm-none-eabi-4_9-2015q3/bin/../lib/gcc/arm-none-eabi/4.9.3/../../../../arm-none-eabi/lib/armv6-m/libg_nano.a(lib_a-vsnprintf.o)
                              ./system/src/diag/Trace.o (vsnprintf)
/home/adensmore/ARMToolchains/gcc-arm-none-eabi-4_9-2015q3/bin/../lib/gcc/arm-none-eabi/4.9.3/../../../../arm-none-eabi/lib/armv6-m/libg_nano.a(lib_a-nano-svfprintf.o)
                              /home/adensmore/ARMToolchains/gcc-arm-none-eabi-4_9-2015q3/bin/../lib/gcc/arm-none-eabi/4.9.3/../../../../arm-none-eabi/lib/armv6-m/libg_nano.a(lib_a-vsnprintf.o) (_svfprintf_r)
/home/adensmore/ARMToolchains/gcc-arm-none-eabi-4_9-2015q3/bin/../lib/gcc/arm-none-eabi/4.9.3/../../../../arm-none-eabi/lib/armv6-m/libg_nano.a(lib_a-nano-vfprintf_i.o)
                              /home/adensmore/ARMToolchains/gcc-arm-none-eabi-4_9-2015q3/bin/../lib/gcc/arm-none-eabi/4.9.3/../../../../arm-none-eabi/lib/armv6-m/libg_nano.a(lib_a-nano-svfprintf.o) (_printf_i)
/home/adensmore/ARMToolchains/gcc-arm-none-eabi-4_9-2015q3/bin/../lib/gcc/arm-none-eabi/4.9.3/../../../../arm-none-eabi/lib/armv6-m/libg_nano.a(lib_a-memchr.o)
                              /home/adensmore/ARMToolchains/gcc-arm-none-eabi-4_9-2015q3/bin/../lib/gcc/arm-none-eabi/4.9.3/../../../../arm-none-eabi/lib/armv6-m/libg_nano.a(lib_a-nano-svfprintf.o) (memchr)
/home/adensmore/ARMToolchains/gcc-arm-none-eabi-4_9-2015q3/bin/../lib/gcc/arm-none-eabi/4.9.3/../../../../arm-none-eabi/lib/armv6-m/libg_nano.a(lib_a-memmove.o)
                              /home/adensmore/ARMToolchains/gcc-arm-none-eabi-4_9-2015q3/bin/../lib/gcc/arm-none-eabi/4.9.3/../../../../arm-none-eabi/lib/armv6-m/libg_nano.a(lib_a-nano-svfprintf.o) (memmove)
/home/adensmore/ARMToolchains/gcc-arm-none-eabi-4_9-2015q3/bin/../lib/gcc/arm-none-eabi/4.9.3/../../../../arm-none-eabi/lib/armv6-m/libg_nano.a(lib_a-nano-freer.o)
[...]
Memory Configuration

Name             Origin             Length             Attributes
FLASH            0x08000000         0x00010000         xr
RAM              0x20000000         0x00002000         xrw
CCMRAM           0x10000000         0x00000000         xrw
FLASHB1          0x00000000         0x00000000         xr
EXTMEMB0         0x00000000         0x00000000         xr
EXTMEMB1         0x00000000         0x00000000         xr
EXTMEMB2         0x00000000         0x00000000         xr
EXTMEMB3         0x00000000         0x00000000         xr
*default*        0x00000000         0xffffffff

Linker script and memory map

LOAD ./system/src/stm32f0xx/stm32f0xx_hal.o
LOAD ./system/src/stm32f0xx/stm32f0xx_hal_adc.o
LOAD ./system/src/stm32f0xx/stm32f0xx_hal_adc_ex.o
LOAD ./system/src/stm32f0xx/stm32f0xx_hal_can.o
LOAD ./system/src/stm32f0xx/stm32f0xx_hal_cec.o
LOAD ./system/src/stm32f0xx/stm32f0xx_hal_comp.o
LOAD ./system/src/stm32f0xx/stm32f0xx_hal_cortex.o
LOAD ./system/src/stm32f0xx/stm32f0xx_hal_crc.o
LOAD ./system/src/stm32f0xx/stm32f0xx_hal_crc_ex.o
LOAD ./system/src/stm32f0xx/stm32f0xx_hal_dac.o
LOAD ./system/src/stm32f0xx/stm32f0xx_hal_dac_ex.o
LOAD ./system/src/stm32f0xx/stm32f0xx_hal_dma.o
LOAD ./system/src/stm32f0xx/stm32f0xx_hal_flash.o
LOAD ./system/src/stm32f0xx/stm32f0xx_hal_flash_ex.o
LOAD ./system/src/stm32f0xx/stm32f0xx_hal_gpio.o
LOAD ./system/src/stm32f0xx/stm32f0xx_hal_i2c.o
LOAD ./system/src/stm32f0xx/stm32f0xx_hal_i2c_ex.o
LOAD ./system/src/stm32f0xx/stm32f0xx_hal_i2s.o
LOAD ./system/src/stm32f0xx/stm32f0xx_hal_irda.o
LOAD ./system/src/stm32f0xx/stm32f0xx_hal_iwdg.o
LOAD ./system/src/stm32f0xx/stm32f0xx_hal_msp_template.o
LOAD ./system/src/stm32f0xx/stm32f0xx_hal_pcd.o
LOAD ./system/src/stm32f0xx/stm32f0xx_hal_pcd_ex.o
LOAD ./system/src/stm32f0xx/stm32f0xx_hal_pwr.o
LOAD ./system/src/stm32f0xx/stm32f0xx_hal_pwr_ex.o
LOAD ./system/src/stm32f0xx/stm32f0xx_hal_rcc.o
LOAD ./system/src/stm32f0xx/stm32f0xx_hal_rcc_ex.o
LOAD ./system/src/stm32f0xx/stm32f0xx_hal_rtc.o
LOAD ./system/src/stm32f0xx/stm32f0xx_hal_rtc_ex.o
LOAD ./system/src/stm32f0xx/stm32f0xx_hal_smartcard.o
LOAD ./system/src/stm32f0xx/stm32f0xx_hal_smartcard_ex.o
LOAD ./system/src/stm32f0xx/stm32f0xx_hal_smbus.o
LOAD ./system/src/stm32f0xx/stm32f0xx_hal_spi.o
LOAD ./system/src/stm32f0xx/stm32f0xx_hal_spi_ex.o
LOAD ./system/src/stm32f0xx/stm32f0xx_hal_tim.o
LOAD ./system/src/stm32f0xx/stm32f0xx_hal_tim_ex.o
LOAD ./system/src/stm32f0xx/stm32f0xx_hal_tsc.o
LOAD ./system/src/stm32f0xx/stm32f0xx_hal_uart.o
LOAD ./system/src/stm32f0xx/stm32f0xx_hal_uart_ex.o
LOAD ./system/src/stm32f0xx/stm32f0xx_hal_usart.o
LOAD ./system/src/stm32f0xx/stm32f0xx_hal_wwdg.o
LOAD ./system/src/newlib/_cxx.o
LOAD ./system/src/newlib/_exit.o
LOAD ./system/src/newlib/_sbrk.o
LOAD ./system/src/newlib/_startup.o
LOAD ./system/src/newlib/_syscalls.o
LOAD ./system/src/newlib/assert.o
LOAD ./system/src/diag/Trace.o
LOAD ./system/src/diag/trace_impl.o
LOAD ./system/src/cortexm/_initialize_hardware.o
LOAD ./system/src/cortexm/_reset_hardware.o
LOAD ./system/src/cortexm/exception_handlers.o
LOAD ./system/src/cmsis/startup_stm32f030x8.o
LOAD ./system/src/cmsis/system_stm32f0xx.o
LOAD ./src/main.o
LOAD ./src/stm32f0xx_hal_msp.o
LOAD ./src/stm32f0xx_it.o
LOAD ./src/user_funcs.o
LOAD /home/adensmore/ARMToolchains/gcc-arm-none-eabi-4_9-2015q3/bin/../lib/gcc/arm-none-eabi/4.9.3/../../../../arm-none-eabi/lib/armv6-m/libstdc++_nano.a
LOAD /home/adensmore/ARMToolchains/gcc-arm-none-eabi-4_9-2015q3/bin/../lib/gcc/arm-none-eabi/4.9.3/../../../../arm-none-eabi/lib/armv6-m/libm.a
START GROUP
LOAD /home/adensmore/ARMToolchains/gcc-arm-none-eabi-4_9-2015q3/bin/../lib/gcc/arm-none-eabi/4.9.3/armv6-m/libgcc.a
LOAD /home/adensmore/ARMToolchains/gcc-arm-none-eabi-4_9-2015q3/bin/../lib/gcc/arm-none-eabi/4.9.3/../../../../arm-none-eabi/lib/armv6-m/libg_nano.a
LOAD /home/adensmore/ARMToolchains/gcc-arm-none-eabi-4_9-2015q3/bin/../lib/gcc/arm-none-eabi/4.9.3/../../../../arm-none-eabi/lib/armv6-m/libc_nano.a
END GROUP
START GROUP
LOAD /home/adensmore/ARMToolchains/gcc-arm-none-eabi-4_9-2015q3/bin/../lib/gcc/arm-none-eabi/4.9.3/armv6-m/libgcc.a
LOAD /home/adensmore/ARMToolchains/gcc-arm-none-eabi-4_9-2015q3/bin/../lib/gcc/arm-none-eabi/4.9.3/../../../../arm-none-eabi/lib/armv6-m/libc_nano.a
END GROUP
                0x20002000                __stack = (ORIGIN (RAM) + 0x2000)
                0x20002000                _estack = __stack
                0x00000400                __Main_Stack_Size = 0x400
                0x00000400                PROVIDE (_Main_Stack_Size, __Main_Stack_Size)
                0x20001c00                __Main_Stack_Limit = (__stack - __Main_Stack_Size)
                0x20001c00                PROVIDE (_Main_Stack_Limit, __Main_Stack_Limit)
                0x00000100                _Minimum_Stack_Size = 0x100
                0x20000248                PROVIDE (_Heap_Begin, _end_noinit)
                0x20001c00                PROVIDE (_Heap_Limit, (__stack - __Main_Stack_Size))

.isr_vector     0x08000000      0x268
 FILL mask 0xff
                0x08000000                __vectors_start = ABSOLUTE (.)
                0x08000000                __vectors_start__ = ABSOLUTE (.)
 *(.isr_vector)
 .isr_vector    0x08000000       0xc0 ./system/src/cmsis/startup_stm32f030x8.o
                0x08000000                g_pfnVectors
 *(.cfmconfig)
 *(.after_vectors .after_vectors.*)
 .after_vectors
                0x080000c0      0x158 ./system/src/newlib/_startup.o
                0x080000c0                _start
 .after_vectors
                0x08000218       0x50 ./system/src/cortexm/exception_handlers.o
                0x08000218                Reset_Handler
                0x08000220                NMI_Handler
                0x08000224                HardFault_Handler
                0x0800023c                HardFault_Handler_C
                0x08000258                SVC_Handler
                0x0800025c                PendSV_Handler

.inits          0x08000268       0x28
                0x08000268                __data_regions_array_start = .
                0x08000268        0x4 LONG 0x8002a4c LOADADDR (.data)
                0x0800026c        0x4 LONG 0x20000000 ADDR (.data)
                0x08000270        0x4 LONG 0x20000088 (ADDR (.data) + SIZEOF (.data))
                0x08000274        0x4 LONG 0x8002a4c LOADADDR (.data_CCMRAM)
                0x08000278        0x4 LONG 0x10000000 ADDR (.data_CCMRAM)
                0x0800027c        0x4 LONG 0x10000000 (ADDR (.data_CCMRAM) + SIZEOF (.data_CCMRAM))
                0x08000280                __data_regions_array_end = .
                0x08000280                __bss_regions_array_start = .
                0x08000280        0x4 LONG 0x20000088 ADDR (.bss)
                0x08000284        0x4 LONG 0x20000248 (ADDR (.bss) + SIZEOF (.bss))
                0x08000288        0x4 LONG 0x10000000 ADDR (.bss_CCMRAM)
                0x0800028c        0x4 LONG 0x10000000 (ADDR (.bss_CCMRAM) + SIZEOF (.bss_CCMRAM))
                0x08000290                __bss_regions_array_end = .
 *(.init)
 *(.fini)
                0x08000290                . = ALIGN (0x4)
                0x08000290                PROVIDE (__preinit_array_start, .)
 *(.preinit_array_sysinit .preinit_array_sysinit.*)
 *(.preinit_array_platform .preinit_array_platform.*)
 *(.preinit_array .preinit_array.*)
                0x08000290                PROVIDE (__preinit_array_end, .)
                0x08000290                . = ALIGN (0x4)
                0x08000290                PROVIDE (__init_array_start, .)
 *(SORT(.init_array.*))
 *(.init_array)
                0x08000290                PROVIDE (__init_array_end, .)
                0x08000290                . = ALIGN (0x4)
                0x08000290                PROVIDE (__fini_array_start, .)
 *(SORT(.fini_array.*))
 *(.fini_array)
                0x08000290                PROVIDE (__fini_array_end, .)

.flashtext
 *(.flashtext .flashtext.*)

.text           0x08000290     0x27b9
 *(.text .text.*)
 .text.HAL_InitTick
                0x08000290       0x24 ./system/src/stm32f0xx/stm32f0xx_hal.o
                0x08000290                HAL_InitTick
 .text.HAL_Init
                0x080002b4       0x20 ./system/src/stm32f0xx/stm32f0xx_hal.o
                0x080002b4                HAL_Init
 .text.HAL_IncTick
                0x080002d4       0x10 ./system/src/stm32f0xx/stm32f0xx_hal.o
                0x080002d4                HAL_IncTick
 .text.HAL_GetTick
                0x080002e4        0xc ./system/src/stm32f0xx/stm32f0xx_hal.o
                0x080002e4                HAL_GetTick
 .text.HAL_NVIC_SetPriority
                0x080002f0       0x68 ./system/src/stm32f0xx/stm32f0xx_hal_cortex.o
                0x080002f0                HAL_NVIC_SetPriority
 .text.HAL_NVIC_EnableIRQ
                0x08000358       0x14 ./system/src/stm32f0xx/stm32f0xx_hal_cortex.o
                0x08000358                HAL_NVIC_EnableIRQ
 .text.HAL_SYSTICK_Config
                0x0800036c       0x38 ./system/src/stm32f0xx/stm32f0xx_hal_cortex.o
                0x0800036c                HAL_SYSTICK_Config
 .text.HAL_SYSTICK_CLKSourceConfig
                0x080003a4       0x20 ./system/src/stm32f0xx/stm32f0xx_hal_cortex.o
                0x080003a4                HAL_SYSTICK_CLKSourceConfig
 .text.HAL_SYSTICK_Callback
                0x080003c4        0x4 ./system/src/stm32f0xx/stm32f0xx_hal_cortex.o
                0x080003c4                HAL_SYSTICK_Callback
 .text.HAL_SYSTICK_IRQHandler
                0x080003c8        0x8 ./system/src/stm32f0xx/stm32f0xx_hal_cortex.o
                0x080003c8                HAL_SYSTICK_IRQHandler
 .text.HAL_DMA_Init
                0x080003d0       0x54 ./system/src/stm32f0xx/stm32f0xx_hal_dma.o
                0x080003d0                HAL_DMA_Init
 .text.HAL_DMA_Start_IT
                0x08000424       0x6c ./system/src/stm32f0xx/stm32f0xx_hal_dma.o
                0x08000424                HAL_DMA_Start_IT
 .text.HAL_DMA_IRQHandler
                0x08000490      0x348 ./system/src/stm32f0xx/stm32f0xx_hal_dma.o
                0x08000490                HAL_DMA_IRQHandler
 .text.HAL_GPIO_Init
                0x080007d8      0x188 ./system/src/stm32f0xx/stm32f0xx_hal_gpio.o
                0x080007d8                HAL_GPIO_Init
 .text.HAL_RCC_OscConfig
                0x08000960      0x4c4 ./system/src/stm32f0xx/stm32f0xx_hal_rcc.o
                0x08000960                HAL_RCC_OscConfig
 .text.HAL_RCC_ClockConfig
                0x08000e24      0x1f0 ./system/src/stm32f0xx/stm32f0xx_hal_rcc.o
                0x08000e24                HAL_RCC_ClockConfig
 .text.HAL_RCC_GetSysClockFreq
                0x08001014       0x68 ./system/src/stm32f0xx/stm32f0xx_hal_rcc.o
                0x08001014                HAL_RCC_GetSysClockFreq
 .text.HAL_RCC_GetHCLKFreq
                0x0800107c       0x28 ./system/src/stm32f0xx/stm32f0xx_hal_rcc.o
                0x0800107c                HAL_RCC_GetHCLKFreq
 .text.TIM_OC1_SetConfig
                0x080010a4       0xa0 ./system/src/stm32f0xx/stm32f0xx_hal_tim.o
 .text.TIM_OC3_SetConfig
                0x08001144       0x90 ./system/src/stm32f0xx/stm32f0xx_hal_tim.o
 .text.TIM_OC4_SetConfig
                0x080011d4       0x74 ./system/src/stm32f0xx/stm32f0xx_hal_tim.o
 .text.HAL_TIM_PWM_PulseFinishedCallback
                0x08001248        0x4 ./system/src/stm32f0xx/stm32f0xx_hal_tim.o
                0x08001248                HAL_TIM_PWM_PulseFinishedCallback
 .text.TIM_DMADelayPulseCplt
                0x0800124c       0x44 ./system/src/stm32f0xx/stm32f0xx_hal_tim.o
                0x0800124c                TIM_DMADelayPulseCplt
 .text.HAL_TIM_ErrorCallback
                0x08001290        0x4 ./system/src/stm32f0xx/stm32f0xx_hal_tim.o
                0x08001290                HAL_TIM_ErrorCallback
 .text.TIM_DMAError
                0x08001294       0x10 ./system/src/stm32f0xx/stm32f0xx_hal_tim.o
                0x08001294                TIM_DMAError
 .text.TIM_Base_SetConfig
                0x080012a4       0xec ./system/src/stm32f0xx/stm32f0xx_hal_tim.o
                0x080012a4                TIM_Base_SetConfig
 .text.HAL_TIM_PWM_Init
                0x08001390       0x34 ./system/src/stm32f0xx/stm32f0xx_hal_tim.o
                0x08001390                HAL_TIM_PWM_Init
 .text.TIM_OC2_SetConfig
                0x080013c4       0x84 ./system/src/stm32f0xx/stm32f0xx_hal_tim.o
                0x080013c4                TIM_OC2_SetConfig
 .text.HAL_TIM_PWM_ConfigChannel
                0x08001448       0xec ./system/src/stm32f0xx/stm32f0xx_hal_tim.o
                0x08001448                HAL_TIM_PWM_ConfigChannel
 .text.TIM_CCxChannelCmd
                0x08001534       0x18 ./system/src/stm32f0xx/stm32f0xx_hal_tim.o
                0x08001534                TIM_CCxChannelCmd
 .text.HAL_TIM_PWM_Start_DMA
                0x0800154c      0x12c ./system/src/stm32f0xx/stm32f0xx_hal_tim.o
                0x0800154c                HAL_TIM_PWM_Start_DMA
 .text.HAL_TIMEx_MasterConfigSynchronization
                0x08001678       0x48 ./system/src/stm32f0xx/stm32f0xx_hal_tim_ex.o
                0x08001678                HAL_TIMEx_MasterConfigSynchronization
 .text.HAL_TIMEx_ConfigBreakDeadTime
                0x080016c0       0x40 ./system/src/stm32f0xx/stm32f0xx_hal_tim_ex.o
                0x080016c0                HAL_TIMEx_ConfigBreakDeadTime
 .text._exit    0x08001700        0x4 ./system/src/newlib/_exit.o
                0x08001700                _exit
 .text._sbrk    0x08001704       0x44 ./system/src/newlib/_sbrk.o
                0x08001704                _sbrk
 .text.__initialize_args
                0x08001748       0x10 ./system/src/newlib/_syscalls.o
                0x08001748                __initialize_args
 .text.trace_printf
                0x08001758       0x30 ./system/src/diag/Trace.o
                0x08001758                trace_printf
 .text.trace_write
                0x08001788        0x8 ./system/src/diag/trace_impl.o
                0x08001788                trace_write
 .text.__initialize_hardware_early
                0x08001790        0x8 ./system/src/cortexm/_initialize_hardware.o
                0x08001790                __initialize_hardware_early
 .text.__initialize_hardware
                0x08001798        0x8 ./system/src/cortexm/_initialize_hardware.o
                0x08001798                __initialize_hardware
 .text.dumpExceptionStack
                0x080017a0       0x88 ./system/src/cortexm/exception_handlers.o
                0x080017a0                dumpExceptionStack
 .text.Default_Handler
                0x08001828        0x2 ./system/src/cmsis/startup_stm32f030x8.o
                0x08001828                TIM1_CC_IRQHandler
                0x08001828                TIM6_IRQHandler
                0x08001828                I2C1_IRQHandler
                0x08001828                SPI1_IRQHandler
                0x08001828                EXTI2_3_IRQHandler
                0x08001828                ADC1_IRQHandler
                0x08001828                I2C2_IRQHandler
                0x08001828                TIM17_IRQHandler
                0x08001828                RTC_IRQHandler
                0x08001828                TIM16_IRQHandler
                0x08001828                TIM3_IRQHandler
                0x08001828                EXTI4_15_IRQHandler
                0x08001828                RCC_IRQHandler
                0x08001828                DMA1_Channel1_IRQHandler
                0x08001828                Default_Handler
                0x08001828                TIM14_IRQHandler
                0x08001828                TIM15_IRQHandler
                0x08001828                EXTI0_1_IRQHandler
                0x08001828                SPI2_IRQHandler
                0x08001828                WWDG_IRQHandler
                0x08001828                USART2_IRQHandler
                0x08001828                FLASH_IRQHandler
                0x08001828                USART1_IRQHandler
                0x08001828                TIM1_BRK_UP_TRG_COM_IRQHandler
 *fill*         0x0800182a        0x2 
 .text.SystemInit
                0x0800182c       0x60 ./system/src/cmsis/system_stm32f0xx.o
                0x0800182c                SystemInit
 .text.SystemCoreClockUpdate
                0x0800188c       0x88 ./system/src/cmsis/system_stm32f0xx.o
                0x0800188c                SystemCoreClockUpdate
 .text.SystemClock_Config
                0x08001914       0x50 ./src/main.o
                0x08001914                SystemClock_Config
 .text.main     0x08001964      0x210 ./src/main.o
                0x08001964                main
 .text.HAL_MspInit
                0x08001b74       0x28 ./src/stm32f0xx_hal_msp.o
                0x08001b74                HAL_MspInit
 .text.HAL_TIM_PWM_MspInit
                0x08001b9c      0x140 ./src/stm32f0xx_hal_msp.o
                0x08001b9c                HAL_TIM_PWM_MspInit
 .text.SysTick_Handler
                0x08001cdc        0xc ./src/stm32f0xx_it.o
                0x08001cdc                SysTick_Handler
 .text.DMA1_Channel2_3_IRQHandler
                0x08001ce8       0x18 ./src/stm32f0xx_it.o
                0x08001ce8                DMA1_Channel2_3_IRQHandler
 .text.DMA1_Channel4_5_IRQHandler
                0x08001d00       0x10 ./src/stm32f0xx_it.o
                0x08001d00                DMA1_Channel4_5_IRQHandler
 .text.pwm_sine_Start
                0x08001d10       0x74 ./src/user_funcs.o
                0x08001d10                pwm_sine_Start
 .text          0x08001d84      0x120 /home/adensmore/ARMToolchains/gcc-arm-none-eabi-4_9-2015q3/bin/../lib/gcc/arm-none-eabi/4.9.3/armv6-m/libgcc.a(_udivsi3.o)
                0x08001d84                __udivsi3
                0x08001d84                __aeabi_uidiv
                0x08001e90                __aeabi_uidivmod
 .text          0x08001ea4      0x1e0 /home/adensmore/ARMToolchains/gcc-arm-none-eabi-4_9-2015q3/bin/../lib/gcc/arm-none-eabi/4.9.3/armv6-m/libgcc.a(_divsi3.o)
                0x08001ea4                __aeabi_idiv
                0x08001ea4                __divsi3
                0x08002070                __aeabi_idivmod
 .text          0x08002084        0x4 /home/adensmore/ARMToolchains/gcc-arm-none-eabi-4_9-2015q3/bin/../lib/gcc/arm-none-eabi/4.9.3/armv6-m/libgcc.a(_dvmd_tls.o)
                0x08002084                __aeabi_ldiv0
                0x08002084                __aeabi_idiv0
 .text.__errno  0x08002088        0xc /home/adensmore/ARMToolchains/gcc-arm-none-eabi-4_9-2015q3/bin/../lib/gcc/arm-none-eabi/4.9.3/../../../../arm-none-eabi/lib/armv6-m/libg_nano.a(lib_a-errno.o)
                0x08002088                __errno
 .text.memcpy   0x08002094       0x12 /home/adensmore/ARMToolchains/gcc-arm-none-eabi-4_9-2015q3/bin/../lib/gcc/arm-none-eabi/4.9.3/../../../../arm-none-eabi/lib/armv6-m/libg_nano.a(lib_a-memcpy.o)
                0x08002094                memcpy
 .text.memset   0x080020a6       0x10 /home/adensmore/ARMToolchains/gcc-arm-none-eabi-4_9-2015q3/bin/../lib/gcc/arm-none-eabi/4.9.3/../../../../arm-none-eabi/lib/armv6-m/libg_nano.a(lib_a-memset.o)
                0x080020a6                memset
 .text._vsnprintf_r
                0x080020b6       0x54 /home/adensmore/ARMToolchains/gcc-arm-none-eabi-4_9-2015q3/bin/../lib/gcc/arm-none-eabi/4.9.3/../../../../arm-none-eabi/lib/armv6-m/libg_nano.a(lib_a-vsnprintf.o)
                0x080020b6                _vsnprintf_r
                0x080020b6                _vsniprintf_r
 *fill*         0x0800210a        0x2 
 .text.vsnprintf
                0x0800210c       0x20 /home/adensmore/ARMToolchains/gcc-arm-none-eabi-4_9-2015q3/bin/../lib/gcc/arm-none-eabi/4.9.3/../../../../arm-none-eabi/lib/armv6-m/libg_nano.a(lib_a-vsnprintf.o)
                0x0800210c                vsnprintf
                0x0800210c                vsniprintf
 .text.__ssputs_r
                0x0800212c       0xc0 /home/adensmore/ARMToolchains/gcc-arm-none-eabi-4_9-2015q3/bin/../lib/gcc/arm-none-eabi/4.9.3/../../../../arm-none-eabi/lib/armv6-m/libg_nano.a(lib_a-nano-svfprintf.o)
                0x0800212c                __ssputs_r
 .text._svfprintf_r
                0x080021ec      0x1ec /home/adensmore/ARMToolchains/gcc-arm-none-eabi-4_9-2015q3/bin/../lib/gcc/arm-none-eabi/4.9.3/../../../../arm-none-eabi/lib/armv6-m/libg_nano.a(lib_a-nano-svfprintf.o)
                0x080021ec                _svfprintf_r
                0x080021ec                _svfiprintf_r
 .text._printf_common
                0x080023d8       0xdc /home/adensmore/ARMToolchains/gcc-arm-none-eabi-4_9-2015q3/bin/../lib/gcc/arm-none-eabi/4.9.3/../../../../arm-none-eabi/lib/armv6-m/libg_nano.a(lib_a-nano-vfprintf_i.o)
                0x080023d8                _printf_common
 .text._printf_i
                0x080024b4      0x230 /home/adensmore/ARMToolchains/gcc-arm-none-eabi-4_9-2015q3/bin/../lib/gcc/arm-none-eabi/4.9.3/../../../../arm-none-eabi/lib/armv6-m/libg_nano.a(lib_a-nano-vfprintf_i.o)
                0x080024b4                _printf_i
 .text.memchr   0x080026e4       0x16 /home/adensmore/ARMToolchains/gcc-arm-none-eabi-4_9-2015q3/bin/../lib/gcc/arm-none-eabi/4.9.3/../../../../arm-none-eabi/lib/armv6-m/libg_nano.a(lib_a-memchr.o)
                0x080026e4                memchr
 .text.memmove  0x080026fa       0x28 /home/adensmore/ARMToolchains/gcc-arm-none-eabi-4_9-2015q3/bin/../lib/gcc/arm-none-eabi/4.9.3/../../../../arm-none-eabi/lib/armv6-m/libg_nano.a(lib_a-memmove.o)
                0x080026fa                memmove
 *fill*         0x08002722        0x2 
 .text._free_r  0x08002724       0x8c /home/adensmore/ARMToolchains/gcc-arm-none-eabi-4_9-2015q3/bin/../lib/gcc/arm-none-eabi/4.9.3/../../../../arm-none-eabi/lib/armv6-m/libg_nano.a(lib_a-nano-freer.o)
                0x08002724                _free_r
 .text._malloc_r
                0x080027b0       0xb0 /home/adensmore/ARMToolchains/gcc-arm-none-eabi-4_9-2015q3/bin/../lib/gcc/arm-none-eabi/4.9.3/../../../../arm-none-eabi/lib/armv6-m/libg_nano.a(lib_a-nano-mallocr.o)
                0x080027b0                _malloc_r
 .text._realloc_r
                0x08002860       0x4c /home/adensmore/ARMToolchains/gcc-arm-none-eabi-4_9-2015q3/bin/../lib/gcc/arm-none-eabi/4.9.3/../../../../arm-none-eabi/lib/armv6-m/libg_nano.a(lib_a-nano-reallocr.o)
                0x08002860                _realloc_r
 .text._sbrk_r  0x080028ac       0x24 /home/adensmore/ARMToolchains/gcc-arm-none-eabi-4_9-2015q3/bin/../lib/gcc/arm-none-eabi/4.9.3/../../../../arm-none-eabi/lib/armv6-m/libg_nano.a(lib_a-sbrkr.o)
                0x080028ac                _sbrk_r
 .text._malloc_usable_size_r
                0x080028d0       0x16 /home/adensmore/ARMToolchains/gcc-arm-none-eabi-4_9-2015q3/bin/../lib/gcc/arm-none-eabi/4.9.3/../../../../arm-none-eabi/lib/armv6-m/libg_nano.a(lib_a-nano-msizer.o)
                0x080028d0                _malloc_usable_size_r
 *(.rodata .rodata.* .constdata .constdata.*)
 *fill*         0x080028e6        0x2 
 .rodata        0x080028e8       0x20 ./system/src/stm32f0xx/stm32f0xx_hal_rcc.o
 .rodata.aAPBAHBPrescTable
                0x08002908       0x10 ./system/src/stm32f0xx/stm32f0xx_hal_rcc.o
                0x08002908                aAPBAHBPrescTable
 .rodata.str1.4
                0x08002918       0xc0 ./system/src/cortexm/exception_handlers.o
                                 0xbd (size before relaxing)
 .rodata.i16_sine_lookup
                0x080029d8       0x3c ./src/user_funcs.o
 .rodata.str1.1
                0x08002a14        0x2 /home/adensmore/ARMToolchains/gcc-arm-none-eabi-4_9-2015q3/bin/../lib/gcc/arm-none-eabi/4.9.3/../../../../arm-none-eabi/lib/armv6-m/libg_nano.a(lib_a-impure.o)
 .rodata.str1.1
                0x08002a16       0x11 /home/adensmore/ARMToolchains/gcc-arm-none-eabi-4_9-2015q3/bin/../lib/gcc/arm-none-eabi/4.9.3/../../../../arm-none-eabi/lib/armv6-m/libg_nano.a(lib_a-nano-svfprintf.o)
 .rodata.str1.1
                0x08002a27       0x22 /home/adensmore/ARMToolchains/gcc-arm-none-eabi-4_9-2015q3/bin/../lib/gcc/arm-none-eabi/4.9.3/../../../../arm-none-eabi/lib/armv6-m/libg_nano.a(lib_a-nano-vfprintf_i.o)
 *(vtable)
 *(.eh_frame*)
 *(.glue_7)
 .glue_7        0x00000000        0x0 linker stubs
 *(.glue_7t)
 .glue_7t       0x00000000        0x0 linker stubs

.vfp11_veneer   0x08002a4c        0x0
 .vfp11_veneer  0x00000000        0x0 linker stubs

.v4_bx          0x08002a4c        0x0
 .v4_bx         0x00000000        0x0 linker stubs

.iplt           0x08002a4c        0x0
 .iplt          0x00000000        0x0 ./system/src/stm32f0xx/stm32f0xx_hal.o

.rel.dyn        0x08002a4c        0x0
 .rel.iplt      0x00000000        0x0 ./system/src/stm32f0xx/stm32f0xx_hal.o

.ARM.extab
 *(.ARM.extab* .gnu.linkonce.armextab.*)
                0x08002a4c                . = ALIGN (0x4)
                0x08002a4c                __exidx_start = .

.ARM.exidx
 *(.ARM.exidx* .gnu.linkonce.armexidx.*)
                0x08002a4c                __exidx_end = .
                0x08002a4c                . = ALIGN (0x4)
                0x08002a4c                _etext = .
                0x08002a4c                __etext = .

.data_CCMRAM    0x10000000        0x0 load address 0x08002a4c
 FILL mask 0xff
 *(.data.CCMRAM .data.CCMRAM.*)
                0x10000000                . = ALIGN (0x4)
                0x08002a4c                _sidata = LOADADDR (.data)

.data           0x20000000       0x88 load address 0x08002a4c
 FILL mask 0xff
                0x20000000                _sdata = .
                0x20000000                __data_start__ = .
 *(.data_begin .data_begin.*)
 .data_begin    0x20000000        0x4 ./system/src/newlib/_startup.o
 *(.data .data.*)
 .data.argv.4161
                0x20000004        0x8 ./system/src/newlib/_syscalls.o
 .data.AHBPrescTable
                0x2000000c       0x10 ./system/src/cmsis/system_stm32f0xx.o
                0x2000000c                AHBPrescTable
 .data.SystemCoreClock
                0x2000001c        0x4 ./system/src/cmsis/system_stm32f0xx.o
                0x2000001c                SystemCoreClock
 .data.impure_data
                0x20000020       0x60 /home/adensmore/ARMToolchains/gcc-arm-none-eabi-4_9-2015q3/bin/../lib/gcc/arm-none-eabi/4.9.3/../../../../arm-none-eabi/lib/armv6-m/libg_nano.a(lib_a-impure.o)
 .data._impure_ptr
                0x20000080        0x4 /home/adensmore/ARMToolchains/gcc-arm-none-eabi-4_9-2015q3/bin/../lib/gcc/arm-none-eabi/4.9.3/../../../../arm-none-eabi/lib/armv6-m/libg_nano.a(lib_a-impure.o)
                0x20000080                _impure_ptr
 *(.data_end .data_end.*)
 .data_end      0x20000084        0x4 ./system/src/newlib/_startup.o
                0x20000088                . = ALIGN (0x4)
                0x20000088                _edata = .
                0x20000088                __data_end__ = .

.igot.plt       0x20000088        0x0 load address 0x08002ad4
 .igot.plt      0x00000000        0x0 ./system/src/stm32f0xx/stm32f0xx_hal.o

.bss_CCMRAM     0x10000000        0x0
 *(.bss.CCMRAM .bss.CCMRAM.*)

.bss            0x20000088      0x1c0
                0x20000088                __bss_start__ = .
                0x20000088                _sbss = .
 *(.bss_begin .bss_begin.*)
 .bss_begin     0x20000088        0x4 ./system/src/newlib/_startup.o
 *(.bss .bss.*)
 .bss.uwTick    0x2000008c        0x4 ./system/src/stm32f0xx/stm32f0xx_hal.o
 .bss.current_heap_end.3862
                0x20000090        0x4 ./system/src/newlib/_sbrk.o
 .bss.name.4160
                0x20000094        0x1 ./system/src/newlib/_syscalls.o
 *fill*         0x20000095        0x3 
 .bss.buf.4998  0x20000098       0x80 ./system/src/diag/Trace.o
 .bss.__malloc_sbrk_start
                0x20000118        0x4 /home/adensmore/ARMToolchains/gcc-arm-none-eabi-4_9-2015q3/bin/../lib/gcc/arm-none-eabi/4.9.3/../../../../arm-none-eabi/lib/armv6-m/libg_nano.a(lib_a-nano-mallocr.o)
                0x20000118                __malloc_sbrk_start
 .bss.__malloc_free_list
                0x2000011c        0x4 /home/adensmore/ARMToolchains/gcc-arm-none-eabi-4_9-2015q3/bin/../lib/gcc/arm-none-eabi/4.9.3/../../../../arm-none-eabi/lib/armv6-m/libg_nano.a(lib_a-nano-mallocr.o)
                0x2000011c                __malloc_free_list
 *(COMMON)
 COMMON         0x20000120        0x4 ./system/src/newlib/_syscalls.o
                0x20000120                errno
 COMMON         0x20000124      0x120 ./src/main.o
                0x20000124                hdma_tim1_ch1
                0x2000015c                hdma_tim1_ch2
                0x20000194                htim3
                0x200001d0                hdma_tim3_ch1_trig
                0x20000208                htim1
 *(.bss_end .bss_end.*)
 .bss_end       0x20000244        0x4 ./system/src/newlib/_startup.o
                0x20000248                . = ALIGN (0x4)
                0x20000248                __bss_end__ = .
                0x20000248                _ebss = .

.noinit_CCMRAM
 *(.noinit.CCMRAM .noinit.CCMRAM.*)

.noinit         0x20000248        0x0
                0x20000248                _noinit = .
 *(.noinit .noinit.*)
                0x20000248                . = ALIGN (0x4)
                0x20000248                _end_noinit = .
                0x20000248                PROVIDE (end, _end_noinit)
                0x20000248                PROVIDE (_end, _end_noinit)
                0x20000248                PROVIDE (__end, _end_noinit)
                0x20000248                PROVIDE (__end__, _end_noinit)

._check_stack   0x20000248      0x100
                0x20000348                . = (. + _Minimum_Stack_Size)
 *fill*         0x20000248      0x100 

.b1text
 *(.b1text)
 *(.b1rodata)
 *(.b1rodata.*)

.eb0text
 *(.eb0text)
 *(.eb0rodata)
 *(.eb0rodata.*)

.eb1text
 *(.eb1text)
 *(.eb1rodata)
 *(.eb1rodata.*)

.eb2text
 *(.eb2text)
 *(.eb2rodata)
 *(.eb2rodata.*)

.eb3text
 *(.eb3text)
 *(.eb3rodata)
 *(.eb3rodata.*)

.stab
 *(.stab)

.stabstr
 *(.stabstr)

.stab.excl
 *(.stab.excl)

.stab.exclstr
 *(.stab.exclstr)

.stab.index
 *(.stab.index)

.stab.indexstr
 *(.stab.indexstr)

.comment        0x00000000       0x70
 *(.comment)
 .comment       0x00000000       0x70 ./system/src/stm32f0xx/stm32f0xx_hal.o
                                 0x71 (size before relaxing)
 .comment       0x00000000       0x71 ./system/src/stm32f0xx/stm32f0xx_hal_cortex.o
 .comment       0x00000000       0x71 ./system/src/stm32f0xx/stm32f0xx_hal_dma.o
 .comment       0x00000000       0x71 ./system/src/stm32f0xx/stm32f0xx_hal_gpio.o
 .comment       0x00000000       0x71 ./system/src/stm32f0xx/stm32f0xx_hal_rcc.o
 .comment       0x00000000       0x71 ./system/src/stm32f0xx/stm32f0xx_hal_tim.o
 .comment       0x00000000       0x71 ./system/src/stm32f0xx/stm32f0xx_hal_tim_ex.o
 .comment       0x00000000       0x71 ./system/src/newlib/_exit.o
 .comment       0x00000000       0x71 ./system/src/newlib/_sbrk.o
 .comment       0x00000000       0x71 ./system/src/newlib/_startup.o
 .comment       0x00000000       0x71 ./system/src/newlib/_syscalls.o
 .comment       0x00000000       0x71 ./system/src/diag/Trace.o
 .comment       0x00000000       0x71 ./system/src/diag/trace_impl.o
 .comment       0x00000000       0x71 ./system/src/cortexm/_initialize_hardware.o
 .comment       0x00000000       0x71 ./system/src/cortexm/exception_handlers.o
 .comment       0x00000000       0x71 ./system/src/cmsis/system_stm32f0xx.o
 .comment       0x00000000       0x71 ./src/main.o
 .comment       0x00000000       0x71 ./src/stm32f0xx_hal_msp.o
 .comment       0x00000000       0x71 ./src/stm32f0xx_it.o
 .comment       0x00000000       0x71 ./src/user_funcs.o

.ARM.attributes
                0x00000000       0x2f
 .ARM.attributes
                0x00000000       0x31 ./system/src/stm32f0xx/stm32f0xx_hal.o
 .ARM.attributes
                0x00000031       0x31 ./system/src/stm32f0xx/stm32f0xx_hal_cortex.o
 .ARM.attributes
                0x00000062       0x31 ./system/src/stm32f0xx/stm32f0xx_hal_dma.o
 .ARM.attributes
                0x00000093       0x31 ./system/src/stm32f0xx/stm32f0xx_hal_gpio.o
 .ARM.attributes
                0x000000c4       0x31 ./system/src/stm32f0xx/stm32f0xx_hal_rcc.o
 .ARM.attributes
                0x000000f5       0x31 ./system/src/stm32f0xx/stm32f0xx_hal_tim.o
 .ARM.attributes
                0x00000126       0x31 ./system/src/stm32f0xx/stm32f0xx_hal_tim_ex.o
 .ARM.attributes
                0x00000157       0x31 ./system/src/newlib/_exit.o
 .ARM.attributes
                0x00000188       0x31 ./system/src/newlib/_sbrk.o
 .ARM.attributes
                0x000001b9       0x31 ./system/src/newlib/_startup.o
 .ARM.attributes
                0x000001ea       0x31 ./system/src/newlib/_syscalls.o
 .ARM.attributes
                0x0000021b       0x31 ./system/src/diag/Trace.o
 .ARM.attributes
                0x0000024c       0x31 ./system/src/diag/trace_impl.o
 .ARM.attributes
                0x0000027d       0x31 ./system/src/cortexm/_initialize_hardware.o
 .ARM.attributes
                0x000002ae       0x31 ./system/src/cortexm/exception_handlers.o
 .ARM.attributes
                0x000002df       0x21 ./system/src/cmsis/startup_stm32f030x8.o
 .ARM.attributes
                0x00000300       0x31 ./system/src/cmsis/system_stm32f0xx.o
 .ARM.attributes
                0x00000331       0x31 ./src/main.o
 .ARM.attributes
                0x00000362       0x31 ./src/stm32f0xx_hal_msp.o
 .ARM.attributes
                0x00000393       0x31 ./src/stm32f0xx_it.o
 .ARM.attributes
                0x000003c4       0x31 ./src/user_funcs.o
 .ARM.attributes
                0x000003f5       0x1e /home/adensmore/ARMToolchains/gcc-arm-none-eabi-4_9-2015q3/bin/../lib/gcc/arm-none-eabi/4.9.3/armv6-m/libgcc.a(_udivsi3.o)
 .ARM.attributes
                0x00000413       0x1e /home/adensmore/ARMToolchains/gcc-arm-none-eabi-4_9-2015q3/bin/../lib/gcc/arm-none-eabi/4.9.3/armv6-m/libgcc.a(_divsi3.o)
 .ARM.attributes
                0x00000431       0x1e /home/adensmore/ARMToolchains/gcc-arm-none-eabi-4_9-2015q3/bin/../lib/gcc/arm-none-eabi/4.9.3/armv6-m/libgcc.a(_dvmd_tls.o)
 .ARM.attributes
                0x0000044f       0x2c /home/adensmore/ARMToolchains/gcc-arm-none-eabi-4_9-2015q3/bin/../lib/gcc/arm-none-eabi/4.9.3/../../../../arm-none-eabi/lib/armv6-m/libg_nano.a(lib_a-errno.o)
 .ARM.attributes
                0x0000047b       0x2c /home/adensmore/ARMToolchains/gcc-arm-none-eabi-4_9-2015q3/bin/../lib/gcc/arm-none-eabi/4.9.3/../../../../arm-none-eabi/lib/armv6-m/libg_nano.a(lib_a-impure.o)
 .ARM.attributes
                0x000004a7       0x2c /home/adensmore/ARMToolchains/gcc-arm-none-eabi-4_9-2015q3/bin/../lib/gcc/arm-none-eabi/4.9.3/../../../../arm-none-eabi/lib/armv6-m/libg_nano.a(lib_a-memcpy.o)
 .ARM.attributes
                0x000004d3       0x2c /home/adensmore/ARMToolchains/gcc-arm-none-eabi-4_9-2015q3/bin/../lib/gcc/arm-none-eabi/4.9.3/../../../../arm-none-eabi/lib/armv6-m/libg_nano.a(lib_a-memset.o)
 .ARM.attributes
                0x000004ff       0x2c /home/adensmore/ARMToolchains/gcc-arm-none-eabi-4_9-2015q3/bin/../lib/gcc/arm-none-eabi/4.9.3/../../../../arm-none-eabi/lib/armv6-m/libg_nano.a(lib_a-vsnprintf.o)
 .ARM.attributes
                0x0000052b       0x2c /home/adensmore/ARMToolchains/gcc-arm-none-eabi-4_9-2015q3/bin/../lib/gcc/arm-none-eabi/4.9.3/../../../../arm-none-eabi/lib/armv6-m/libg_nano.a(lib_a-nano-svfprintf.o)
 .ARM.attributes
                0x00000557       0x2c /home/adensmore/ARMToolchains/gcc-arm-none-eabi-4_9-2015q3/bin/../lib/gcc/arm-none-eabi/4.9.3/../../../../arm-none-eabi/lib/armv6-m/libg_nano.a(lib_a-nano-vfprintf_i.o)
 .ARM.attributes
                0x00000583       0x2c /home/adensmore/ARMToolchains/gcc-arm-none-eabi-4_9-2015q3/bin/../lib/gcc/arm-none-eabi/4.9.3/../../../../arm-none-eabi/lib/armv6-m/libg_nano.a(lib_a-memchr.o)
 .ARM.attributes
                0x000005af       0x2c /home/adensmore/ARMToolchains/gcc-arm-none-eabi-4_9-2015q3/bin/../lib/gcc/arm-none-eabi/4.9.3/../../../../arm-none-eabi/lib/armv6-m/libg_nano.a(lib_a-memmove.o)
 .ARM.attributes
                0x000005db       0x2c /home/adensmore/ARMToolchains/gcc-arm-none-eabi-4_9-2015q3/bin/../lib/gcc/arm-none-eabi/4.9.3/../../../../arm-none-eabi/lib/armv6-m/libg_nano.a(lib_a-nano-freer.o)
 .ARM.attributes
                0x00000607       0x2c /home/adensmore/ARMToolchains/gcc-arm-none-eabi-4_9-2015q3/bin/../lib/gcc/arm-none-eabi/4.9.3/../../../../arm-none-eabi/lib/armv6-m/libg_nano.a(lib_a-nano-mallocr.o)
 .ARM.attributes
                0x00000633       0x2c /home/adensmore/ARMToolchains/gcc-arm-none-eabi-4_9-2015q3/bin/../lib/gcc/arm-none-eabi/4.9.3/../../../../arm-none-eabi/lib/armv6-m/libg_nano.a(lib_a-nano-reallocr.o)
 .ARM.attributes
                0x0000065f       0x2c /home/adensmore/ARMToolchains/gcc-arm-none-eabi-4_9-2015q3/bin/../lib/gcc/arm-none-eabi/4.9.3/../../../../arm-none-eabi/lib/armv6-m/libg_nano.a(lib_a-sbrkr.o)
 .ARM.attributes
                0x0000068b       0x2c /home/adensmore/ARMToolchains/gcc-arm-none-eabi-4_9-2015q3/bin/../lib/gcc/arm-none-eabi/4.9.3/../../../../arm-none-eabi/lib/armv6-m/libg_nano.a(lib_a-nano-msizer.o)

.debug
 *(.debug)

.line
 *(.line)

.debug_srcinfo
 *(.debug_srcinfo)

.debug_sfnames
 *(.debug_sfnames)

.debug_aranges  0x00000000      0x950
 *(.debug_aranges)
 .debug_aranges
                0x00000000       0xa0 ./system/src/stm32f0xx/stm32f0xx_hal.o
 .debug_aranges
                0x000000a0       0x78 ./system/src/stm32f0xx/stm32f0xx_hal_cortex.o
 .debug_aranges
                0x00000118       0x60 ./system/src/stm32f0xx/stm32f0xx_hal_dma.o
 .debug_aranges
                0x00000178       0x58 ./system/src/stm32f0xx/stm32f0xx_hal_gpio.o
 .debug_aranges
                0x000001d0       0x80 ./system/src/stm32f0xx/stm32f0xx_hal_rcc.o
 .debug_aranges
                0x00000250      0x330 ./system/src/stm32f0xx/stm32f0xx_hal_tim.o
 .debug_aranges
                0x00000580      0x140 ./system/src/stm32f0xx/stm32f0xx_hal_tim_ex.o
 .debug_aranges
                0x000006c0       0x28 ./system/src/newlib/_exit.o
 .debug_aranges
                0x000006e8       0x20 ./system/src/newlib/_sbrk.o
 .debug_aranges
                0x00000708       0x40 ./system/src/newlib/_startup.o
 .debug_aranges
                0x00000748       0x30 ./system/src/newlib/_syscalls.o
 .debug_aranges
                0x00000778       0x38 ./system/src/diag/Trace.o
 .debug_aranges
                0x000007b0       0x28 ./system/src/diag/trace_impl.o
 .debug_aranges
                0x000007d8       0x28 ./system/src/cortexm/_initialize_hardware.o
 .debug_aranges
                0x00000800       0x58 ./system/src/cortexm/exception_handlers.o
 .debug_aranges
                0x00000858       0x28 ./system/src/cmsis/startup_stm32f030x8.o
 .debug_aranges
                0x00000880       0x28 ./system/src/cmsis/system_stm32f0xx.o
 .debug_aranges
                0x000008a8       0x28 ./src/main.o
 .debug_aranges
                0x000008d0       0x30 ./src/stm32f0xx_hal_msp.o
 .debug_aranges
                0x00000900       0x30 ./src/stm32f0xx_it.o
 .debug_aranges
                0x00000930       0x20 ./src/user_funcs.o

.debug_pubnames
 *(.debug_pubnames)

.debug_info     0x00000000     0x9d01
 *(.debug_info .gnu.linkonce.wi.*)
 .debug_info    0x00000000      0x5ac ./system/src/stm32f0xx/stm32f0xx_hal.o
 .debug_info    0x000005ac      0x754 ./system/src/stm32f0xx/stm32f0xx_hal_cortex.o
 .debug_info    0x00000d00      0x617 ./system/src/stm32f0xx/stm32f0xx_hal_dma.o
 .debug_info    0x00001317      0x5cd ./system/src/stm32f0xx/stm32f0xx_hal_gpio.o
 .debug_info    0x000018e4      0x9ae ./system/src/stm32f0xx/stm32f0xx_hal_rcc.o
 .debug_info    0x00002292     0x3173 ./system/src/stm32f0xx/stm32f0xx_hal_tim.o
 .debug_info    0x00005405     0x1235 ./system/src/stm32f0xx/stm32f0xx_hal_tim_ex.o
 .debug_info    0x0000663a      0x100 ./system/src/newlib/_exit.o
 .debug_info    0x0000673a      0x125 ./system/src/newlib/_sbrk.o
 .debug_info    0x0000685f      0x46c ./system/src/newlib/_startup.o
 .debug_info    0x00006ccb      0x1bc ./system/src/newlib/_syscalls.o
 .debug_info    0x00006e87      0x32b ./system/src/diag/Trace.o
 .debug_info    0x000071b2       0xf8 ./system/src/diag/trace_impl.o
 .debug_info    0x000072aa       0xc3 ./system/src/cortexm/_initialize_hardware.o
 .debug_info    0x0000736d      0x340 ./system/src/cortexm/exception_handlers.o
 .debug_info    0x000076ad       0x78 ./system/src/cmsis/startup_stm32f030x8.o
 .debug_info    0x00007725      0x201 ./system/src/cmsis/system_stm32f0xx.o
 .debug_info    0x00007926      0xff2 ./src/main.o
 .debug_info    0x00008918      0x9ca ./src/stm32f0xx_hal_msp.o
 .debug_info    0x000092e2      0x304 ./src/stm32f0xx_it.o
 .debug_info    0x000095e6      0x71b ./src/user_funcs.o

.debug_abbrev   0x00000000     0x1f78
 *(.debug_abbrev)
 .debug_abbrev  0x00000000      0x208 ./system/src/stm32f0xx/stm32f0xx_hal.o
 .debug_abbrev  0x00000208      0x21d ./system/src/stm32f0xx/stm32f0xx_hal_cortex.o
 .debug_abbrev  0x00000425      0x1bc ./system/src/stm32f0xx/stm32f0xx_hal_dma.o
 .debug_abbrev  0x000005e1      0x1d2 ./system/src/stm32f0xx/stm32f0xx_hal_gpio.o
 .debug_abbrev  0x000007b3      0x260 ./system/src/stm32f0xx/stm32f0xx_hal_rcc.o
 .debug_abbrev  0x00000a13      0x2b2 ./system/src/stm32f0xx/stm32f0xx_hal_tim.o
 .debug_abbrev  0x00000cc5      0x22a ./system/src/stm32f0xx/stm32f0xx_hal_tim_ex.o
 .debug_abbrev  0x00000eef       0xa4 ./system/src/newlib/_exit.o
 .debug_abbrev  0x00000f93       0xbb ./system/src/newlib/_sbrk.o
 .debug_abbrev  0x0000104e      0x1e9 ./system/src/newlib/_startup.o
 .debug_abbrev  0x00001237       0xee ./system/src/newlib/_syscalls.o
 .debug_abbrev  0x00001325      0x178 ./system/src/diag/Trace.o
 .debug_abbrev  0x0000149d       0x9c ./system/src/diag/trace_impl.o
 .debug_abbrev  0x00001539       0x63 ./system/src/cortexm/_initialize_hardware.o
 .debug_abbrev  0x0000159c      0x165 ./system/src/cortexm/exception_handlers.o
 .debug_abbrev  0x00001701       0x12 ./system/src/cmsis/startup_stm32f030x8.o
 .debug_abbrev  0x00001713       0xf3 ./system/src/cmsis/system_stm32f0xx.o
 .debug_abbrev  0x00001806      0x28d ./src/main.o
 .debug_abbrev  0x00001a93      0x1d9 ./src/stm32f0xx_hal_msp.o
 .debug_abbrev  0x00001c6c      0x11a ./src/stm32f0xx_it.o
 .debug_abbrev  0x00001d86      0x1f2 ./src/user_funcs.o

.debug_line     0x00000000     0x7321
 *(.debug_line)
 .debug_line    0x00000000      0x64f ./system/src/stm32f0xx/stm32f0xx_hal.o
 .debug_line    0x0000064f      0x66c ./system/src/stm32f0xx/stm32f0xx_hal_cortex.o
 .debug_line    0x00000cbb      0x8bf ./system/src/stm32f0xx/stm32f0xx_hal_dma.o
 .debug_line    0x0000157a      0x642 ./system/src/stm32f0xx/stm32f0xx_hal_gpio.o
 .debug_line    0x00001bbc      0x7ee ./system/src/stm32f0xx/stm32f0xx_hal_rcc.o
 .debug_line    0x000023aa     0x150f ./system/src/stm32f0xx/stm32f0xx_hal_tim.o
 .debug_line    0x000038b9      0xa4a ./system/src/stm32f0xx/stm32f0xx_hal_tim_ex.o
 .debug_line    0x00004303      0x2d6 ./system/src/newlib/_exit.o
 .debug_line    0x000045d9      0x283 ./system/src/newlib/_sbrk.o
 .debug_line    0x0000485c      0x32e ./system/src/newlib/_startup.o
 .debug_line    0x00004b8a      0x3b5 ./system/src/newlib/_syscalls.o
 .debug_line    0x00004f3f      0x32b ./system/src/diag/Trace.o
 .debug_line    0x0000526a      0x364 ./system/src/diag/trace_impl.o
 .debug_line    0x000055ce      0x18d ./system/src/cortexm/_initialize_hardware.o
 .debug_line    0x0000575b      0x422 ./system/src/cortexm/exception_handlers.o
 .debug_line    0x00005b7d       0x8c ./system/src/cmsis/startup_stm32f030x8.o
 .debug_line    0x00005c09      0x193 ./system/src/cmsis/system_stm32f0xx.o
 .debug_line    0x00005d9c      0x597 ./src/main.o
 .debug_line    0x00006333      0x572 ./src/stm32f0xx_hal_msp.o
 .debug_line    0x000068a5      0x549 ./src/stm32f0xx_it.o
 .debug_line    0x00006dee      0x533 ./src/user_funcs.o

.debug_frame    0x00000000     0x18bc
 *(.debug_frame)
 .debug_frame   0x00000000      0x144 ./system/src/stm32f0xx/stm32f0xx_hal.o
 .debug_frame   0x00000144       0xe4 ./system/src/stm32f0xx/stm32f0xx_hal_cortex.o
 .debug_frame   0x00000228       0xec ./system/src/stm32f0xx/stm32f0xx_hal_dma.o
 .debug_frame   0x00000314       0xc8 ./system/src/stm32f0xx/stm32f0xx_hal_gpio.o
 .debug_frame   0x000003dc      0x130 ./system/src/stm32f0xx/stm32f0xx_hal_rcc.o
 .debug_frame   0x0000050c      0x8ec ./system/src/stm32f0xx/stm32f0xx_hal_tim.o
 .debug_frame   0x00000df8      0x388 ./system/src/stm32f0xx/stm32f0xx_hal_tim_ex.o
 .debug_frame   0x00001180       0x38 ./system/src/newlib/_exit.o
 .debug_frame   0x000011b8       0x28 ./system/src/newlib/_sbrk.o
 .debug_frame   0x000011e0       0x88 ./system/src/newlib/_startup.o
 .debug_frame   0x00001268       0x50 ./system/src/newlib/_syscalls.o
 .debug_frame   0x000012b8       0x78 ./system/src/diag/Trace.o
 .debug_frame   0x00001330       0x30 ./system/src/diag/trace_impl.o
 .debug_frame   0x00001360       0x40 ./system/src/cortexm/_initialize_hardware.o
 .debug_frame   0x000013a0       0xb0 ./system/src/cortexm/exception_handlers.o
 .debug_frame   0x00001450       0x38 ./system/src/cmsis/system_stm32f0xx.o
 .debug_frame   0x00001488       0x5c ./src/main.o
 .debug_frame   0x000014e4       0x6c ./src/stm32f0xx_hal_msp.o
 .debug_frame   0x00001550       0x58 ./src/stm32f0xx_it.o
 .debug_frame   0x000015a8       0x3c ./src/user_funcs.o
 .debug_frame   0x000015e4       0x20 /home/adensmore/ARMToolchains/gcc-arm-none-eabi-4_9-2015q3/bin/../lib/gcc/arm-none-eabi/4.9.3/armv6-m/libgcc.a(_udivsi3.o)
 .debug_frame   0x00001604       0x20 /home/adensmore/ARMToolchains/gcc-arm-none-eabi-4_9-2015q3/bin/../lib/gcc/arm-none-eabi/4.9.3/armv6-m/libgcc.a(_divsi3.o)
 .debug_frame   0x00001624       0x20 /home/adensmore/ARMToolchains/gcc-arm-none-eabi-4_9-2015q3/bin/../lib/gcc/arm-none-eabi/4.9.3/../../../../arm-none-eabi/lib/armv6-m/libg_nano.a(lib_a-errno.o)
 .debug_frame   0x00001644       0x28 /home/adensmore/ARMToolchains/gcc-arm-none-eabi-4_9-2015q3/bin/../lib/gcc/arm-none-eabi/4.9.3/../../../../arm-none-eabi/lib/armv6-m/libg_nano.a(lib_a-memcpy.o)
 .debug_frame   0x0000166c       0x20 /home/adensmore/ARMToolchains/gcc-arm-none-eabi-4_9-2015q3/bin/../lib/gcc/arm-none-eabi/4.9.3/../../../../arm-none-eabi/lib/armv6-m/libg_nano.a(lib_a-memset.o)
 .debug_frame   0x0000168c       0x4c /home/adensmore/ARMToolchains/gcc-arm-none-eabi-4_9-2015q3/bin/../lib/gcc/arm-none-eabi/4.9.3/../../../../arm-none-eabi/lib/armv6-m/libg_nano.a(lib_a-vsnprintf.o)
 .debug_frame   0x000016d8       0x74 /home/adensmore/ARMToolchains/gcc-arm-none-eabi-4_9-2015q3/bin/../lib/gcc/arm-none-eabi/4.9.3/../../../../arm-none-eabi/lib/armv6-m/libg_nano.a(lib_a-nano-svfprintf.o)
 .debug_frame   0x0000174c       0x54 /home/adensmore/ARMToolchains/gcc-arm-none-eabi-4_9-2015q3/bin/../lib/gcc/arm-none-eabi/4.9.3/../../../../arm-none-eabi/lib/armv6-m/libg_nano.a(lib_a-nano-vfprintf_i.o)
 .debug_frame   0x000017a0       0x20 /home/adensmore/ARMToolchains/gcc-arm-none-eabi-4_9-2015q3/bin/../lib/gcc/arm-none-eabi/4.9.3/../../../../arm-none-eabi/lib/armv6-m/libg_nano.a(lib_a-memchr.o)
 .debug_frame   0x000017c0       0x28 /home/adensmore/ARMToolchains/gcc-arm-none-eabi-4_9-2015q3/bin/../lib/gcc/arm-none-eabi/4.9.3/../../../../arm-none-eabi/lib/armv6-m/libg_nano.a(lib_a-memmove.o)
 .debug_frame   0x000017e8       0x2c /home/adensmore/ARMToolchains/gcc-arm-none-eabi-4_9-2015q3/bin/../lib/gcc/arm-none-eabi/4.9.3/../../../../arm-none-eabi/lib/armv6-m/libg_nano.a(lib_a-nano-freer.o)
 .debug_frame   0x00001814       0x2c /home/adensmore/ARMToolchains/gcc-arm-none-eabi-4_9-2015q3/bin/../lib/gcc/arm-none-eabi/4.9.3/../../../../arm-none-eabi/lib/armv6-m/libg_nano.a(lib_a-nano-mallocr.o)
 .debug_frame   0x00001840       0x30 /home/adensmore/ARMToolchains/gcc-arm-none-eabi-4_9-2015q3/bin/../lib/gcc/arm-none-eabi/4.9.3/../../../../arm-none-eabi/lib/armv6-m/libg_nano.a(lib_a-nano-reallocr.o)
 .debug_frame   0x00001870       0x2c /home/adensmore/ARMToolchains/gcc-arm-none-eabi-4_9-2015q3/bin/../lib/gcc/arm-none-eabi/4.9.3/../../../../arm-none-eabi/lib/armv6-m/libg_nano.a(lib_a-sbrkr.o)
 .debug_frame   0x0000189c       0x20 /home/adensmore/ARMToolchains/gcc-arm-none-eabi-4_9-2015q3/bin/../lib/gcc/arm-none-eabi/4.9.3/../../../../arm-none-eabi/lib/armv6-m/libg_nano.a(lib_a-nano-msizer.o)

.debug_str      0x00000000    0x45112
 *(.debug_str)
 .debug_str     0x00000000    0x402d6 ./system/src/stm32f0xx/stm32f0xx_hal.o
                              0x4067c (size before relaxing)
 .debug_str     0x000402d6      0x1d8 ./system/src/stm32f0xx/stm32f0xx_hal_cortex.o
                              0x4053c (size before relaxing)
 .debug_str     0x000404ae      0x30a ./system/src/stm32f0xx/stm32f0xx_hal_dma.o
                              0x4047e (size before relaxing)
 .debug_str     0x000407b8      0x2d0 ./system/src/stm32f0xx/stm32f0xx_hal_gpio.o
                              0x40477 (size before relaxing)
 .debug_str     0x00040a88      0x336 ./system/src/stm32f0xx/stm32f0xx_hal_rcc.o
                              0x405b8 (size before relaxing)
 .debug_str     0x00040dbe      0xe86 ./system/src/stm32f0xx/stm32f0xx_hal_tim.o
                              0x4126d (size before relaxing)
 .debug_str     0x00041c44      0x4e0 ./system/src/stm32f0xx/stm32f0xx_hal_tim_ex.o
                              0x40b23 (size before relaxing)
 .debug_str     0x00042124     0x1090 ./system/src/newlib/_exit.o
                               0x5e75 (size before relaxing)
 .debug_str     0x000431b4      0x4de ./system/src/newlib/_sbrk.o
                               0x5286 (size before relaxing)
 .debug_str     0x00043692      0x266 ./system/src/newlib/_startup.o
                               0x4e5e (size before relaxing)
 .debug_str     0x000438f8     0x11be ./system/src/newlib/_syscalls.o
                               0x6486 (size before relaxing)
 .debug_str     0x00044ab6      0x191 ./system/src/diag/Trace.o
                               0x6796 (size before relaxing)
 .debug_str     0x00044c47       0x42 ./system/src/diag/trace_impl.o
                              0x1a49c (size before relaxing)
 .debug_str     0x00044c89       0x4e ./system/src/cortexm/_initialize_hardware.o
                              0x17782 (size before relaxing)
 .debug_str     0x00044cd7      0x166 ./system/src/cortexm/exception_handlers.o
                              0x1b1f2 (size before relaxing)
 .debug_str     0x00044e3d       0x46 ./system/src/cmsis/system_stm32f0xx.o
                              0x1781c (size before relaxing)
 .debug_str     0x00044e83      0x19f ./src/main.o
                              0x40c1e (size before relaxing)
 .debug_str     0x00045022       0x24 ./src/stm32f0xx_hal_msp.o
                              0x407f0 (size before relaxing)
 .debug_str     0x00045046       0x43 ./src/stm32f0xx_it.o
                              0x40388 (size before relaxing)
 .debug_str     0x00045089       0x89 ./src/user_funcs.o
                              0x40689 (size before relaxing)

.debug_loc      0x00000000     0x5faa
 *(.debug_loc)
 .debug_loc     0x00000000       0x6a ./system/src/stm32f0xx/stm32f0xx_hal.o
 .debug_loc     0x0000006a      0x268 ./system/src/stm32f0xx/stm32f0xx_hal_cortex.o
 .debug_loc     0x000002d2      0x50f ./system/src/stm32f0xx/stm32f0xx_hal_dma.o
 .debug_loc     0x000007e1      0x36b ./system/src/stm32f0xx/stm32f0xx_hal_gpio.o
 .debug_loc     0x00000b4c      0x4d2 ./system/src/stm32f0xx/stm32f0xx_hal_rcc.o
 .debug_loc     0x0000101e     0x3aab ./system/src/stm32f0xx/stm32f0xx_hal_tim.o
 .debug_loc     0x00004ac9      0xd8e ./system/src/stm32f0xx/stm32f0xx_hal_tim_ex.o
 .debug_loc     0x00005857       0x5f ./system/src/newlib/_sbrk.o
 .debug_loc     0x000058b6      0x219 ./system/src/newlib/_startup.o
 .debug_loc     0x00005acf       0x63 ./system/src/newlib/_syscalls.o
 .debug_loc     0x00005b32      0x102 ./system/src/diag/Trace.o
 .debug_loc     0x00005c34       0x21 ./system/src/diag/trace_impl.o
 .debug_loc     0x00005c55       0x94 ./system/src/cortexm/exception_handlers.o
 .debug_loc     0x00005ce9      0x131 ./system/src/cmsis/system_stm32f0xx.o
 .debug_loc     0x00005e1a       0x84 ./src/stm32f0xx_hal_msp.o
 .debug_loc     0x00005e9e      0x10c ./src/user_funcs.o

.debug_macinfo
 *(.debug_macinfo)

.debug_weaknames
 *(.debug_weaknames)

.debug_funcnames
 *(.debug_funcnames)

.debug_typenames
 *(.debug_typenames)

.debug_varnames
 *(.debug_varnames)
OUTPUT(pwm_dmaTM1.elf elf32-littlearm)

.debug_ranges   0x00000000      0x808
 .debug_ranges  0x00000000       0x90 ./system/src/stm32f0xx/stm32f0xx_hal.o
 .debug_ranges  0x00000090       0x68 ./system/src/stm32f0xx/stm32f0xx_hal_cortex.o
 .debug_ranges  0x000000f8       0x50 ./system/src/stm32f0xx/stm32f0xx_hal_dma.o
 .debug_ranges  0x00000148       0x48 ./system/src/stm32f0xx/stm32f0xx_hal_gpio.o
 .debug_ranges  0x00000190       0x70 ./system/src/stm32f0xx/stm32f0xx_hal_rcc.o
 .debug_ranges  0x00000200      0x320 ./system/src/stm32f0xx/stm32f0xx_hal_tim.o
 .debug_ranges  0x00000520      0x130 ./system/src/stm32f0xx/stm32f0xx_hal_tim_ex.o
 .debug_ranges  0x00000650       0x18 ./system/src/newlib/_exit.o
 .debug_ranges  0x00000668       0x10 ./system/src/newlib/_sbrk.o
 .debug_ranges  0x00000678       0x30 ./system/src/newlib/_startup.o
 .debug_ranges  0x000006a8       0x20 ./system/src/newlib/_syscalls.o
 .debug_ranges  0x000006c8       0x28 ./system/src/diag/Trace.o
 .debug_ranges  0x000006f0       0x18 ./system/src/diag/trace_impl.o
 .debug_ranges  0x00000708       0x18 ./system/src/cortexm/_initialize_hardware.o
 .debug_ranges  0x00000720       0x48 ./system/src/cortexm/exception_handlers.o
 .debug_ranges  0x00000768       0x20 ./system/src/cmsis/startup_stm32f030x8.o
 .debug_ranges  0x00000788       0x18 ./system/src/cmsis/system_stm32f0xx.o
 .debug_ranges  0x000007a0       0x18 ./src/main.o
 .debug_ranges  0x000007b8       0x20 ./src/stm32f0xx_hal_msp.o
 .debug_ranges  0x000007d8       0x20 ./src/stm32f0xx_it.o
 .debug_ranges  0x000007f8       0x10 ./src/user_funcs.o

.debug_macro    0x00000000     0xc5d1
 .debug_macro   0x00000000      0x262 ./system/src/stm32f0xx/stm32f0xx_hal.o
 .debug_macro   0x00000262      0x832 ./system/src/stm32f0xx/stm32f0xx_hal.o
 .debug_macro   0x00000a94       0x9e ./system/src/stm32f0xx/stm32f0xx_hal.o
 .debug_macro   0x00000b32       0x2e ./system/src/stm32f0xx/stm32f0xx_hal.o
 .debug_macro   0x00000b60       0x22 ./system/src/stm32f0xx/stm32f0xx_hal.o
 .debug_macro   0x00000b82      0x34e ./system/src/stm32f0xx/stm32f0xx_hal.o
 .debug_macro   0x00000ed0       0x35 ./system/src/stm32f0xx/stm32f0xx_hal.o
 .debug_macro   0x00000f05       0x26 ./system/src/stm32f0xx/stm32f0xx_hal.o
 .debug_macro   0x00000f2b      0x30d ./system/src/stm32f0xx/stm32f0xx_hal.o
 .debug_macro   0x00001238     0x33f8 ./system/src/stm32f0xx/stm32f0xx_hal.o
 .debug_macro   0x00004630       0x3c ./system/src/stm32f0xx/stm32f0xx_hal.o
 .debug_macro   0x0000466c     0x2ac7 ./system/src/stm32f0xx/stm32f0xx_hal.o
 .debug_macro   0x00007133       0x58 ./system/src/stm32f0xx/stm32f0xx_hal.o
 .debug_macro   0x0000718b       0x22 ./system/src/stm32f0xx/stm32f0xx_hal.o
 .debug_macro   0x000071ad       0x35 ./system/src/stm32f0xx/stm32f0xx_hal.o
 .debug_macro   0x000071e2       0x9c ./system/src/stm32f0xx/stm32f0xx_hal.o
 .debug_macro   0x0000727e       0x16 ./system/src/stm32f0xx/stm32f0xx_hal.o
 .debug_macro   0x00007294       0x4a ./system/src/stm32f0xx/stm32f0xx_hal.o
 .debug_macro   0x000072de       0x97 ./system/src/stm32f0xx/stm32f0xx_hal.o
 .debug_macro   0x00007375      0x27a ./system/src/stm32f0xx/stm32f0xx_hal.o
 .debug_macro   0x000075ef       0xf6 ./system/src/stm32f0xx/stm32f0xx_hal.o
 .debug_macro   0x000076e5       0x10 ./system/src/stm32f0xx/stm32f0xx_hal.o
 .debug_macro   0x000076f5       0x52 ./system/src/stm32f0xx/stm32f0xx_hal.o
 .debug_macro   0x00007747       0x16 ./system/src/stm32f0xx/stm32f0xx_hal.o
 .debug_macro   0x0000775d       0x43 ./system/src/stm32f0xx/stm32f0xx_hal.o
 .debug_macro   0x000077a0      0x180 ./system/src/stm32f0xx/stm32f0xx_hal.o
 .debug_macro   0x00007920       0x10 ./system/src/stm32f0xx/stm32f0xx_hal.o
 .debug_macro   0x00007930       0x22 ./system/src/stm32f0xx/stm32f0xx_hal.o
 .debug_macro   0x00007952       0x22 ./system/src/stm32f0xx/stm32f0xx_hal.o
 .debug_macro   0x00007974       0xbe ./system/src/stm32f0xx/stm32f0xx_hal.o
 .debug_macro   0x00007a32       0x16 ./system/src/stm32f0xx/stm32f0xx_hal.o
 .debug_macro   0x00007a48      0x197 ./system/src/stm32f0xx/stm32f0xx_hal.o
 .debug_macro   0x00007bdf       0x50 ./system/src/stm32f0xx/stm32f0xx_hal.o
 .debug_macro   0x00007c2f      0x936 ./system/src/stm32f0xx/stm32f0xx_hal.o
 .debug_macro   0x00008565      0x16a ./system/src/stm32f0xx/stm32f0xx_hal.o
 .debug_macro   0x000086cf      0x13a ./system/src/stm32f0xx/stm32f0xx_hal.o
 .debug_macro   0x00008809       0xdf ./system/src/stm32f0xx/stm32f0xx_hal.o
 .debug_macro   0x000088e8      0x1d8 ./system/src/stm32f0xx/stm32f0xx_hal.o
 .debug_macro   0x00008ac0       0x2d ./system/src/stm32f0xx/stm32f0xx_hal.o
 .debug_macro   0x00008aed       0x43 ./system/src/stm32f0xx/stm32f0xx_hal.o
 .debug_macro   0x00008b30       0x31 ./system/src/stm32f0xx/stm32f0xx_hal.o
 .debug_macro   0x00008b61       0xb6 ./system/src/stm32f0xx/stm32f0xx_hal.o
 .debug_macro   0x00008c17      0x199 ./system/src/stm32f0xx/stm32f0xx_hal.o
 .debug_macro   0x00008db0       0x4d ./system/src/stm32f0xx/stm32f0xx_hal.o
 .debug_macro   0x00008dfd       0x2a ./system/src/stm32f0xx/stm32f0xx_hal.o
 .debug_macro   0x00008e27      0x829 ./system/src/stm32f0xx/stm32f0xx_hal.o
 .debug_macro   0x00009650       0x32 ./system/src/stm32f0xx/stm32f0xx_hal.o
 .debug_macro   0x00009682       0xf8 ./system/src/stm32f0xx/stm32f0xx_hal.o
 .debug_macro   0x0000977a      0x23e ./system/src/stm32f0xx/stm32f0xx_hal_cortex.o
 .debug_macro   0x000099b8      0x244 ./system/src/stm32f0xx/stm32f0xx_hal_dma.o
 .debug_macro   0x00009bfc      0x277 ./system/src/stm32f0xx/stm32f0xx_hal_gpio.o
 .debug_macro   0x00009e73      0x250 ./system/src/stm32f0xx/stm32f0xx_hal_rcc.o
 .debug_macro   0x0000a0c3      0x23f ./system/src/stm32f0xx/stm32f0xx_hal_tim.o
 .debug_macro   0x0000a302      0x23e ./system/src/stm32f0xx/stm32f0xx_hal_tim_ex.o
 .debug_macro   0x0000a540      0x131 ./system/src/newlib/_exit.o
 .debug_macro   0x0000a671      0x10e ./system/src/newlib/_exit.o
 .debug_macro   0x0000a77f       0x86 ./system/src/newlib/_exit.o
 .debug_macro   0x0000a805       0x35 ./system/src/newlib/_exit.o
 .debug_macro   0x0000a83a       0xed ./system/src/newlib/_sbrk.o
 .debug_macro   0x0000a927      0x16d ./system/src/newlib/_sbrk.o
 .debug_macro   0x0000aa94       0x10 ./system/src/newlib/_sbrk.o
 .debug_macro   0x0000aaa4      0x23b ./system/src/newlib/_sbrk.o
 .debug_macro   0x0000acdf       0xf7 ./system/src/newlib/_startup.o
 .debug_macro   0x0000add6      0x1ad ./system/src/newlib/_syscalls.o
 .debug_macro   0x0000af83       0x1c ./system/src/newlib/_syscalls.o
 .debug_macro   0x0000af9f       0x10 ./system/src/newlib/_syscalls.o
 .debug_macro   0x0000afaf       0x10 ./system/src/newlib/_syscalls.o
 .debug_macro   0x0000afbf       0x10 ./system/src/newlib/_syscalls.o
 .debug_macro   0x0000afcf       0x10 ./system/src/newlib/_syscalls.o
 .debug_macro   0x0000afdf       0x35 ./system/src/newlib/_syscalls.o
 .debug_macro   0x0000b014      0x122 ./system/src/newlib/_syscalls.o
 .debug_macro   0x0000b136       0x2e ./system/src/newlib/_syscalls.o
 .debug_macro   0x0000b164       0x82 ./system/src/newlib/_syscalls.o
 .debug_macro   0x0000b1e6       0x2b ./system/src/newlib/_syscalls.o
 .debug_macro   0x0000b211      0x118 ./system/src/newlib/_syscalls.o
 .debug_macro   0x0000b329      0x159 ./system/src/newlib/_syscalls.o
 .debug_macro   0x0000b482       0x16 ./system/src/newlib/_syscalls.o
 .debug_macro   0x0000b498      0x15e ./system/src/diag/Trace.o
 .debug_macro   0x0000b5f6       0x52 ./system/src/diag/Trace.o
 .debug_macro   0x0000b648       0x16 ./system/src/diag/Trace.o
 .debug_macro   0x0000b65e      0x16a ./system/src/diag/trace_impl.o
 .debug_macro   0x0000b7c8       0x10 ./system/src/diag/trace_impl.o
 .debug_macro   0x0000b7d8       0xc8 ./system/src/diag/trace_impl.o
 .debug_macro   0x0000b8a0       0x19 ./system/src/diag/trace_impl.o
 .debug_macro   0x0000b8b9       0xbe ./system/src/diag/trace_impl.o
 .debug_macro   0x0000b977       0x88 ./system/src/cortexm/_initialize_hardware.o
 .debug_macro   0x0000b9ff      0x1b1 ./system/src/cortexm/exception_handlers.o
 .debug_macro   0x0000bbb0       0x3b ./system/src/cortexm/exception_handlers.o
 .debug_macro   0x0000bbeb       0x22 ./system/src/cortexm/exception_handlers.o
 .debug_macro   0x0000bc0d       0x10 ./system/src/cortexm/exception_handlers.o
 .debug_macro   0x0000bc1d       0x8a ./system/src/cmsis/system_stm32f0xx.o
 .debug_macro   0x0000bca7      0x247 ./src/main.o
 .debug_macro   0x0000beee       0x16 ./src/main.o
 .debug_macro   0x0000bf04      0x23e ./src/stm32f0xx_hal_msp.o
 .debug_macro   0x0000c142      0x248 ./src/stm32f0xx_it.o
 .debug_macro   0x0000c38a      0x247 ./src/user_funcs.o
