Archive member included because of file (symbol)

/home/adensmore/ARMToolchains/gcc-arm-none-eabi-4_9-2015q3/bin/../lib/gcc/arm-none-eabi/4.9.3/armv6-m/libgcc.a(_thumb1_case_uqi.o)
                              ./system/src/stm32f0xx/stm32f0xx_hal_tim.o (__gnu_thumb1_case_uqi)
/home/adensmore/ARMToolchains/gcc-arm-none-eabi-4_9-2015q3/bin/../lib/gcc/arm-none-eabi/4.9.3/armv6-m/libgcc.a(_udivsi3.o)
                              ./system/src/stm32f0xx/stm32f0xx_hal.o (__aeabi_uidiv)
/home/adensmore/ARMToolchains/gcc-arm-none-eabi-4_9-2015q3/bin/../lib/gcc/arm-none-eabi/4.9.3/armv6-m/libgcc.a(_divsi3.o)
                              ./src/main.o (__aeabi_idiv)
/home/adensmore/ARMToolchains/gcc-arm-none-eabi-4_9-2015q3/bin/../lib/gcc/arm-none-eabi/4.9.3/armv6-m/libgcc.a(_dvmd_tls.o)
                              /home/adensmore/ARMToolchains/gcc-arm-none-eabi-4_9-2015q3/bin/../lib/gcc/arm-none-eabi/4.9.3/armv6-m/libgcc.a(_udivsi3.o) (__aeabi_idiv0)
/home/adensmore/ARMToolchains/gcc-arm-none-eabi-4_9-2015q3/bin/../lib/gcc/arm-none-eabi/4.9.3/armv6-m/libgcc.a(_lshrdi3.o)
                              ./system/src/stm32f0xx/stm32f0xx_hal_flash.o (__aeabi_llsr)
/home/adensmore/ARMToolchains/gcc-arm-none-eabi-4_9-2015q3/bin/../lib/gcc/arm-none-eabi/4.9.3/armv6-m/libgcc.a(unwind-arm.o)
                              ./system/src/newlib/_cxx.o (__aeabi_unwind_cpp_pr1)
/home/adensmore/ARMToolchains/gcc-arm-none-eabi-4_9-2015q3/bin/../lib/gcc/arm-none-eabi/4.9.3/armv6-m/libgcc.a(libunwind.o)
                              /home/adensmore/ARMToolchains/gcc-arm-none-eabi-4_9-2015q3/bin/../lib/gcc/arm-none-eabi/4.9.3/armv6-m/libgcc.a(unwind-arm.o) (restore_core_regs)
/home/adensmore/ARMToolchains/gcc-arm-none-eabi-4_9-2015q3/bin/../lib/gcc/arm-none-eabi/4.9.3/armv6-m/libgcc.a(pr-support.o)
                              /home/adensmore/ARMToolchains/gcc-arm-none-eabi-4_9-2015q3/bin/../lib/gcc/arm-none-eabi/4.9.3/armv6-m/libgcc.a(unwind-arm.o) (__gnu_unwind_execute)
/home/adensmore/ARMToolchains/gcc-arm-none-eabi-4_9-2015q3/bin/../lib/gcc/arm-none-eabi/4.9.3/../../../../arm-none-eabi/lib/armv6-m/libg_nano.a(lib_a-errno.o)
                              ./system/src/newlib/_sbrk.o (__errno)
/home/adensmore/ARMToolchains/gcc-arm-none-eabi-4_9-2015q3/bin/../lib/gcc/arm-none-eabi/4.9.3/../../../../arm-none-eabi/lib/armv6-m/libg_nano.a(lib_a-impure.o)
                              /home/adensmore/ARMToolchains/gcc-arm-none-eabi-4_9-2015q3/bin/../lib/gcc/arm-none-eabi/4.9.3/../../../../arm-none-eabi/lib/armv6-m/libg_nano.a(lib_a-errno.o) (_impure_ptr)
/home/adensmore/ARMToolchains/gcc-arm-none-eabi-4_9-2015q3/bin/../lib/gcc/arm-none-eabi/4.9.3/../../../../arm-none-eabi/lib/armv6-m/libg_nano.a(lib_a-init.o)
                              ./system/src/cmsis/startup_stm32f030x8.o (__libc_init_array)
/home/adensmore/ARMToolchains/gcc-arm-none-eabi-4_9-2015q3/bin/../lib/gcc/arm-none-eabi/4.9.3/../../../../arm-none-eabi/lib/armv6-m/libg_nano.a(lib_a-memcpy.o)
                              ./system/src/stm32f0xx/stm32f0xx_hal_rcc.o (memcpy)
/home/adensmore/ARMToolchains/gcc-arm-none-eabi-4_9-2015q3/bin/../lib/gcc/arm-none-eabi/4.9.3/../../../../arm-none-eabi/lib/armv6-m/libg_nano.a(lib_a-memset.o)
                              ./src/main.o (memset)

Allocating common symbols
Common symbol       size              file

hdma_tim1_ch1       0x38              ./src/main.o
errno               0x4               ./system/src/newlib/_syscalls.o
hdma_tim1_ch2       0x38              ./src/main.o
pFlash              0x20              ./system/src/stm32f0xx/stm32f0xx_hal_flash.o
htim3               0x3c              ./src/main.o
hdma_tim3_ch1_trig  0x38              ./src/main.o
htim1               0x3c              ./src/main.o

Discarded input sections

 .text          0x00000000        0x0 ./system/src/stm32f0xx/stm32f0xx_hal.o
 .data          0x00000000        0x0 ./system/src/stm32f0xx/stm32f0xx_hal.o
 .bss           0x00000000        0x0 ./system/src/stm32f0xx/stm32f0xx_hal.o
 .text.HAL_MspInit
                0x00000000        0x2 ./system/src/stm32f0xx/stm32f0xx_hal.o
 .text.HAL_MspDeInit
                0x00000000        0x2 ./system/src/stm32f0xx/stm32f0xx_hal.o
 .text.HAL_DeInit
                0x00000000       0x24 ./system/src/stm32f0xx/stm32f0xx_hal.o
 .text.HAL_SuspendTick
                0x00000000       0x10 ./system/src/stm32f0xx/stm32f0xx_hal.o
 .text.HAL_ResumeTick
                0x00000000       0x10 ./system/src/stm32f0xx/stm32f0xx_hal.o
 .text.HAL_GetHalVersion
                0x00000000        0x8 ./system/src/stm32f0xx/stm32f0xx_hal.o
 .text.HAL_GetREVID
                0x00000000        0xc ./system/src/stm32f0xx/stm32f0xx_hal.o
 .text.HAL_GetDEVID
                0x00000000       0x10 ./system/src/stm32f0xx/stm32f0xx_hal.o
 .text.HAL_DBGMCU_EnableDBGStopMode
                0x00000000       0x10 ./system/src/stm32f0xx/stm32f0xx_hal.o
 .text.HAL_DBGMCU_DisableDBGStopMode
[...]
Memory Configuration

Name             Origin             Length             Attributes
FLASH            0x08000000         0x00010000         xr
RAM              0x20000000         0x00002000         xrw
CCMRAM           0x10000000         0x00000000         xrw
FLASHB1          0x00000000         0x00000000         xr
EXTMEMB0         0x00000000         0x00000000         xr
EXTMEMB1         0x00000000         0x00000000         xr
EXTMEMB2         0x00000000         0x00000000         xr
EXTMEMB3         0x00000000         0x00000000         xr
*default*        0x00000000         0xffffffff

Linker script and memory map

LOAD ./system/src/stm32f0xx/stm32f0xx_hal.o
LOAD ./system/src/stm32f0xx/stm32f0xx_hal_adc.o
LOAD ./system/src/stm32f0xx/stm32f0xx_hal_adc_ex.o
LOAD ./system/src/stm32f0xx/stm32f0xx_hal_can.o
LOAD ./system/src/stm32f0xx/stm32f0xx_hal_cec.o
LOAD ./system/src/stm32f0xx/stm32f0xx_hal_comp.o
LOAD ./system/src/stm32f0xx/stm32f0xx_hal_cortex.o
LOAD ./system/src/stm32f0xx/stm32f0xx_hal_crc.o
LOAD ./system/src/stm32f0xx/stm32f0xx_hal_crc_ex.o
LOAD ./system/src/stm32f0xx/stm32f0xx_hal_dac.o
LOAD ./system/src/stm32f0xx/stm32f0xx_hal_dac_ex.o
LOAD ./system/src/stm32f0xx/stm32f0xx_hal_dma.o
LOAD ./system/src/stm32f0xx/stm32f0xx_hal_flash.o
LOAD ./system/src/stm32f0xx/stm32f0xx_hal_flash_ex.o
LOAD ./system/src/stm32f0xx/stm32f0xx_hal_gpio.o
LOAD ./system/src/stm32f0xx/stm32f0xx_hal_i2c.o
LOAD ./system/src/stm32f0xx/stm32f0xx_hal_i2c_ex.o
LOAD ./system/src/stm32f0xx/stm32f0xx_hal_i2s.o
LOAD ./system/src/stm32f0xx/stm32f0xx_hal_irda.o
LOAD ./system/src/stm32f0xx/stm32f0xx_hal_iwdg.o
LOAD ./system/src/stm32f0xx/stm32f0xx_hal_msp_template.o
LOAD ./system/src/stm32f0xx/stm32f0xx_hal_pcd.o
LOAD ./system/src/stm32f0xx/stm32f0xx_hal_pcd_ex.o
LOAD ./system/src/stm32f0xx/stm32f0xx_hal_pwr.o
LOAD ./system/src/stm32f0xx/stm32f0xx_hal_pwr_ex.o
LOAD ./system/src/stm32f0xx/stm32f0xx_hal_rcc.o
LOAD ./system/src/stm32f0xx/stm32f0xx_hal_rcc_ex.o
LOAD ./system/src/stm32f0xx/stm32f0xx_hal_rtc.o
LOAD ./system/src/stm32f0xx/stm32f0xx_hal_rtc_ex.o
LOAD ./system/src/stm32f0xx/stm32f0xx_hal_smartcard.o
LOAD ./system/src/stm32f0xx/stm32f0xx_hal_smartcard_ex.o
LOAD ./system/src/stm32f0xx/stm32f0xx_hal_smbus.o
LOAD ./system/src/stm32f0xx/stm32f0xx_hal_spi.o
LOAD ./system/src/stm32f0xx/stm32f0xx_hal_spi_ex.o
LOAD ./system/src/stm32f0xx/stm32f0xx_hal_tim.o
LOAD ./system/src/stm32f0xx/stm32f0xx_hal_tim_ex.o
LOAD ./system/src/stm32f0xx/stm32f0xx_hal_tsc.o
LOAD ./system/src/stm32f0xx/stm32f0xx_hal_uart.o
LOAD ./system/src/stm32f0xx/stm32f0xx_hal_uart_ex.o
LOAD ./system/src/stm32f0xx/stm32f0xx_hal_usart.o
LOAD ./system/src/stm32f0xx/stm32f0xx_hal_wwdg.o
LOAD ./system/src/newlib/_cxx.o
LOAD ./system/src/newlib/_exit.o
LOAD ./system/src/newlib/_sbrk.o
LOAD ./system/src/newlib/_startup.o
LOAD ./system/src/newlib/_syscalls.o
LOAD ./system/src/newlib/assert.o
LOAD ./system/src/diag/Trace.o
LOAD ./system/src/diag/trace_impl.o
LOAD ./system/src/cortexm/_initialize_hardware.o
LOAD ./system/src/cortexm/_reset_hardware.o
LOAD ./system/src/cortexm/exception_handlers.o
LOAD ./system/src/cmsis/startup_stm32f030x8.o
LOAD ./system/src/cmsis/system_stm32f0xx.o
LOAD ./src/main.o
LOAD ./src/stm32f0xx_hal_msp.o
LOAD ./src/stm32f0xx_it.o
LOAD ./src/user_funcs.o
LOAD /home/adensmore/ARMToolchains/gcc-arm-none-eabi-4_9-2015q3/bin/../lib/gcc/arm-none-eabi/4.9.3/../../../../arm-none-eabi/lib/armv6-m/libstdc++_nano.a
LOAD /home/adensmore/ARMToolchains/gcc-arm-none-eabi-4_9-2015q3/bin/../lib/gcc/arm-none-eabi/4.9.3/../../../../arm-none-eabi/lib/armv6-m/libm.a
START GROUP
LOAD /home/adensmore/ARMToolchains/gcc-arm-none-eabi-4_9-2015q3/bin/../lib/gcc/arm-none-eabi/4.9.3/armv6-m/libgcc.a
LOAD /home/adensmore/ARMToolchains/gcc-arm-none-eabi-4_9-2015q3/bin/../lib/gcc/arm-none-eabi/4.9.3/../../../../arm-none-eabi/lib/armv6-m/libg_nano.a
LOAD /home/adensmore/ARMToolchains/gcc-arm-none-eabi-4_9-2015q3/bin/../lib/gcc/arm-none-eabi/4.9.3/../../../../arm-none-eabi/lib/armv6-m/libc_nano.a
END GROUP
START GROUP
LOAD /home/adensmore/ARMToolchains/gcc-arm-none-eabi-4_9-2015q3/bin/../lib/gcc/arm-none-eabi/4.9.3/armv6-m/libgcc.a
LOAD /home/adensmore/ARMToolchains/gcc-arm-none-eabi-4_9-2015q3/bin/../lib/gcc/arm-none-eabi/4.9.3/../../../../arm-none-eabi/lib/armv6-m/libc_nano.a
END GROUP
                0x20002000                __stack = (ORIGIN (RAM) + 0x2000)
                0x20002000                _estack = __stack
                0x00000400                __Main_Stack_Size = 0x400
                0x00000400                PROVIDE (_Main_Stack_Size, __Main_Stack_Size)
                0x20001c00                __Main_Stack_Limit = (__stack - __Main_Stack_Size)
                0x20001c00                PROVIDE (_Main_Stack_Limit, __Main_Stack_Limit)
                0x00000100                _Minimum_Stack_Size = 0x100
                0x20000144                PROVIDE (_Heap_Begin, _end_noinit)
                0x20001c00                PROVIDE (_Heap_Limit, (__stack - __Main_Stack_Size))

.isr_vector     0x08000000      0x1b0
 FILL mask 0xff
                0x08000000                __vectors_start = ABSOLUTE (.)
                0x08000000                __vectors_start__ = ABSOLUTE (.)
 *(.isr_vector)
 .isr_vector    0x08000000       0xc0 ./system/src/cmsis/startup_stm32f030x8.o
                0x08000000                g_pfnVectors
 *(.cfmconfig)
 *(.after_vectors .after_vectors.*)
 .after_vectors
                0x080000c0       0xc0 ./system/src/newlib/_startup.o
                0x080000c0                _start
 .after_vectors
                0x08000180       0x30 ./system/src/cortexm/exception_handlers.o
                0x08000180                Reset_Handler
                0x08000184                NMI_Handler
                0x08000186                HardFault_Handler
                0x0800019e                HardFault_Handler_C
                0x080001a0                SVC_Handler
                0x080001a2                PendSV_Handler

.inits          0x080001b0       0x28
                0x080001b0                __data_regions_array_start = .
                0x080001b0        0x4 LONG 0x8001af8 LOADADDR (.data)
                0x080001b4        0x4 LONG 0x20000000 ADDR (.data)
                0x080001b8        0x4 LONG 0x2000001c (ADDR (.data) + SIZEOF (.data))
                0x080001bc        0x4 LONG 0x8001af8 LOADADDR (.data_CCMRAM)
                0x080001c0        0x4 LONG 0x10000000 ADDR (.data_CCMRAM)
                0x080001c4        0x4 LONG 0x10000000 (ADDR (.data_CCMRAM) + SIZEOF (.data_CCMRAM))
                0x080001c8                __data_regions_array_end = .
                0x080001c8                __bss_regions_array_start = .
                0x080001c8        0x4 LONG 0x2000001c ADDR (.bss)
                0x080001cc        0x4 LONG 0x20000144 (ADDR (.bss) + SIZEOF (.bss))
                0x080001d0        0x4 LONG 0x10000000 ADDR (.bss_CCMRAM)
                0x080001d4        0x4 LONG 0x10000000 (ADDR (.bss_CCMRAM) + SIZEOF (.bss_CCMRAM))
                0x080001d8                __bss_regions_array_end = .
 *(.init)
 *(.fini)
                0x080001d8                . = ALIGN (0x4)
                0x080001d8                PROVIDE (__preinit_array_start, .)
 *(.preinit_array_sysinit .preinit_array_sysinit.*)
 *(.preinit_array_platform .preinit_array_platform.*)
 *(.preinit_array .preinit_array.*)
                0x080001d8                PROVIDE (__preinit_array_end, .)
                0x080001d8                . = ALIGN (0x4)
                0x080001d8                PROVIDE (__init_array_start, .)
 *(SORT(.init_array.*))
 *(.init_array)
                0x080001d8                PROVIDE (__init_array_end, .)
                0x080001d8                . = ALIGN (0x4)
                0x080001d8                PROVIDE (__fini_array_start, .)
 *(SORT(.fini_array.*))
 *(.fini_array)
                0x080001d8                PROVIDE (__fini_array_end, .)

.flashtext
 *(.flashtext .flashtext.*)

.text           0x080001d8     0x191e
 *(.text .text.*)
 .text.HAL_InitTick
                0x080001d8       0x24 ./system/src/stm32f0xx/stm32f0xx_hal.o
                0x080001d8                HAL_InitTick
 .text.HAL_Init
                0x080001fc       0x20 ./system/src/stm32f0xx/stm32f0xx_hal.o
                0x080001fc                HAL_Init
 .text.HAL_IncTick
                0x0800021c       0x10 ./system/src/stm32f0xx/stm32f0xx_hal.o
                0x0800021c                HAL_IncTick
 .text.HAL_GetTick
                0x0800022c        0xc ./system/src/stm32f0xx/stm32f0xx_hal.o
                0x0800022c                HAL_GetTick
 .text.HAL_Delay
                0x08000238       0x18 ./system/src/stm32f0xx/stm32f0xx_hal.o
                0x08000238                HAL_Delay
 .text.HAL_NVIC_SetPriority
                0x08000250       0x64 ./system/src/stm32f0xx/stm32f0xx_hal_cortex.o
                0x08000250                HAL_NVIC_SetPriority
 .text.HAL_NVIC_EnableIRQ
                0x080002b4       0x14 ./system/src/stm32f0xx/stm32f0xx_hal_cortex.o
                0x080002b4                HAL_NVIC_EnableIRQ
 .text.HAL_SYSTICK_Config
                0x080002c8       0x34 ./system/src/stm32f0xx/stm32f0xx_hal_cortex.o
                0x080002c8                HAL_SYSTICK_Config
 .text.HAL_SYSTICK_CLKSourceConfig
                0x080002fc       0x1c ./system/src/stm32f0xx/stm32f0xx_hal_cortex.o
                0x080002fc                HAL_SYSTICK_CLKSourceConfig
 .text.HAL_SYSTICK_Callback
                0x08000318        0x2 ./system/src/stm32f0xx/stm32f0xx_hal_cortex.o
                0x08000318                HAL_SYSTICK_Callback
 .text.HAL_SYSTICK_IRQHandler
                0x0800031a        0x8 ./system/src/stm32f0xx/stm32f0xx_hal_cortex.o
                0x0800031a                HAL_SYSTICK_IRQHandler
 *fill*         0x08000322        0x2 
 .text.HAL_DMA_Init
                0x08000324       0x50 ./system/src/stm32f0xx/stm32f0xx_hal_dma.o
                0x08000324                HAL_DMA_Init
 .text.HAL_DMA_Start_IT
                0x08000374       0x56 ./system/src/stm32f0xx/stm32f0xx_hal_dma.o
                0x08000374                HAL_DMA_Start_IT
 *fill*         0x080003ca        0x2 
 .text.HAL_DMA_IRQHandler
                0x080003cc      0x1b4 ./system/src/stm32f0xx/stm32f0xx_hal_dma.o
                0x080003cc                HAL_DMA_IRQHandler
 .text.HAL_GPIO_Init
                0x08000580      0x15c ./system/src/stm32f0xx/stm32f0xx_hal_gpio.o
                0x08000580                HAL_GPIO_Init
 .text.HAL_RCC_OscConfig
                0x080006dc      0x3f0 ./system/src/stm32f0xx/stm32f0xx_hal_rcc.o
                0x080006dc                HAL_RCC_OscConfig
 .text.HAL_RCC_ClockConfig
                0x08000acc      0x1a4 ./system/src/stm32f0xx/stm32f0xx_hal_rcc.o
                0x08000acc                HAL_RCC_ClockConfig
 .text.HAL_RCC_GetSysClockFreq
                0x08000c70       0x64 ./system/src/stm32f0xx/stm32f0xx_hal_rcc.o
                0x08000c70                HAL_RCC_GetSysClockFreq
 .text.HAL_RCC_GetHCLKFreq
                0x08000cd4       0x28 ./system/src/stm32f0xx/stm32f0xx_hal_rcc.o
                0x08000cd4                HAL_RCC_GetHCLKFreq
 .text.TIM_OC1_SetConfig
                0x08000cfc       0x88 ./system/src/stm32f0xx/stm32f0xx_hal_tim.o
 .text.TIM_OC3_SetConfig
                0x08000d84       0x8c ./system/src/stm32f0xx/stm32f0xx_hal_tim.o
 .text.TIM_OC4_SetConfig
                0x08000e10       0x74 ./system/src/stm32f0xx/stm32f0xx_hal_tim.o
 .text.HAL_TIM_PWM_PulseFinishedCallback
                0x08000e84        0x2 ./system/src/stm32f0xx/stm32f0xx_hal_tim.o
                0x08000e84                HAL_TIM_PWM_PulseFinishedCallback
 .text.TIM_DMADelayPulseCplt
                0x08000e86       0x3c ./system/src/stm32f0xx/stm32f0xx_hal_tim.o
                0x08000e86                TIM_DMADelayPulseCplt
 .text.HAL_TIM_ErrorCallback
                0x08000ec2        0x2 ./system/src/stm32f0xx/stm32f0xx_hal_tim.o
                0x08000ec2                HAL_TIM_ErrorCallback
 .text.TIM_DMAError
                0x08000ec4       0x12 ./system/src/stm32f0xx/stm32f0xx_hal_tim.o
                0x08000ec4                TIM_DMAError
 *fill*         0x08000ed6        0x2 
 .text.TIM_Base_SetConfig
                0x08000ed8       0x88 ./system/src/stm32f0xx/stm32f0xx_hal_tim.o
                0x08000ed8                TIM_Base_SetConfig
 .text.HAL_TIM_PWM_Init
                0x08000f60       0x36 ./system/src/stm32f0xx/stm32f0xx_hal_tim.o
                0x08000f60                HAL_TIM_PWM_Init
 *fill*         0x08000f96        0x2 
 .text.TIM_OC2_SetConfig
                0x08000f98       0x84 ./system/src/stm32f0xx/stm32f0xx_hal_tim.o
                0x08000f98                TIM_OC2_SetConfig
 .text.HAL_TIM_PWM_ConfigChannel
                0x0800101c       0xcc ./system/src/stm32f0xx/stm32f0xx_hal_tim.o
                0x0800101c                HAL_TIM_PWM_ConfigChannel
 .text.TIM_CCxChannelCmd
                0x080010e8       0x16 ./system/src/stm32f0xx/stm32f0xx_hal_tim.o
                0x080010e8                TIM_CCxChannelCmd
 *fill*         0x080010fe        0x2 
 .text.HAL_TIM_PWM_Start_DMA
                0x08001100      0x108 ./system/src/stm32f0xx/stm32f0xx_hal_tim.o
                0x08001100                HAL_TIM_PWM_Start_DMA
 .text.HAL_TIMEx_MasterConfigSynchronization
                0x08001208       0x42 ./system/src/stm32f0xx/stm32f0xx_hal_tim_ex.o
                0x08001208                HAL_TIMEx_MasterConfigSynchronization
 .text.HAL_TIMEx_ConfigBreakDeadTime
                0x0800124a       0x3e ./system/src/stm32f0xx/stm32f0xx_hal_tim_ex.o
                0x0800124a                HAL_TIMEx_ConfigBreakDeadTime
 .text._exit    0x08001288        0x6 ./system/src/newlib/_exit.o
                0x08001288                _exit
 *fill*         0x0800128e        0x2 
 .text.__initialize_args
                0x08001290       0x10 ./system/src/newlib/_syscalls.o
                0x08001290                __initialize_args
 .text.__initialize_hardware_early
                0x080012a0        0x8 ./system/src/cortexm/_initialize_hardware.o
                0x080012a0                __initialize_hardware_early
 .text.__initialize_hardware
                0x080012a8        0x8 ./system/src/cortexm/_initialize_hardware.o
                0x080012a8                __initialize_hardware
 .text.__reset_hardware
                0x080012b0       0x1c ./system/src/cortexm/_reset_hardware.o
                0x080012b0                __reset_hardware
 .text.Default_Handler
                0x080012cc        0x2 ./system/src/cmsis/startup_stm32f030x8.o
                0x080012cc                TIM1_CC_IRQHandler
                0x080012cc                TIM6_IRQHandler
                0x080012cc                I2C1_IRQHandler
                0x080012cc                SPI1_IRQHandler
                0x080012cc                EXTI2_3_IRQHandler
                0x080012cc                ADC1_IRQHandler
                0x080012cc                I2C2_IRQHandler
                0x080012cc                TIM17_IRQHandler
                0x080012cc                RTC_IRQHandler
                0x080012cc                TIM16_IRQHandler
                0x080012cc                TIM3_IRQHandler
                0x080012cc                EXTI4_15_IRQHandler
                0x080012cc                RCC_IRQHandler
                0x080012cc                DMA1_Channel1_IRQHandler
                0x080012cc                Default_Handler
                0x080012cc                TIM14_IRQHandler
                0x080012cc                TIM15_IRQHandler
                0x080012cc                EXTI0_1_IRQHandler
                0x080012cc                SPI2_IRQHandler
                0x080012cc                WWDG_IRQHandler
                0x080012cc                USART2_IRQHandler
                0x080012cc                FLASH_IRQHandler
                0x080012cc                USART1_IRQHandler
                0x080012cc                TIM1_BRK_UP_TRG_COM_IRQHandler
 *fill*         0x080012ce        0x2 
 .text.SystemInit
                0x080012d0       0x60 ./system/src/cmsis/system_stm32f0xx.o
                0x080012d0                SystemInit
 .text.SystemCoreClockUpdate
                0x08001330       0x64 ./system/src/cmsis/system_stm32f0xx.o
                0x08001330                SystemCoreClockUpdate
 .text.SystemClock_Config
                0x08001394       0x4e ./src/main.o
                0x08001394                SystemClock_Config
 *fill*         0x080013e2        0x2 
 .text.startup.main
                0x080013e4      0x1e8 ./src/main.o
                0x080013e4                main
 .text.HAL_MspInit
                0x080015cc       0x28 ./src/stm32f0xx_hal_msp.o
                0x080015cc                HAL_MspInit
 .text.HAL_TIM_PWM_MspInit
                0x080015f4      0x128 ./src/stm32f0xx_hal_msp.o
                0x080015f4                HAL_TIM_PWM_MspInit
 .text.SysTick_Handler
                0x0800171c        0xc ./src/stm32f0xx_it.o
                0x0800171c                SysTick_Handler
 .text.DMA1_Channel2_3_IRQHandler
                0x08001728       0x18 ./src/stm32f0xx_it.o
                0x08001728                DMA1_Channel2_3_IRQHandler
 .text.DMA1_Channel4_5_IRQHandler
                0x08001740       0x10 ./src/stm32f0xx_it.o
                0x08001740                DMA1_Channel4_5_IRQHandler
 .text          0x08001750       0x14 /home/adensmore/ARMToolchains/gcc-arm-none-eabi-4_9-2015q3/bin/../lib/gcc/arm-none-eabi/4.9.3/armv6-m/libgcc.a(_thumb1_case_uqi.o)
                0x08001750                __gnu_thumb1_case_uqi
 .text          0x08001764      0x120 /home/adensmore/ARMToolchains/gcc-arm-none-eabi-4_9-2015q3/bin/../lib/gcc/arm-none-eabi/4.9.3/armv6-m/libgcc.a(_udivsi3.o)
                0x08001764                __udivsi3
                0x08001764                __aeabi_uidiv
                0x08001870                __aeabi_uidivmod
 .text          0x08001884      0x1e0 /home/adensmore/ARMToolchains/gcc-arm-none-eabi-4_9-2015q3/bin/../lib/gcc/arm-none-eabi/4.9.3/armv6-m/libgcc.a(_divsi3.o)
                0x08001884                __aeabi_idiv
                0x08001884                __divsi3
                0x08001a50                __aeabi_idivmod
 .text          0x08001a64        0x4 /home/adensmore/ARMToolchains/gcc-arm-none-eabi-4_9-2015q3/bin/../lib/gcc/arm-none-eabi/4.9.3/armv6-m/libgcc.a(_dvmd_tls.o)
                0x08001a64                __aeabi_ldiv0
                0x08001a64                __aeabi_idiv0
 .text.memcpy   0x08001a68       0x12 /home/adensmore/ARMToolchains/gcc-arm-none-eabi-4_9-2015q3/bin/../lib/gcc/arm-none-eabi/4.9.3/../../../../arm-none-eabi/lib/armv6-m/libg_nano.a(lib_a-memcpy.o)
                0x08001a68                memcpy
 .text.memset   0x08001a7a       0x10 /home/adensmore/ARMToolchains/gcc-arm-none-eabi-4_9-2015q3/bin/../lib/gcc/arm-none-eabi/4.9.3/../../../../arm-none-eabi/lib/armv6-m/libg_nano.a(lib_a-memset.o)
                0x08001a7a                memset
 *(.rodata .rodata.* .constdata .constdata.*)
 .rodata        0x08001a8a       0x20 ./system/src/stm32f0xx/stm32f0xx_hal_rcc.o
 .rodata.aAPBAHBPrescTable
                0x08001aaa       0x10 ./system/src/stm32f0xx/stm32f0xx_hal_rcc.o
                0x08001aaa                aAPBAHBPrescTable
 .rodata.i16_sine_lookup
                0x08001aba       0x3c ./src/main.o
 *(vtable)
 *(.eh_frame*)
 *(.glue_7)
 .glue_7        0x00000000        0x0 linker stubs
 *(.glue_7t)
 .glue_7t       0x00000000        0x0 linker stubs

.vfp11_veneer   0x08001af8        0x0
 .vfp11_veneer  0x00000000        0x0 linker stubs

.v4_bx          0x08001af8        0x0
 .v4_bx         0x00000000        0x0 linker stubs

.iplt           0x08001af8        0x0
 .iplt          0x00000000        0x0 ./system/src/stm32f0xx/stm32f0xx_hal.o

.rel.dyn        0x08001af8        0x0
 .rel.iplt      0x00000000        0x0 ./system/src/stm32f0xx/stm32f0xx_hal.o

.ARM.extab
 *(.ARM.extab* .gnu.linkonce.armextab.*)
                0x08001af8                . = ALIGN (0x4)
                0x08001af8                __exidx_start = .

.ARM.exidx
 *(.ARM.exidx* .gnu.linkonce.armexidx.*)
                0x08001af8                __exidx_end = .
                0x08001af8                . = ALIGN (0x4)
                0x08001af8                _etext = .
                0x08001af8                __etext = .

.data_CCMRAM    0x10000000        0x0 load address 0x08001af8
 FILL mask 0xff
 *(.data.CCMRAM .data.CCMRAM.*)
                0x10000000                . = ALIGN (0x4)
                0x08001af8                _sidata = LOADADDR (.data)

.data           0x20000000       0x1c load address 0x08001af8
 FILL mask 0xff
                0x20000000                _sdata = .
                0x20000000                __data_start__ = .
 *(.data_begin .data_begin.*)
 *(.data .data.*)
 .data.argv.4161
                0x20000000        0x8 ./system/src/newlib/_syscalls.o
 .data.AHBPrescTable
                0x20000008       0x10 ./system/src/cmsis/system_stm32f0xx.o
                0x20000008                AHBPrescTable
 .data.SystemCoreClock
                0x20000018        0x4 ./system/src/cmsis/system_stm32f0xx.o
                0x20000018                SystemCoreClock
 *(.data_end .data_end.*)
                0x2000001c                . = ALIGN (0x4)
                0x2000001c                _edata = .
                0x2000001c                __data_end__ = .

.igot.plt       0x2000001c        0x0 load address 0x08001b14
 .igot.plt      0x00000000        0x0 ./system/src/stm32f0xx/stm32f0xx_hal.o

.bss_CCMRAM     0x10000000        0x0
 *(.bss.CCMRAM .bss.CCMRAM.*)

.bss            0x2000001c      0x128
                0x2000001c                __bss_start__ = .
                0x2000001c                _sbss = .
 *(.bss_begin .bss_begin.*)
 *(.bss .bss.*)
 .bss.uwTick    0x2000001c        0x4 ./system/src/stm32f0xx/stm32f0xx_hal.o
 .bss.name.4160
                0x20000020        0x1 ./system/src/newlib/_syscalls.o
 *(COMMON)
 *fill*         0x20000021        0x3 
 COMMON         0x20000024      0x120 ./src/main.o
                0x20000024                hdma_tim1_ch1
                0x2000005c                hdma_tim1_ch2
                0x20000094                htim3
                0x200000d0                hdma_tim3_ch1_trig
                0x20000108                htim1
 *(.bss_end .bss_end.*)
                0x20000144                . = ALIGN (0x4)
                0x20000144                __bss_end__ = .
                0x20000144                _ebss = .

.noinit_CCMRAM
 *(.noinit.CCMRAM .noinit.CCMRAM.*)

.noinit         0x20000144        0x0
                0x20000144                _noinit = .
 *(.noinit .noinit.*)
                0x20000144                . = ALIGN (0x4)
                0x20000144                _end_noinit = .
                0x20000144                PROVIDE (end, _end_noinit)
                0x20000144                PROVIDE (_end, _end_noinit)
                0x20000144                PROVIDE (__end, _end_noinit)
                0x20000144                PROVIDE (__end__, _end_noinit)

._check_stack   0x20000144      0x100
                0x20000244                . = (. + _Minimum_Stack_Size)
 *fill*         0x20000144      0x100 

.b1text
 *(.b1text)
 *(.b1rodata)
 *(.b1rodata.*)

.eb0text
 *(.eb0text)
 *(.eb0rodata)
 *(.eb0rodata.*)

.eb1text
 *(.eb1text)
 *(.eb1rodata)
 *(.eb1rodata.*)

.eb2text
 *(.eb2text)
 *(.eb2rodata)
 *(.eb2rodata.*)

.eb3text
 *(.eb3text)
 *(.eb3rodata)
 *(.eb3rodata.*)

.stab
 *(.stab)

.stabstr
 *(.stabstr)

.stab.excl
 *(.stab.excl)

.stab.exclstr
 *(.stab.exclstr)

.stab.index
 *(.stab.index)

.stab.indexstr
 *(.stab.indexstr)

.comment        0x00000000       0x70
 *(.comment)
 .comment       0x00000000       0x70 ./system/src/stm32f0xx/stm32f0xx_hal.o
                                 0x71 (size before relaxing)
 .comment       0x00000000       0x71 ./system/src/stm32f0xx/stm32f0xx_hal_cortex.o
 .comment       0x00000000       0x71 ./system/src/stm32f0xx/stm32f0xx_hal_dma.o
 .comment       0x00000000       0x71 ./system/src/stm32f0xx/stm32f0xx_hal_gpio.o
 .comment       0x00000000       0x71 ./system/src/stm32f0xx/stm32f0xx_hal_rcc.o
 .comment       0x00000000       0x71 ./system/src/stm32f0xx/stm32f0xx_hal_tim.o
 .comment       0x00000000       0x71 ./system/src/stm32f0xx/stm32f0xx_hal_tim_ex.o
 .comment       0x00000000       0x71 ./system/src/newlib/_exit.o
 .comment       0x00000000       0x71 ./system/src/newlib/_startup.o
 .comment       0x00000000       0x71 ./system/src/newlib/_syscalls.o
 .comment       0x00000000       0x71 ./system/src/cortexm/_initialize_hardware.o
 .comment       0x00000000       0x71 ./system/src/cortexm/_reset_hardware.o
 .comment       0x00000000       0x71 ./system/src/cortexm/exception_handlers.o
 .comment       0x00000000       0x71 ./system/src/cmsis/system_stm32f0xx.o
 .comment       0x00000000       0x71 ./src/main.o
 .comment       0x00000000       0x71 ./src/stm32f0xx_hal_msp.o
 .comment       0x00000000       0x71 ./src/stm32f0xx_it.o

.ARM.attributes
                0x00000000       0x2f
 .ARM.attributes
                0x00000000       0x31 ./system/src/stm32f0xx/stm32f0xx_hal.o
 .ARM.attributes
                0x00000031       0x31 ./system/src/stm32f0xx/stm32f0xx_hal_cortex.o
 .ARM.attributes
                0x00000062       0x31 ./system/src/stm32f0xx/stm32f0xx_hal_dma.o
 .ARM.attributes
                0x00000093       0x31 ./system/src/stm32f0xx/stm32f0xx_hal_gpio.o
 .ARM.attributes
                0x000000c4       0x31 ./system/src/stm32f0xx/stm32f0xx_hal_rcc.o
 .ARM.attributes
                0x000000f5       0x31 ./system/src/stm32f0xx/stm32f0xx_hal_tim.o
 .ARM.attributes
                0x00000126       0x31 ./system/src/stm32f0xx/stm32f0xx_hal_tim_ex.o
 .ARM.attributes
                0x00000157       0x31 ./system/src/newlib/_exit.o
 .ARM.attributes
                0x00000188       0x31 ./system/src/newlib/_startup.o
 .ARM.attributes
                0x000001b9       0x31 ./system/src/newlib/_syscalls.o
 .ARM.attributes
                0x000001ea       0x31 ./system/src/cortexm/_initialize_hardware.o
 .ARM.attributes
                0x0000021b       0x31 ./system/src/cortexm/_reset_hardware.o
 .ARM.attributes
                0x0000024c       0x31 ./system/src/cortexm/exception_handlers.o
 .ARM.attributes
                0x0000027d       0x21 ./system/src/cmsis/startup_stm32f030x8.o
 .ARM.attributes
                0x0000029e       0x31 ./system/src/cmsis/system_stm32f0xx.o
 .ARM.attributes
                0x000002cf       0x31 ./src/main.o
 .ARM.attributes
                0x00000300       0x31 ./src/stm32f0xx_hal_msp.o
 .ARM.attributes
                0x00000331       0x31 ./src/stm32f0xx_it.o
 .ARM.attributes
                0x00000362       0x1e /home/adensmore/ARMToolchains/gcc-arm-none-eabi-4_9-2015q3/bin/../lib/gcc/arm-none-eabi/4.9.3/armv6-m/libgcc.a(_thumb1_case_uqi.o)
 .ARM.attributes
                0x00000380       0x1e /home/adensmore/ARMToolchains/gcc-arm-none-eabi-4_9-2015q3/bin/../lib/gcc/arm-none-eabi/4.9.3/armv6-m/libgcc.a(_udivsi3.o)
 .ARM.attributes
                0x0000039e       0x1e /home/adensmore/ARMToolchains/gcc-arm-none-eabi-4_9-2015q3/bin/../lib/gcc/arm-none-eabi/4.9.3/armv6-m/libgcc.a(_divsi3.o)
 .ARM.attributes
                0x000003bc       0x1e /home/adensmore/ARMToolchains/gcc-arm-none-eabi-4_9-2015q3/bin/../lib/gcc/arm-none-eabi/4.9.3/armv6-m/libgcc.a(_dvmd_tls.o)
 .ARM.attributes
                0x000003da       0x2c /home/adensmore/ARMToolchains/gcc-arm-none-eabi-4_9-2015q3/bin/../lib/gcc/arm-none-eabi/4.9.3/../../../../arm-none-eabi/lib/armv6-m/libg_nano.a(lib_a-memcpy.o)
 .ARM.attributes
                0x00000406       0x2c /home/adensmore/ARMToolchains/gcc-arm-none-eabi-4_9-2015q3/bin/../lib/gcc/arm-none-eabi/4.9.3/../../../../arm-none-eabi/lib/armv6-m/libg_nano.a(lib_a-memset.o)

.debug
 *(.debug)

.line
 *(.line)

.debug_srcinfo
 *(.debug_srcinfo)

.debug_sfnames
 *(.debug_sfnames)

.debug_aranges  0x00000000      0x8d0
 *(.debug_aranges)
 .debug_aranges
                0x00000000       0xa0 ./system/src/stm32f0xx/stm32f0xx_hal.o
 .debug_aranges
                0x000000a0       0x78 ./system/src/stm32f0xx/stm32f0xx_hal_cortex.o
 .debug_aranges
                0x00000118       0x60 ./system/src/stm32f0xx/stm32f0xx_hal_dma.o
 .debug_aranges
                0x00000178       0x58 ./system/src/stm32f0xx/stm32f0xx_hal_gpio.o
 .debug_aranges
                0x000001d0       0x80 ./system/src/stm32f0xx/stm32f0xx_hal_rcc.o
 .debug_aranges
                0x00000250      0x330 ./system/src/stm32f0xx/stm32f0xx_hal_tim.o
 .debug_aranges
                0x00000580      0x140 ./system/src/stm32f0xx/stm32f0xx_hal_tim_ex.o
 .debug_aranges
                0x000006c0       0x28 ./system/src/newlib/_exit.o
 .debug_aranges
                0x000006e8       0x40 ./system/src/newlib/_startup.o
 .debug_aranges
                0x00000728       0x30 ./system/src/newlib/_syscalls.o
 .debug_aranges
                0x00000758       0x28 ./system/src/cortexm/_initialize_hardware.o
 .debug_aranges
                0x00000780       0x20 ./system/src/cortexm/_reset_hardware.o
 .debug_aranges
                0x000007a0       0x50 ./system/src/cortexm/exception_handlers.o
 .debug_aranges
                0x000007f0       0x28 ./system/src/cmsis/startup_stm32f030x8.o
 .debug_aranges
                0x00000818       0x28 ./system/src/cmsis/system_stm32f0xx.o
 .debug_aranges
                0x00000840       0x30 ./src/main.o
 .debug_aranges
                0x00000870       0x30 ./src/stm32f0xx_hal_msp.o
 .debug_aranges
                0x000008a0       0x30 ./src/stm32f0xx_it.o

.debug_pubnames
 *(.debug_pubnames)

.debug_info     0x00000000     0x92d0
 *(.debug_info .gnu.linkonce.wi.*)
 .debug_info    0x00000000      0x5a8 ./system/src/stm32f0xx/stm32f0xx_hal.o
 .debug_info    0x000005a8      0x786 ./system/src/stm32f0xx/stm32f0xx_hal_cortex.o
 .debug_info    0x00000d2e      0x60d ./system/src/stm32f0xx/stm32f0xx_hal_dma.o
 .debug_info    0x0000133b      0x5c9 ./system/src/stm32f0xx/stm32f0xx_hal_gpio.o
 .debug_info    0x00001904      0x9a2 ./system/src/stm32f0xx/stm32f0xx_hal_rcc.o
 .debug_info    0x000022a6     0x3360 ./system/src/stm32f0xx/stm32f0xx_hal_tim.o
 .debug_info    0x00005606     0x11d9 ./system/src/stm32f0xx/stm32f0xx_hal_tim_ex.o
 .debug_info    0x000067df      0x100 ./system/src/newlib/_exit.o
 .debug_info    0x000068df      0x410 ./system/src/newlib/_startup.o
 .debug_info    0x00006cef      0x1b8 ./system/src/newlib/_syscalls.o
 .debug_info    0x00006ea7       0xbf ./system/src/cortexm/_initialize_hardware.o
 .debug_info    0x00006f66      0x195 ./system/src/cortexm/_reset_hardware.o
 .debug_info    0x000070fb      0x1a7 ./system/src/cortexm/exception_handlers.o
 .debug_info    0x000072a2       0x7a ./system/src/cmsis/startup_stm32f030x8.o
 .debug_info    0x0000731c      0x1fd ./system/src/cmsis/system_stm32f0xx.o
 .debug_info    0x00007519     0x1107 ./src/main.o
 .debug_info    0x00008620      0x9b0 ./src/stm32f0xx_hal_msp.o
 .debug_info    0x00008fd0      0x300 ./src/stm32f0xx_it.o

.debug_abbrev   0x00000000     0x1ba6
 *(.debug_abbrev)
 .debug_abbrev  0x00000000      0x205 ./system/src/stm32f0xx/stm32f0xx_hal.o
 .debug_abbrev  0x00000205      0x239 ./system/src/stm32f0xx/stm32f0xx_hal_cortex.o
 .debug_abbrev  0x0000043e      0x1c8 ./system/src/stm32f0xx/stm32f0xx_hal_dma.o
 .debug_abbrev  0x00000606      0x1dc ./system/src/stm32f0xx/stm32f0xx_hal_gpio.o
 .debug_abbrev  0x000007e2      0x25b ./system/src/stm32f0xx/stm32f0xx_hal_rcc.o
 .debug_abbrev  0x00000a3d      0x314 ./system/src/stm32f0xx/stm32f0xx_hal_tim.o
 .debug_abbrev  0x00000d51      0x227 ./system/src/stm32f0xx/stm32f0xx_hal_tim_ex.o
 .debug_abbrev  0x00000f78       0xb8 ./system/src/newlib/_exit.o
 .debug_abbrev  0x00001030      0x1db ./system/src/newlib/_startup.o
 .debug_abbrev  0x0000120b       0xeb ./system/src/newlib/_syscalls.o
 .debug_abbrev  0x000012f6       0x60 ./system/src/cortexm/_initialize_hardware.o
 .debug_abbrev  0x00001356       0xd4 ./system/src/cortexm/_reset_hardware.o
 .debug_abbrev  0x0000142a       0xc4 ./system/src/cortexm/exception_handlers.o
 .debug_abbrev  0x000014ee       0x12 ./system/src/cmsis/startup_stm32f030x8.o
 .debug_abbrev  0x00001500       0xf0 ./system/src/cmsis/system_stm32f0xx.o
 .debug_abbrev  0x000015f0      0x2cb ./src/main.o
 .debug_abbrev  0x000018bb      0x1d4 ./src/stm32f0xx_hal_msp.o
 .debug_abbrev  0x00001a8f      0x117 ./src/stm32f0xx_it.o

.debug_line     0x00000000     0x3fdf
 *(.debug_line)
 .debug_line    0x00000000      0x31a ./system/src/stm32f0xx/stm32f0xx_hal.o
 .debug_line    0x0000031a      0x307 ./system/src/stm32f0xx/stm32f0xx_hal_cortex.o
 .debug_line    0x00000621      0x522 ./system/src/stm32f0xx/stm32f0xx_hal_dma.o
 .debug_line    0x00000b43      0x321 ./system/src/stm32f0xx/stm32f0xx_hal_gpio.o
 .debug_line    0x00000e64      0x4e1 ./system/src/stm32f0xx/stm32f0xx_hal_rcc.o
 .debug_line    0x00001345     0x148b ./system/src/stm32f0xx/stm32f0xx_hal_tim.o
 .debug_line    0x000027d0      0x7f8 ./system/src/stm32f0xx/stm32f0xx_hal_tim_ex.o
 .debug_line    0x00002fc8      0x13d ./system/src/newlib/_exit.o
 .debug_line    0x00003105       0xfe ./system/src/newlib/_startup.o
 .debug_line    0x00003203      0x14f ./system/src/newlib/_syscalls.o
 .debug_line    0x00003352       0xa0 ./system/src/cortexm/_initialize_hardware.o
 .debug_line    0x000033f2      0x110 ./system/src/cortexm/_reset_hardware.o
 .debug_line    0x00003502      0x192 ./system/src/cortexm/exception_handlers.o
 .debug_line    0x00003694       0x8c ./system/src/cmsis/startup_stm32f030x8.o
 .debug_line    0x00003720      0x12d ./system/src/cmsis/system_stm32f0xx.o
 .debug_line    0x0000384d      0x311 ./src/main.o
 .debug_line    0x00003b5e      0x297 ./src/stm32f0xx_hal_msp.o
 .debug_line    0x00003df5      0x1ea ./src/stm32f0xx_it.o

.debug_frame    0x00000000     0x15a0
 *(.debug_frame)
 .debug_frame   0x00000000      0x144 ./system/src/stm32f0xx/stm32f0xx_hal.o
 .debug_frame   0x00000144       0xe4 ./system/src/stm32f0xx/stm32f0xx_hal_cortex.o
 .debug_frame   0x00000228      0x100 ./system/src/stm32f0xx/stm32f0xx_hal_dma.o
 .debug_frame   0x00000328       0xc0 ./system/src/stm32f0xx/stm32f0xx_hal_gpio.o
 .debug_frame   0x000003e8      0x13c ./system/src/stm32f0xx/stm32f0xx_hal_rcc.o
 .debug_frame   0x00000524      0x904 ./system/src/stm32f0xx/stm32f0xx_hal_tim.o
 .debug_frame   0x00000e28      0x390 ./system/src/stm32f0xx/stm32f0xx_hal_tim_ex.o
 .debug_frame   0x000011b8       0x40 ./system/src/newlib/_exit.o
 .debug_frame   0x000011f8       0x88 ./system/src/newlib/_startup.o
 .debug_frame   0x00001280       0x50 ./system/src/newlib/_syscalls.o
 .debug_frame   0x000012d0       0x40 ./system/src/cortexm/_initialize_hardware.o
 .debug_frame   0x00001310       0x20 ./system/src/cortexm/_reset_hardware.o
 .debug_frame   0x00001330       0x80 ./system/src/cortexm/exception_handlers.o
 .debug_frame   0x000013b0       0x3c ./system/src/cmsis/system_stm32f0xx.o
 .debug_frame   0x000013ec       0x70 ./src/main.o
 .debug_frame   0x0000145c       0x64 ./src/stm32f0xx_hal_msp.o
 .debug_frame   0x000014c0       0x58 ./src/stm32f0xx_it.o
 .debug_frame   0x00001518       0x20 /home/adensmore/ARMToolchains/gcc-arm-none-eabi-4_9-2015q3/bin/../lib/gcc/arm-none-eabi/4.9.3/armv6-m/libgcc.a(_udivsi3.o)
 .debug_frame   0x00001538       0x20 /home/adensmore/ARMToolchains/gcc-arm-none-eabi-4_9-2015q3/bin/../lib/gcc/arm-none-eabi/4.9.3/armv6-m/libgcc.a(_divsi3.o)
 .debug_frame   0x00001558       0x28 /home/adensmore/ARMToolchains/gcc-arm-none-eabi-4_9-2015q3/bin/../lib/gcc/arm-none-eabi/4.9.3/../../../../arm-none-eabi/lib/armv6-m/libg_nano.a(lib_a-memcpy.o)
 .debug_frame   0x00001580       0x20 /home/adensmore/ARMToolchains/gcc-arm-none-eabi-4_9-2015q3/bin/../lib/gcc/arm-none-eabi/4.9.3/../../../../arm-none-eabi/lib/armv6-m/libg_nano.a(lib_a-memset.o)

.debug_str      0x00000000     0x27d6
 *(.debug_str)
 .debug_str     0x00000000      0x584 ./system/src/stm32f0xx/stm32f0xx_hal.o
                                0x5d1 (size before relaxing)
 .debug_str     0x00000584      0x1d8 ./system/src/stm32f0xx/stm32f0xx_hal_cortex.o
                                0x5f1 (size before relaxing)
 .debug_str     0x0000075c      0x2e8 ./system/src/stm32f0xx/stm32f0xx_hal_dma.o
                                0x50c (size before relaxing)
 .debug_str     0x00000a44      0x1bb ./system/src/stm32f0xx/stm32f0xx_hal_gpio.o
                                0x417 (size before relaxing)
 .debug_str     0x00000bff      0x2f9 ./system/src/stm32f0xx/stm32f0xx_hal_rcc.o
                                0x615 (size before relaxing)
 .debug_str     0x00000ef8      0xef5 ./system/src/stm32f0xx/stm32f0xx_hal_tim.o
                               0x1322 (size before relaxing)
 .debug_str     0x00001ded      0x4f9 ./system/src/stm32f0xx/stm32f0xx_hal_tim_ex.o
                                0xbd8 (size before relaxing)
 .debug_str     0x000022e6       0x4a ./system/src/newlib/_exit.o
                                0x1db (size before relaxing)
 .debug_str     0x00002330      0x173 ./system/src/newlib/_startup.o
                                0x320 (size before relaxing)
 .debug_str     0x000024a3       0x5a ./system/src/newlib/_syscalls.o
                                0x208 (size before relaxing)
 .debug_str     0x000024fd       0x4e ./system/src/cortexm/_initialize_hardware.o
                                0x200 (size before relaxing)
 .debug_str     0x0000254b       0x28 ./system/src/cortexm/_reset_hardware.o
                                0x213 (size before relaxing)
 .debug_str     0x00002573       0xb0 ./system/src/cortexm/exception_handlers.o
                                0x255 (size before relaxing)
 .debug_str     0x00002623       0x46 ./system/src/cmsis/system_stm32f0xx.o
                                0x269 (size before relaxing)
 .debug_str     0x00002669       0xfd ./src/main.o
                                0xc51 (size before relaxing)
 .debug_str     0x00002766       0x24 ./src/stm32f0xx_hal_msp.o
                                0x8a5 (size before relaxing)
 .debug_str     0x0000278a       0x4c ./src/stm32f0xx_it.o
                                0x42b (size before relaxing)

.debug_loc      0x00000000     0x5f41
 *(.debug_loc)
 .debug_loc     0x00000000       0x6a ./system/src/stm32f0xx/stm32f0xx_hal.o
 .debug_loc     0x0000006a      0x233 ./system/src/stm32f0xx/stm32f0xx_hal_cortex.o
 .debug_loc     0x0000029d      0x49e ./system/src/stm32f0xx/stm32f0xx_hal_dma.o
 .debug_loc     0x0000073b      0x31e ./system/src/stm32f0xx/stm32f0xx_hal_gpio.o
 .debug_loc     0x00000a59      0x474 ./system/src/stm32f0xx/stm32f0xx_hal_rcc.o
 .debug_loc     0x00000ecd     0x3dee ./system/src/stm32f0xx/stm32f0xx_hal_tim.o
 .debug_loc     0x00004cbb      0xe34 ./system/src/stm32f0xx/stm32f0xx_hal_tim_ex.o
 .debug_loc     0x00005aef       0x21 ./system/src/newlib/_exit.o
 .debug_loc     0x00005b10      0x236 ./system/src/newlib/_startup.o
 .debug_loc     0x00005d46       0x63 ./system/src/newlib/_syscalls.o
 .debug_loc     0x00005da9      0x114 ./system/src/cmsis/system_stm32f0xx.o
 .debug_loc     0x00005ebd       0x84 ./src/stm32f0xx_hal_msp.o

.debug_macinfo
 *(.debug_macinfo)

.debug_weaknames
 *(.debug_weaknames)

.debug_funcnames
 *(.debug_funcnames)

.debug_typenames
 *(.debug_typenames)

.debug_varnames
 *(.debug_varnames)
OUTPUT(pwm_dmaTM1.elf elf32-littlearm)

.debug_ranges   0x00000000      0xc60
 .debug_ranges  0x00000000       0x90 ./system/src/stm32f0xx/stm32f0xx_hal.o
 .debug_ranges  0x00000090       0xe8 ./system/src/stm32f0xx/stm32f0xx_hal_cortex.o
 .debug_ranges  0x00000178       0x50 ./system/src/stm32f0xx/stm32f0xx_hal_dma.o
 .debug_ranges  0x000001c8       0x60 ./system/src/stm32f0xx/stm32f0xx_hal_gpio.o
 .debug_ranges  0x00000228       0xb8 ./system/src/stm32f0xx/stm32f0xx_hal_rcc.o
 .debug_ranges  0x000002e0      0x5d0 ./system/src/stm32f0xx/stm32f0xx_hal_tim.o
 .debug_ranges  0x000008b0      0x130 ./system/src/stm32f0xx/stm32f0xx_hal_tim_ex.o
 .debug_ranges  0x000009e0       0x18 ./system/src/newlib/_exit.o
 .debug_ranges  0x000009f8       0x48 ./system/src/newlib/_startup.o
 .debug_ranges  0x00000a40       0x20 ./system/src/newlib/_syscalls.o
 .debug_ranges  0x00000a60       0x18 ./system/src/cortexm/_initialize_hardware.o
 .debug_ranges  0x00000a78       0x10 ./system/src/cortexm/_reset_hardware.o
 .debug_ranges  0x00000a88       0x40 ./system/src/cortexm/exception_handlers.o
 .debug_ranges  0x00000ac8       0x20 ./system/src/cmsis/startup_stm32f030x8.o
 .debug_ranges  0x00000ae8       0x18 ./system/src/cmsis/system_stm32f0xx.o
 .debug_ranges  0x00000b00       0x98 ./src/main.o
 .debug_ranges  0x00000b98       0xa8 ./src/stm32f0xx_hal_msp.o
 .debug_ranges  0x00000c40       0x20 ./src/stm32f0xx_it.o
