Archive member included because of file (symbol)

/home/alex/STM32Toolchain/gcc-arm-none-eabi-4_9-2015q3/bin/../lib/gcc/arm-none-eabi/4.9.3/armv6-m/libgcc.a(_udivsi3.o)
                              ./system/src/stm32l0/stm32l0xx_hal.o (__aeabi_uidiv)
/home/alex/STM32Toolchain/gcc-arm-none-eabi-4_9-2015q3/bin/../lib/gcc/arm-none-eabi/4.9.3/armv6-m/libgcc.a(_dvmd_tls.o)
                              /home/alex/STM32Toolchain/gcc-arm-none-eabi-4_9-2015q3/bin/../lib/gcc/arm-none-eabi/4.9.3/armv6-m/libgcc.a(_udivsi3.o) (__aeabi_idiv0)
/home/alex/STM32Toolchain/gcc-arm-none-eabi-4_9-2015q3/bin/../lib/gcc/arm-none-eabi/4.9.3/../../../../arm-none-eabi/lib/armv6-m/libg_nano.a(lib_a-errno.o)
                              ./system/src/newlib/_sbrk.o (__errno)
/home/alex/STM32Toolchain/gcc-arm-none-eabi-4_9-2015q3/bin/../lib/gcc/arm-none-eabi/4.9.3/../../../../arm-none-eabi/lib/armv6-m/libg_nano.a(lib_a-impure.o)
                              /home/alex/STM32Toolchain/gcc-arm-none-eabi-4_9-2015q3/bin/../lib/gcc/arm-none-eabi/4.9.3/../../../../arm-none-eabi/lib/armv6-m/libg_nano.a(lib_a-errno.o) (_impure_ptr)
/home/alex/STM32Toolchain/gcc-arm-none-eabi-4_9-2015q3/bin/../lib/gcc/arm-none-eabi/4.9.3/../../../../arm-none-eabi/lib/armv6-m/libg_nano.a(lib_a-init.o)
                              ./system/src/cmsis/startup_stm32l053xx.o (__libc_init_array)
/home/alex/STM32Toolchain/gcc-arm-none-eabi-4_9-2015q3/bin/../lib/gcc/arm-none-eabi/4.9.3/../../../../arm-none-eabi/lib/armv6-m/libg_nano.a(lib_a-strlen.o)
                              ./system/src/diag/Trace.o (strlen)
/home/alex/STM32Toolchain/gcc-arm-none-eabi-4_9-2015q3/bin/../lib/gcc/arm-none-eabi/4.9.3/../../../../arm-none-eabi/lib/armv6-m/libg_nano.a(lib_a-vsnprintf.o)
                              ./system/src/diag/Trace.o (vsnprintf)
/home/alex/STM32Toolchain/gcc-arm-none-eabi-4_9-2015q3/bin/../lib/gcc/arm-none-eabi/4.9.3/../../../../arm-none-eabi/lib/armv6-m/libg_nano.a(lib_a-nano-svfprintf.o)
                              /home/alex/STM32Toolchain/gcc-arm-none-eabi-4_9-2015q3/bin/../lib/gcc/arm-none-eabi/4.9.3/../../../../arm-none-eabi/lib/armv6-m/libg_nano.a(lib_a-vsnprintf.o) (_svfprintf_r)
/home/alex/STM32Toolchain/gcc-arm-none-eabi-4_9-2015q3/bin/../lib/gcc/arm-none-eabi/4.9.3/../../../../arm-none-eabi/lib/armv6-m/libg_nano.a(lib_a-nano-vfprintf_i.o)
                              /home/alex/STM32Toolchain/gcc-arm-none-eabi-4_9-2015q3/bin/../lib/gcc/arm-none-eabi/4.9.3/../../../../arm-none-eabi/lib/armv6-m/libg_nano.a(lib_a-nano-svfprintf.o) (_printf_i)
/home/alex/STM32Toolchain/gcc-arm-none-eabi-4_9-2015q3/bin/../lib/gcc/arm-none-eabi/4.9.3/../../../../arm-none-eabi/lib/armv6-m/libg_nano.a(lib_a-memchr.o)
                              /home/alex/STM32Toolchain/gcc-arm-none-eabi-4_9-2015q3/bin/../lib/gcc/arm-none-eabi/4.9.3/../../../../arm-none-eabi/lib/armv6-m/libg_nano.a(lib_a-nano-svfprintf.o) (memchr)
/home/alex/STM32Toolchain/gcc-arm-none-eabi-4_9-2015q3/bin/../lib/gcc/arm-none-eabi/4.9.3/../../../../arm-none-eabi/lib/armv6-m/libg_nano.a(lib_a-memcpy.o)
                              /home/alex/STM32Toolchain/gcc-arm-none-eabi-4_9-2015q3/bin/../lib/gcc/arm-none-eabi/4.9.3/../../../../arm-none-eabi/lib/armv6-m/libg_nano.a(lib_a-nano-svfprintf.o) (memcpy)
/home/alex/STM32Toolchain/gcc-arm-none-eabi-4_9-2015q3/bin/../lib/gcc/arm-none-eabi/4.9.3/../../../../arm-none-eabi/lib/armv6-m/libg_nano.a(lib_a-memmove.o)
                              /home/alex/STM32Toolchain/gcc-arm-none-eabi-4_9-2015q3/bin/../lib/gcc/arm-none-eabi/4.9.3/../../../../arm-none-eabi/lib/armv6-m/libg_nano.a(lib_a-nano-svfprintf.o) (memmove)
/home/alex/STM32Toolchain/gcc-arm-none-eabi-4_9-2015q3/bin/../lib/gcc/arm-none-eabi/4.9.3/../../../../arm-none-eabi/lib/armv6-m/libg_nano.a(lib_a-nano-freer.o)
                              /home/alex/STM32Toolchain/gcc-arm-none-eabi-4_9-2015q3/bin/../lib/gcc/arm-none-eabi/4.9.3/../../../../arm-none-eabi/lib/armv6-m/libg_nano.a(lib_a-nano-svfprintf.o) (_free_r)
/home/alex/STM32Toolchain/gcc-arm-none-eabi-4_9-2015q3/bin/../lib/gcc/arm-none-eabi/4.9.3/../../../../arm-none-eabi/lib/armv6-m/libg_nano.a(lib_a-nano-mallocr.o)
                              /home/alex/STM32Toolchain/gcc-arm-none-eabi-4_9-2015q3/bin/../lib/gcc/arm-none-eabi/4.9.3/../../../../arm-none-eabi/lib/armv6-m/libg_nano.a(lib_a-nano-svfprintf.o) (_malloc_r)
/home/alex/STM32Toolchain/gcc-arm-none-eabi-4_9-2015q3/bin/../lib/gcc/arm-none-eabi/4.9.3/../../../../arm-none-eabi/lib/armv6-m/libg_nano.a(lib_a-nano-reallocr.o)
                              /home/alex/STM32Toolchain/gcc-arm-none-eabi-4_9-2015q3/bin/../lib/gcc/arm-none-eabi/4.9.3/../../../../arm-none-eabi/lib/armv6-m/libg_nano.a(lib_a-nano-svfprintf.o) (_realloc_r)
/home/alex/STM32Toolchain/gcc-arm-none-eabi-4_9-2015q3/bin/../lib/gcc/arm-none-eabi/4.9.3/../../../../arm-none-eabi/lib/armv6-m/libg_nano.a(lib_a-sbrkr.o)
[...]
Memory Configuration

Name             Origin             Length             Attributes
RAM              0x20000000         0x00002000         xrw
CCMRAM           0x00000000         0x00000000         xrw
FLASH            0x08000000         0x00010000         xr
FLASHB1          0x00000000         0x00000000         xr
EXTMEMB0         0x00000000         0x00000000         xr
EXTMEMB1         0x00000000         0x00000000         xr
EXTMEMB2         0x00000000         0x00000000         xr
EXTMEMB3         0x00000000         0x00000000         xr
MEMORY_ARRAY     0x00000000         0x00000000         xrw
*default*        0x00000000         0xffffffff

Linker script and memory map

LOAD ./system/src/stm32l0/stm32l0xx_hal.o
LOAD ./system/src/stm32l0/stm32l0xx_hal_adc.o
LOAD ./system/src/stm32l0/stm32l0xx_hal_adc_ex.o
LOAD ./system/src/stm32l0/stm32l0xx_hal_comp.o
LOAD ./system/src/stm32l0/stm32l0xx_hal_comp_ex.o
LOAD ./system/src/stm32l0/stm32l0xx_hal_cortex.o
LOAD ./system/src/stm32l0/stm32l0xx_hal_crc.o
LOAD ./system/src/stm32l0/stm32l0xx_hal_crc_ex.o
LOAD ./system/src/stm32l0/stm32l0xx_hal_cryp.o
LOAD ./system/src/stm32l0/stm32l0xx_hal_cryp_ex.o
LOAD ./system/src/stm32l0/stm32l0xx_hal_dac.o
LOAD ./system/src/stm32l0/stm32l0xx_hal_dac_ex.o
LOAD ./system/src/stm32l0/stm32l0xx_hal_dma.o
LOAD ./system/src/stm32l0/stm32l0xx_hal_firewall.o
LOAD ./system/src/stm32l0/stm32l0xx_hal_flash.o
LOAD ./system/src/stm32l0/stm32l0xx_hal_flash_ex.o
LOAD ./system/src/stm32l0/stm32l0xx_hal_flash_ramfunc.o
LOAD ./system/src/stm32l0/stm32l0xx_hal_gpio.o
LOAD ./system/src/stm32l0/stm32l0xx_hal_i2c.o
LOAD ./system/src/stm32l0/stm32l0xx_hal_i2c_ex.o
LOAD ./system/src/stm32l0/stm32l0xx_hal_i2s.o
LOAD ./system/src/stm32l0/stm32l0xx_hal_irda.o
LOAD ./system/src/stm32l0/stm32l0xx_hal_iwdg.o
LOAD ./system/src/stm32l0/stm32l0xx_hal_lcd.o
LOAD ./system/src/stm32l0/stm32l0xx_hal_lptim.o
LOAD ./system/src/stm32l0/stm32l0xx_hal_msp_template.o
LOAD ./system/src/stm32l0/stm32l0xx_hal_pcd.o
LOAD ./system/src/stm32l0/stm32l0xx_hal_pcd_ex.o
LOAD ./system/src/stm32l0/stm32l0xx_hal_pwr.o
LOAD ./system/src/stm32l0/stm32l0xx_hal_pwr_ex.o
LOAD ./system/src/stm32l0/stm32l0xx_hal_rcc.o
LOAD ./system/src/stm32l0/stm32l0xx_hal_rcc_ex.o
LOAD ./system/src/stm32l0/stm32l0xx_hal_rng.o
LOAD ./system/src/stm32l0/stm32l0xx_hal_rtc.o
LOAD ./system/src/stm32l0/stm32l0xx_hal_rtc_ex.o
LOAD ./system/src/stm32l0/stm32l0xx_hal_smartcard.o
LOAD ./system/src/stm32l0/stm32l0xx_hal_smartcard_ex.o
LOAD ./system/src/stm32l0/stm32l0xx_hal_smbus.o
LOAD ./system/src/stm32l0/stm32l0xx_hal_spi.o
LOAD ./system/src/stm32l0/stm32l0xx_hal_tim.o
LOAD ./system/src/stm32l0/stm32l0xx_hal_tim_ex.o
LOAD ./system/src/stm32l0/stm32l0xx_hal_tsc.o
LOAD ./system/src/stm32l0/stm32l0xx_hal_uart.o
LOAD ./system/src/stm32l0/stm32l0xx_hal_uart_ex.o
LOAD ./system/src/stm32l0/stm32l0xx_hal_usart.o
LOAD ./system/src/stm32l0/stm32l0xx_hal_wwdg.o
LOAD ./system/src/newlib/_cxx.o
LOAD ./system/src/newlib/_exit.o
LOAD ./system/src/newlib/_sbrk.o
LOAD ./system/src/newlib/_startup.o
LOAD ./system/src/newlib/_syscalls.o
LOAD ./system/src/newlib/assert.o
LOAD ./system/src/diag/Trace.o
LOAD ./system/src/diag/trace_impl.o
LOAD ./system/src/cortexm/_initialize_hardware.o
LOAD ./system/src/cortexm/_reset_hardware.o
LOAD ./system/src/cortexm/exception_handlers.o
LOAD ./system/src/cmsis/startup_stm32l053xx.o
LOAD ./system/src/cmsis/system_stm32l0xx.o
LOAD ./src/main.o
LOAD ./src/stm32l0xx_hal_msp.o
LOAD ./src/stm32l0xx_it.o
LOAD /home/alex/STM32Toolchain/gcc-arm-none-eabi-4_9-2015q3/bin/../lib/gcc/arm-none-eabi/4.9.3/../../../../arm-none-eabi/lib/armv6-m/libstdc++_nano.a
LOAD /home/alex/STM32Toolchain/gcc-arm-none-eabi-4_9-2015q3/bin/../lib/gcc/arm-none-eabi/4.9.3/../../../../arm-none-eabi/lib/armv6-m/libm.a
START GROUP
LOAD /home/alex/STM32Toolchain/gcc-arm-none-eabi-4_9-2015q3/bin/../lib/gcc/arm-none-eabi/4.9.3/armv6-m/libgcc.a
LOAD /home/alex/STM32Toolchain/gcc-arm-none-eabi-4_9-2015q3/bin/../lib/gcc/arm-none-eabi/4.9.3/../../../../arm-none-eabi/lib/armv6-m/libg_nano.a
LOAD /home/alex/STM32Toolchain/gcc-arm-none-eabi-4_9-2015q3/bin/../lib/gcc/arm-none-eabi/4.9.3/../../../../arm-none-eabi/lib/armv6-m/libc_nano.a
END GROUP
START GROUP
LOAD /home/alex/STM32Toolchain/gcc-arm-none-eabi-4_9-2015q3/bin/../lib/gcc/arm-none-eabi/4.9.3/armv6-m/libgcc.a
LOAD /home/alex/STM32Toolchain/gcc-arm-none-eabi-4_9-2015q3/bin/../lib/gcc/arm-none-eabi/4.9.3/../../../../arm-none-eabi/lib/armv6-m/libc_nano.a
END GROUP
                0x20002000                __stack = (ORIGIN (RAM) + 0x2000)
                0x20002000                _estack = __stack
                0x00000400                __Main_Stack_Size = 0x400
                0x00000400                PROVIDE (_Main_Stack_Size, __Main_Stack_Size)
                0x20001c00                __Main_Stack_Limit = (__stack - __Main_Stack_Size)
                0x20001c00                PROVIDE (_Main_Stack_Limit, __Main_Stack_Limit)
                0x00000100                _Minimum_Stack_Size = 0x100
                0x200002d8                PROVIDE (_Heap_Begin, _end_noinit)
                0x20001c00                PROVIDE (_Heap_Limit, (__stack - __Main_Stack_Size))

.isr_vector     0x08000000      0x228
 FILL mask 0xff
                0x08000000                __vectors_start = ABSOLUTE (.)
                0x08000000                __vectors_start__ = ABSOLUTE (.)
 *(.isr_vector)
 .isr_vector    0x08000000       0xc0 ./system/src/cmsis/startup_stm32l053xx.o
                0x08000000                g_pfnVectors
 *(.cfmconfig)
 *(.after_vectors .after_vectors.*)
 .after_vectors
                0x080000c0      0x118 ./system/src/newlib/_startup.o
                0x080000c0                _start
 .after_vectors
                0x080001d8       0x50 ./system/src/cortexm/exception_handlers.o
                0x080001d8                Reset_Handler
                0x080001e0                NMI_Handler
                0x080001e4                HardFault_Handler
                0x080001fc                HardFault_Handler_C
                0x08000218                SVC_Handler
                0x0800021c                PendSV_Handler

.inits          0x08000228       0x28
                0x08000228                __data_regions_array_start = .
                0x08000228        0x4 LONG 0x800283c LOADADDR (.data)
                0x0800022c        0x4 LONG 0x20000000 ADDR (.data)
                0x08000230        0x4 LONG 0x20000078 (ADDR (.data) + SIZEOF (.data))
                0x08000234        0x4 LONG 0x800283c LOADADDR (.data_CCMRAM)
                0x08000238        0x4 LONG 0x0 ADDR (.data_CCMRAM)
                0x0800023c        0x4 LONG 0x0 (ADDR (.data_CCMRAM) + SIZEOF (.data_CCMRAM))
                0x08000240                __data_regions_array_end = .
                0x08000240                __bss_regions_array_start = .
                0x08000240        0x4 LONG 0x20000078 ADDR (.bss)
                0x08000244        0x4 LONG 0x200002d8 (ADDR (.bss) + SIZEOF (.bss))
                0x08000248        0x4 LONG 0x0 ADDR (.bss_CCMRAM)
                0x0800024c        0x4 LONG 0x0 (ADDR (.bss_CCMRAM) + SIZEOF (.bss_CCMRAM))
                0x08000250                __bss_regions_array_end = .
 *(.init)
 *(.fini)
                0x08000250                . = ALIGN (0x4)
                0x08000250                PROVIDE (__preinit_array_start, .)
 *(.preinit_array_sysinit .preinit_array_sysinit.*)
 *(.preinit_array_platform .preinit_array_platform.*)
 *(.preinit_array .preinit_array.*)
                0x08000250                PROVIDE (__preinit_array_end, .)
                0x08000250                . = ALIGN (0x4)
                0x08000250                PROVIDE (__init_array_start, .)
 *(SORT(.init_array.*))
 *(.init_array)
                0x08000250                PROVIDE (__init_array_end, .)
                0x08000250                . = ALIGN (0x4)
                0x08000250                PROVIDE (__fini_array_start, .)
 *(SORT(.fini_array.*))
 *(.fini_array)
                0x08000250                PROVIDE (__fini_array_end, .)

.flashtext
 *(.flashtext .flashtext.*)

.text           0x08000250     0x25ea
 *(.text .text.*)
 .text.HAL_InitTick
                0x08000250       0x24 ./system/src/stm32l0/stm32l0xx_hal.o
                0x08000250                HAL_InitTick
 .text.HAL_Init
                0x08000274       0x20 ./system/src/stm32l0/stm32l0xx_hal.o
                0x08000274                HAL_Init
 .text.HAL_IncTick
                0x08000294       0x10 ./system/src/stm32l0/stm32l0xx_hal.o
                0x08000294                HAL_IncTick
 .text.HAL_GetTick
                0x080002a4        0xc ./system/src/stm32l0/stm32l0xx_hal.o
                0x080002a4                HAL_GetTick
 .text.ADC_DelayMicroSecond
                0x080002b0       0x30 ./system/src/stm32l0/stm32l0xx_hal_adc.o
 .text.HAL_ADC_Init
                0x080002e0      0x1e4 ./system/src/stm32l0/stm32l0xx_hal_adc.o
                0x080002e0                HAL_ADC_Init
 .text.HAL_ADC_ConfigChannel
                0x080004c4       0xe0 ./system/src/stm32l0/stm32l0xx_hal_adc.o
                0x080004c4                HAL_ADC_ConfigChannel
 .text.HAL_NVIC_SetPriority
                0x080005a4       0x64 ./system/src/stm32l0/stm32l0xx_hal_cortex.o
                0x080005a4                HAL_NVIC_SetPriority
 .text.HAL_NVIC_EnableIRQ
                0x08000608       0x14 ./system/src/stm32l0/stm32l0xx_hal_cortex.o
                0x08000608                HAL_NVIC_EnableIRQ
 .text.HAL_SYSTICK_Config
                0x0800061c       0x38 ./system/src/stm32l0/stm32l0xx_hal_cortex.o
                0x0800061c                HAL_SYSTICK_Config
 .text.HAL_SYSTICK_CLKSourceConfig
                0x08000654       0x20 ./system/src/stm32l0/stm32l0xx_hal_cortex.o
                0x08000654                HAL_SYSTICK_CLKSourceConfig
 .text.HAL_SYSTICK_Callback
                0x08000674        0x4 ./system/src/stm32l0/stm32l0xx_hal_cortex.o
                0x08000674                HAL_SYSTICK_Callback
 .text.HAL_SYSTICK_IRQHandler
                0x08000678        0x8 ./system/src/stm32l0/stm32l0xx_hal_cortex.o
                0x08000678                HAL_SYSTICK_IRQHandler
 .text.HAL_DMA_Init
                0x08000680      0x14c ./system/src/stm32l0/stm32l0xx_hal_dma.o
                0x08000680                HAL_DMA_Init
 .text.HAL_DMA_IRQHandler
                0x080007cc      0x280 ./system/src/stm32l0/stm32l0xx_hal_dma.o
                0x080007cc                HAL_DMA_IRQHandler
 .text.HAL_GPIO_Init
                0x08000a4c      0x198 ./system/src/stm32l0/stm32l0xx_hal_gpio.o
                0x08000a4c                HAL_GPIO_Init
 .text.HAL_RCC_OscConfig
                0x08000be4      0x568 ./system/src/stm32l0/stm32l0xx_hal_rcc.o
                0x08000be4                HAL_RCC_OscConfig
 .text.HAL_RCC_ClockConfig
                0x0800114c      0x190 ./system/src/stm32l0/stm32l0xx_hal_rcc.o
                0x0800114c                HAL_RCC_ClockConfig
 .text.HAL_RCC_GetSysClockFreq
                0x080012dc       0xa8 ./system/src/stm32l0/stm32l0xx_hal_rcc.o
                0x080012dc                HAL_RCC_GetSysClockFreq
 .text.HAL_RCC_GetHCLKFreq
                0x08001384       0x28 ./system/src/stm32l0/stm32l0xx_hal_rcc.o
                0x08001384                HAL_RCC_GetHCLKFreq
 .text.TIM_Base_SetConfig
                0x080013ac       0x7c ./system/src/stm32l0/stm32l0xx_hal_tim.o
 .text.TIM_OC1_SetConfig
                0x08001428       0x2c ./system/src/stm32l0/stm32l0xx_hal_tim.o
 .text.TIM_OC2_SetConfig
                0x08001454       0x34 ./system/src/stm32l0/stm32l0xx_hal_tim.o
 .text.TIM_OC3_SetConfig
                0x08001488       0x38 ./system/src/stm32l0/stm32l0xx_hal_tim.o
 .text.TIM_OC4_SetConfig
                0x080014c0       0x3c ./system/src/stm32l0/stm32l0xx_hal_tim.o
 .text.HAL_TIM_PWM_Init
                0x080014fc       0x34 ./system/src/stm32l0/stm32l0xx_hal_tim.o
                0x080014fc                HAL_TIM_PWM_Init
 .text.HAL_TIM_PWM_ConfigChannel
                0x08001530       0xf0 ./system/src/stm32l0/stm32l0xx_hal_tim.o
                0x08001530                HAL_TIM_PWM_ConfigChannel
 .text.HAL_TIMEx_MasterConfigSynchronization
                0x08001620       0x4c ./system/src/stm32l0/stm32l0xx_hal_tim_ex.o
                0x08001620                HAL_TIMEx_MasterConfigSynchronization
 .text._exit    0x0800166c        0x4 ./system/src/newlib/_exit.o
                0x0800166c                _exit
 .text._sbrk    0x08001670       0x44 ./system/src/newlib/_sbrk.o
                0x08001670                _sbrk
 .text.__initialize_args
                0x080016b4       0x10 ./system/src/newlib/_syscalls.o
                0x080016b4                __initialize_args
 .text.trace_printf
                0x080016c4       0x30 ./system/src/diag/Trace.o
                0x080016c4                trace_printf
 .text.trace_write
                0x080016f4        0x8 ./system/src/diag/trace_impl.o
                0x080016f4                trace_write
 .text.__initialize_hardware_early
                0x080016fc        0x8 ./system/src/cortexm/_initialize_hardware.o
                0x080016fc                __initialize_hardware_early
 .text.__initialize_hardware
                0x08001704        0x8 ./system/src/cortexm/_initialize_hardware.o
                0x08001704                __initialize_hardware
 .text.dumpExceptionStack
                0x0800170c       0x88 ./system/src/cortexm/exception_handlers.o
                0x0800170c                dumpExceptionStack
 .text.Default_Handler
                0x08001794        0x2 ./system/src/cmsis/startup_stm32l053xx.o
                0x08001794                TSC_IRQHandler
                0x08001794                ADC1_COMP_IRQHandler
                0x08001794                PVD_IRQHandler
                0x08001794                I2C1_IRQHandler
                0x08001794                RCC_CRS_IRQHandler
                0x08001794                SPI1_IRQHandler
                0x08001794                TIM6_DAC_IRQHandler
                0x08001794                EXTI2_3_IRQHandler
                0x08001794                I2C2_IRQHandler
                0x08001794                RTC_IRQHandler
                0x08001794                LCD_IRQHandler
                0x08001794                EXTI4_15_IRQHandler
                0x08001794                Default_Handler
                0x08001794                TIM22_IRQHandler
                0x08001794                EXTI0_1_IRQHandler
                0x08001794                USB_IRQHandler
                0x08001794                SPI2_IRQHandler
                0x08001794                TIM21_IRQHandler
                0x08001794                WWDG_IRQHandler
                0x08001794                TIM2_IRQHandler
                0x08001794                USART2_IRQHandler
                0x08001794                FLASH_IRQHandler
                0x08001794                USART1_IRQHandler
                0x08001794                RNG_LPUART1_IRQHandler
                0x08001794                LPTIM1_IRQHandler
 *fill*         0x08001796        0x2 
 .text.SystemInit
                0x08001798       0x5c ./system/src/cmsis/system_stm32l0xx.o
                0x08001798                SystemInit
 .text.SystemCoreClockUpdate
                0x080017f4       0xc4 ./system/src/cmsis/system_stm32l0xx.o
                0x080017f4                SystemCoreClockUpdate
 .text.MX_GPIO_Init
                0x080018b8       0xac ./src/main.o
 .text.MX_DMA_Init
                0x08001964       0x50 ./src/main.o
 .text.MX_ADC_Init
                0x080019b4       0x58 ./src/main.o
 .text.MX_TIM2_Init
                0x08001a0c       0x64 ./src/main.o
 .text.MX_TIM21_Init
                0x08001a70       0x50 ./src/main.o
 .text.SystemClock_Config
                0x08001ac0       0x8c ./src/main.o
                0x08001ac0                SystemClock_Config
 .text.main     0x08001b4c       0x20 ./src/main.o
                0x08001b4c                main
 .text.HAL_MspInit
                0x08001b6c       0x20 ./src/stm32l0xx_hal_msp.o
                0x08001b6c                HAL_MspInit
 .text.HAL_ADC_MspInit
                0x08001b8c       0x60 ./src/stm32l0xx_hal_msp.o
                0x08001b8c                HAL_ADC_MspInit
 .text.HAL_TIM_PWM_MspInit
                0x08001bec      0x17c ./src/stm32l0xx_hal_msp.o
                0x08001bec                HAL_TIM_PWM_MspInit
 .text.SysTick_Handler
                0x08001d68        0xc ./src/stm32l0xx_it.o
                0x08001d68                SysTick_Handler
 .text.DMA1_Channel1_IRQHandler
                0x08001d74       0x10 ./src/stm32l0xx_it.o
                0x08001d74                DMA1_Channel1_IRQHandler
 .text.DMA1_Channel2_3_IRQHandler
                0x08001d84       0x10 ./src/stm32l0xx_it.o
                0x08001d84                DMA1_Channel2_3_IRQHandler
 .text.DMA1_Channel4_5_6_7_IRQHandler
                0x08001d94       0x18 ./src/stm32l0xx_it.o
                0x08001d94                DMA1_Channel4_5_6_7_IRQHandler
 .text          0x08001dac      0x120 /home/alex/STM32Toolchain/gcc-arm-none-eabi-4_9-2015q3/bin/../lib/gcc/arm-none-eabi/4.9.3/armv6-m/libgcc.a(_udivsi3.o)
                0x08001dac                __udivsi3
                0x08001dac                __aeabi_uidiv
                0x08001eb8                __aeabi_uidivmod
 .text          0x08001ecc        0x4 /home/alex/STM32Toolchain/gcc-arm-none-eabi-4_9-2015q3/bin/../lib/gcc/arm-none-eabi/4.9.3/armv6-m/libgcc.a(_dvmd_tls.o)
                0x08001ecc                __aeabi_ldiv0
                0x08001ecc                __aeabi_idiv0
 .text.__errno  0x08001ed0        0xc /home/alex/STM32Toolchain/gcc-arm-none-eabi-4_9-2015q3/bin/../lib/gcc/arm-none-eabi/4.9.3/../../../../arm-none-eabi/lib/armv6-m/libg_nano.a(lib_a-errno.o)
                0x08001ed0                __errno
 .text._vsnprintf_r
                0x08001edc       0x54 /home/alex/STM32Toolchain/gcc-arm-none-eabi-4_9-2015q3/bin/../lib/gcc/arm-none-eabi/4.9.3/../../../../arm-none-eabi/lib/armv6-m/libg_nano.a(lib_a-vsnprintf.o)
                0x08001edc                _vsnprintf_r
                0x08001edc                _vsniprintf_r
 .text.vsnprintf
                0x08001f30       0x20 /home/alex/STM32Toolchain/gcc-arm-none-eabi-4_9-2015q3/bin/../lib/gcc/arm-none-eabi/4.9.3/../../../../arm-none-eabi/lib/armv6-m/libg_nano.a(lib_a-vsnprintf.o)
                0x08001f30                vsnprintf
                0x08001f30                vsniprintf
 .text.__ssputs_r
                0x08001f50       0xc0 /home/alex/STM32Toolchain/gcc-arm-none-eabi-4_9-2015q3/bin/../lib/gcc/arm-none-eabi/4.9.3/../../../../arm-none-eabi/lib/armv6-m/libg_nano.a(lib_a-nano-svfprintf.o)
                0x08001f50                __ssputs_r
 .text._svfprintf_r
                0x08002010      0x1ec /home/alex/STM32Toolchain/gcc-arm-none-eabi-4_9-2015q3/bin/../lib/gcc/arm-none-eabi/4.9.3/../../../../arm-none-eabi/lib/armv6-m/libg_nano.a(lib_a-nano-svfprintf.o)
                0x08002010                _svfprintf_r
                0x08002010                _svfiprintf_r
 .text._printf_common
                0x080021fc       0xdc /home/alex/STM32Toolchain/gcc-arm-none-eabi-4_9-2015q3/bin/../lib/gcc/arm-none-eabi/4.9.3/../../../../arm-none-eabi/lib/armv6-m/libg_nano.a(lib_a-nano-vfprintf_i.o)
                0x080021fc                _printf_common
 .text._printf_i
                0x080022d8      0x230 /home/alex/STM32Toolchain/gcc-arm-none-eabi-4_9-2015q3/bin/../lib/gcc/arm-none-eabi/4.9.3/../../../../arm-none-eabi/lib/armv6-m/libg_nano.a(lib_a-nano-vfprintf_i.o)
                0x080022d8                _printf_i
 .text.memchr   0x08002508       0x16 /home/alex/STM32Toolchain/gcc-arm-none-eabi-4_9-2015q3/bin/../lib/gcc/arm-none-eabi/4.9.3/../../../../arm-none-eabi/lib/armv6-m/libg_nano.a(lib_a-memchr.o)
                0x08002508                memchr
 .text.memcpy   0x0800251e       0x12 /home/alex/STM32Toolchain/gcc-arm-none-eabi-4_9-2015q3/bin/../lib/gcc/arm-none-eabi/4.9.3/../../../../arm-none-eabi/lib/armv6-m/libg_nano.a(lib_a-memcpy.o)
                0x0800251e                memcpy
 .text.memmove  0x08002530       0x28 /home/alex/STM32Toolchain/gcc-arm-none-eabi-4_9-2015q3/bin/../lib/gcc/arm-none-eabi/4.9.3/../../../../arm-none-eabi/lib/armv6-m/libg_nano.a(lib_a-memmove.o)
                0x08002530                memmove
 .text._free_r  0x08002558       0x8c /home/alex/STM32Toolchain/gcc-arm-none-eabi-4_9-2015q3/bin/../lib/gcc/arm-none-eabi/4.9.3/../../../../arm-none-eabi/lib/armv6-m/libg_nano.a(lib_a-nano-freer.o)
                0x08002558                _free_r
 .text._malloc_r
                0x080025e4       0xb0 /home/alex/STM32Toolchain/gcc-arm-none-eabi-4_9-2015q3/bin/../lib/gcc/arm-none-eabi/4.9.3/../../../../arm-none-eabi/lib/armv6-m/libg_nano.a(lib_a-nano-mallocr.o)
                0x080025e4                _malloc_r
 .text._realloc_r
                0x08002694       0x4c /home/alex/STM32Toolchain/gcc-arm-none-eabi-4_9-2015q3/bin/../lib/gcc/arm-none-eabi/4.9.3/../../../../arm-none-eabi/lib/armv6-m/libg_nano.a(lib_a-nano-reallocr.o)
                0x08002694                _realloc_r
 .text._sbrk_r  0x080026e0       0x24 /home/alex/STM32Toolchain/gcc-arm-none-eabi-4_9-2015q3/bin/../lib/gcc/arm-none-eabi/4.9.3/../../../../arm-none-eabi/lib/armv6-m/libg_nano.a(lib_a-sbrkr.o)
                0x080026e0                _sbrk_r
 .text._malloc_usable_size_r
                0x08002704       0x16 /home/alex/STM32Toolchain/gcc-arm-none-eabi-4_9-2015q3/bin/../lib/gcc/arm-none-eabi/4.9.3/../../../../arm-none-eabi/lib/armv6-m/libg_nano.a(lib_a-nano-msizer.o)
                0x08002704                _malloc_usable_size_r
 *(.rodata .rodata.* .constdata .constdata.*)
 *fill*         0x0800271a        0x2 
 .rodata.APBAHBPrescTable
                0x0800271c       0x10 ./system/src/stm32l0/stm32l0xx_hal_rcc.o
 .rodata.str1.4
                0x0800272c       0xc0 ./system/src/cortexm/exception_handlers.o
                                 0xbd (size before relaxing)
 .rodata.AHBPrescTable
                0x080027ec       0x10 ./system/src/cmsis/system_stm32l0xx.o
                0x080027ec                AHBPrescTable
 .rodata.PLLMulTable
                0x080027fc        0x9 ./system/src/cmsis/system_stm32l0xx.o
                0x080027fc                PLLMulTable
 .rodata.str1.1
                0x08002805        0x2 /home/alex/STM32Toolchain/gcc-arm-none-eabi-4_9-2015q3/bin/../lib/gcc/arm-none-eabi/4.9.3/../../../../arm-none-eabi/lib/armv6-m/libg_nano.a(lib_a-impure.o)
 .rodata.str1.1
                0x08002807       0x11 /home/alex/STM32Toolchain/gcc-arm-none-eabi-4_9-2015q3/bin/../lib/gcc/arm-none-eabi/4.9.3/../../../../arm-none-eabi/lib/armv6-m/libg_nano.a(lib_a-nano-svfprintf.o)
 .rodata.str1.1
                0x08002818       0x22 /home/alex/STM32Toolchain/gcc-arm-none-eabi-4_9-2015q3/bin/../lib/gcc/arm-none-eabi/4.9.3/../../../../arm-none-eabi/lib/armv6-m/libg_nano.a(lib_a-nano-vfprintf_i.o)
 *(vtable)
 *(.eh_frame*)
 *(.glue_7)
 .glue_7        0x00000000        0x0 linker stubs
 *(.glue_7t)
 .glue_7t       0x00000000        0x0 linker stubs

.vfp11_veneer   0x0800283c        0x0
 .vfp11_veneer  0x00000000        0x0 linker stubs

.v4_bx          0x0800283c        0x0
 .v4_bx         0x00000000        0x0 linker stubs

.iplt           0x0800283c        0x0
 .iplt          0x00000000        0x0 ./system/src/stm32l0/stm32l0xx_hal.o

.rel.dyn        0x0800283c        0x0
 .rel.iplt      0x00000000        0x0 ./system/src/stm32l0/stm32l0xx_hal.o

.ARM.extab
 *(.ARM.extab* .gnu.linkonce.armextab.*)
                0x0800283c                . = ALIGN (0x4)
                0x0800283c                __exidx_start = .

.ARM.exidx
 *(.ARM.exidx* .gnu.linkonce.armexidx.*)
                0x0800283c                __exidx_end = .
                0x0800283c                . = ALIGN (0x4)
                0x0800283c                _etext = .
                0x0800283c                __etext = .

.data_CCMRAM    0x00000000        0x0 load address 0x0800283c
 FILL mask 0xff
 *(.data.CCMRAM .data.CCMRAM.*)
                0x00000000                . = ALIGN (0x4)
                0x0800283c                _sidata = LOADADDR (.data)

.data           0x20000000       0x78 load address 0x0800283c
 FILL mask 0xff
                0x20000000                _sdata = .
                0x20000000                __data_start__ = .
 *(.data_begin .data_begin.*)
 .data_begin    0x20000000        0x4 ./system/src/newlib/_startup.o
 *(.data .data.*)
 .data.argv.4161
                0x20000004        0x8 ./system/src/newlib/_syscalls.o
 .data.SystemCoreClock
                0x2000000c        0x4 ./system/src/cmsis/system_stm32l0xx.o
                0x2000000c                SystemCoreClock
 .data.impure_data
                0x20000010       0x60 /home/alex/STM32Toolchain/gcc-arm-none-eabi-4_9-2015q3/bin/../lib/gcc/arm-none-eabi/4.9.3/../../../../arm-none-eabi/lib/armv6-m/libg_nano.a(lib_a-impure.o)
 .data._impure_ptr
                0x20000070        0x4 /home/alex/STM32Toolchain/gcc-arm-none-eabi-4_9-2015q3/bin/../lib/gcc/arm-none-eabi/4.9.3/../../../../arm-none-eabi/lib/armv6-m/libg_nano.a(lib_a-impure.o)
                0x20000070                _impure_ptr
 *(.data_end .data_end.*)
 .data_end      0x20000074        0x4 ./system/src/newlib/_startup.o
                0x20000078                . = ALIGN (0x4)
                0x20000078                _edata = .
                0x20000078                __data_end__ = .

.igot.plt       0x20000078        0x0 load address 0x080028b4
 .igot.plt      0x00000000        0x0 ./system/src/stm32l0/stm32l0xx_hal.o

.bss_CCMRAM     0x00000000        0x0
 *(.bss.CCMRAM .bss.CCMRAM.*)

.bss            0x20000078      0x260
                0x20000078                __bss_start__ = .
                0x20000078                _sbss = .
 *(.bss_begin .bss_begin.*)
 .bss_begin     0x20000078        0x4 ./system/src/newlib/_startup.o
 *(.bss .bss.*)
 .bss.uwTick    0x2000007c        0x4 ./system/src/stm32l0/stm32l0xx_hal.o
 .bss.current_heap_end.3862
                0x20000080        0x4 ./system/src/newlib/_sbrk.o
 .bss.name.4160
                0x20000084        0x1 ./system/src/newlib/_syscalls.o
 *fill*         0x20000085        0x3 
 .bss.buf.4998  0x20000088       0x80 ./system/src/diag/Trace.o
 .bss.__malloc_sbrk_start
                0x20000108        0x4 /home/alex/STM32Toolchain/gcc-arm-none-eabi-4_9-2015q3/bin/../lib/gcc/arm-none-eabi/4.9.3/../../../../arm-none-eabi/lib/armv6-m/libg_nano.a(lib_a-nano-mallocr.o)
                0x20000108                __malloc_sbrk_start
 .bss.__malloc_free_list
                0x2000010c        0x4 /home/alex/STM32Toolchain/gcc-arm-none-eabi-4_9-2015q3/bin/../lib/gcc/arm-none-eabi/4.9.3/../../../../arm-none-eabi/lib/armv6-m/libg_nano.a(lib_a-nano-mallocr.o)
                0x2000010c                __malloc_free_list
 *(COMMON)
 COMMON         0x20000110        0x4 ./system/src/newlib/_syscalls.o
                0x20000110                errno
 COMMON         0x20000114      0x1c0 ./src/main.o
                0x20000114                hdma_tim2_ch1
                0x20000150                hdma_tim2_ch2
                0x2000018c                hdma_tim2_ch4
                0x200001c8                htim2
                0x20000200                hadc
                0x20000260                hdma_tim2_ch3
                0x2000029c                htim21
 *(.bss_end .bss_end.*)
 .bss_end       0x200002d4        0x4 ./system/src/newlib/_startup.o
                0x200002d8                . = ALIGN (0x4)
                0x200002d8                __bss_end__ = .
                0x200002d8                _ebss = .

.noinit_CCMRAM
 *(.noinit.CCMRAM .noinit.CCMRAM.*)

.noinit         0x200002d8        0x0
                0x200002d8                _noinit = .
 *(.noinit .noinit.*)
                0x200002d8                . = ALIGN (0x4)
                0x200002d8                _end_noinit = .
                0x200002d8                PROVIDE (end, _end_noinit)
                0x200002d8                PROVIDE (_end, _end_noinit)
                0x200002d8                PROVIDE (__end, _end_noinit)
                0x200002d8                PROVIDE (__end__, _end_noinit)

._check_stack   0x200002d8      0x100
                0x200003d8                . = (. + _Minimum_Stack_Size)
 *fill*         0x200002d8      0x100 

.b1text
 *(.b1text)
 *(.b1rodata)
 *(.b1rodata.*)

.eb0text
 *(.eb0text)
 *(.eb0rodata)
 *(.eb0rodata.*)

.eb1text
 *(.eb1text)
 *(.eb1rodata)
 *(.eb1rodata.*)

.eb2text
 *(.eb2text)
 *(.eb2rodata)
 *(.eb2rodata.*)

.eb3text
 *(.eb3text)
 *(.eb3rodata)
 *(.eb3rodata.*)

.stab
 *(.stab)

.stabstr
 *(.stabstr)

.stab.excl
 *(.stab.excl)

.stab.exclstr
 *(.stab.exclstr)

.stab.index
 *(.stab.index)

.stab.indexstr
 *(.stab.indexstr)

.comment        0x00000000       0x70
 *(.comment)
 .comment       0x00000000       0x70 ./system/src/stm32l0/stm32l0xx_hal.o
                                 0x71 (size before relaxing)
 .comment       0x00000000       0x71 ./system/src/stm32l0/stm32l0xx_hal_adc.o
 .comment       0x00000000       0x71 ./system/src/stm32l0/stm32l0xx_hal_cortex.o
 .comment       0x00000000       0x71 ./system/src/stm32l0/stm32l0xx_hal_dma.o
 .comment       0x00000000       0x71 ./system/src/stm32l0/stm32l0xx_hal_gpio.o
 .comment       0x00000000       0x71 ./system/src/stm32l0/stm32l0xx_hal_rcc.o
 .comment       0x00000000       0x71 ./system/src/stm32l0/stm32l0xx_hal_tim.o
 .comment       0x00000000       0x71 ./system/src/stm32l0/stm32l0xx_hal_tim_ex.o
 .comment       0x00000000       0x71 ./system/src/newlib/_exit.o
 .comment       0x00000000       0x71 ./system/src/newlib/_sbrk.o
 .comment       0x00000000       0x71 ./system/src/newlib/_startup.o
 .comment       0x00000000       0x71 ./system/src/newlib/_syscalls.o
 .comment       0x00000000       0x71 ./system/src/diag/Trace.o
 .comment       0x00000000       0x71 ./system/src/diag/trace_impl.o
 .comment       0x00000000       0x71 ./system/src/cortexm/_initialize_hardware.o
 .comment       0x00000000       0x71 ./system/src/cortexm/exception_handlers.o
 .comment       0x00000000       0x71 ./system/src/cmsis/system_stm32l0xx.o
 .comment       0x00000000       0x71 ./src/main.o
 .comment       0x00000000       0x71 ./src/stm32l0xx_hal_msp.o
 .comment       0x00000000       0x71 ./src/stm32l0xx_it.o

.ARM.attributes
                0x00000000       0x2f
 .ARM.attributes
                0x00000000       0x31 ./system/src/stm32l0/stm32l0xx_hal.o
 .ARM.attributes
                0x00000031       0x31 ./system/src/stm32l0/stm32l0xx_hal_adc.o
 .ARM.attributes
                0x00000062       0x31 ./system/src/stm32l0/stm32l0xx_hal_cortex.o
 .ARM.attributes
                0x00000093       0x31 ./system/src/stm32l0/stm32l0xx_hal_dma.o
 .ARM.attributes
                0x000000c4       0x31 ./system/src/stm32l0/stm32l0xx_hal_gpio.o
 .ARM.attributes
                0x000000f5       0x31 ./system/src/stm32l0/stm32l0xx_hal_rcc.o
 .ARM.attributes
                0x00000126       0x31 ./system/src/stm32l0/stm32l0xx_hal_tim.o
 .ARM.attributes
                0x00000157       0x31 ./system/src/stm32l0/stm32l0xx_hal_tim_ex.o
 .ARM.attributes
                0x00000188       0x31 ./system/src/newlib/_exit.o
 .ARM.attributes
                0x000001b9       0x31 ./system/src/newlib/_sbrk.o
 .ARM.attributes
                0x000001ea       0x31 ./system/src/newlib/_startup.o
 .ARM.attributes
                0x0000021b       0x31 ./system/src/newlib/_syscalls.o
 .ARM.attributes
                0x0000024c       0x31 ./system/src/diag/Trace.o
 .ARM.attributes
                0x0000027d       0x31 ./system/src/diag/trace_impl.o
 .ARM.attributes
                0x000002ae       0x31 ./system/src/cortexm/_initialize_hardware.o
 .ARM.attributes
                0x000002df       0x31 ./system/src/cortexm/exception_handlers.o
 .ARM.attributes
                0x00000310       0x22 ./system/src/cmsis/startup_stm32l053xx.o
 .ARM.attributes
                0x00000332       0x31 ./system/src/cmsis/system_stm32l0xx.o
 .ARM.attributes
                0x00000363       0x31 ./src/main.o
 .ARM.attributes
                0x00000394       0x31 ./src/stm32l0xx_hal_msp.o
 .ARM.attributes
                0x000003c5       0x31 ./src/stm32l0xx_it.o
 .ARM.attributes
                0x000003f6       0x1e /home/alex/STM32Toolchain/gcc-arm-none-eabi-4_9-2015q3/bin/../lib/gcc/arm-none-eabi/4.9.3/armv6-m/libgcc.a(_udivsi3.o)
 .ARM.attributes
                0x00000414       0x1e /home/alex/STM32Toolchain/gcc-arm-none-eabi-4_9-2015q3/bin/../lib/gcc/arm-none-eabi/4.9.3/armv6-m/libgcc.a(_dvmd_tls.o)
 .ARM.attributes
                0x00000432       0x2c /home/alex/STM32Toolchain/gcc-arm-none-eabi-4_9-2015q3/bin/../lib/gcc/arm-none-eabi/4.9.3/../../../../arm-none-eabi/lib/armv6-m/libg_nano.a(lib_a-errno.o)
 .ARM.attributes
                0x0000045e       0x2c /home/alex/STM32Toolchain/gcc-arm-none-eabi-4_9-2015q3/bin/../lib/gcc/arm-none-eabi/4.9.3/../../../../arm-none-eabi/lib/armv6-m/libg_nano.a(lib_a-impure.o)
 .ARM.attributes
                0x0000048a       0x2c /home/alex/STM32Toolchain/gcc-arm-none-eabi-4_9-2015q3/bin/../lib/gcc/arm-none-eabi/4.9.3/../../../../arm-none-eabi/lib/armv6-m/libg_nano.a(lib_a-vsnprintf.o)
 .ARM.attributes
                0x000004b6       0x2c /home/alex/STM32Toolchain/gcc-arm-none-eabi-4_9-2015q3/bin/../lib/gcc/arm-none-eabi/4.9.3/../../../../arm-none-eabi/lib/armv6-m/libg_nano.a(lib_a-nano-svfprintf.o)
 .ARM.attributes
                0x000004e2       0x2c /home/alex/STM32Toolchain/gcc-arm-none-eabi-4_9-2015q3/bin/../lib/gcc/arm-none-eabi/4.9.3/../../../../arm-none-eabi/lib/armv6-m/libg_nano.a(lib_a-nano-vfprintf_i.o)
 .ARM.attributes
                0x0000050e       0x2c /home/alex/STM32Toolchain/gcc-arm-none-eabi-4_9-2015q3/bin/../lib/gcc/arm-none-eabi/4.9.3/../../../../arm-none-eabi/lib/armv6-m/libg_nano.a(lib_a-memchr.o)
 .ARM.attributes
                0x0000053a       0x2c /home/alex/STM32Toolchain/gcc-arm-none-eabi-4_9-2015q3/bin/../lib/gcc/arm-none-eabi/4.9.3/../../../../arm-none-eabi/lib/armv6-m/libg_nano.a(lib_a-memcpy.o)
 .ARM.attributes
                0x00000566       0x2c /home/alex/STM32Toolchain/gcc-arm-none-eabi-4_9-2015q3/bin/../lib/gcc/arm-none-eabi/4.9.3/../../../../arm-none-eabi/lib/armv6-m/libg_nano.a(lib_a-memmove.o)
 .ARM.attributes
                0x00000592       0x2c /home/alex/STM32Toolchain/gcc-arm-none-eabi-4_9-2015q3/bin/../lib/gcc/arm-none-eabi/4.9.3/../../../../arm-none-eabi/lib/armv6-m/libg_nano.a(lib_a-nano-freer.o)
 .ARM.attributes
                0x000005be       0x2c /home/alex/STM32Toolchain/gcc-arm-none-eabi-4_9-2015q3/bin/../lib/gcc/arm-none-eabi/4.9.3/../../../../arm-none-eabi/lib/armv6-m/libg_nano.a(lib_a-nano-mallocr.o)
 .ARM.attributes
                0x000005ea       0x2c /home/alex/STM32Toolchain/gcc-arm-none-eabi-4_9-2015q3/bin/../lib/gcc/arm-none-eabi/4.9.3/../../../../arm-none-eabi/lib/armv6-m/libg_nano.a(lib_a-nano-reallocr.o)
 .ARM.attributes
                0x00000616       0x2c /home/alex/STM32Toolchain/gcc-arm-none-eabi-4_9-2015q3/bin/../lib/gcc/arm-none-eabi/4.9.3/../../../../arm-none-eabi/lib/armv6-m/libg_nano.a(lib_a-sbrkr.o)
 .ARM.attributes
                0x00000642       0x2c /home/alex/STM32Toolchain/gcc-arm-none-eabi-4_9-2015q3/bin/../lib/gcc/arm-none-eabi/4.9.3/../../../../arm-none-eabi/lib/armv6-m/libg_nano.a(lib_a-nano-msizer.o)

.debug
 *(.debug)

.line
 *(.line)

.debug_srcinfo
 *(.debug_srcinfo)

.debug_sfnames
 *(.debug_sfnames)

.debug_aranges  0x00000000      0x9f0
 *(.debug_aranges)
 .debug_aranges
                0x00000000       0xf0 ./system/src/stm32l0/stm32l0xx_hal.o
 .debug_aranges
                0x000000f0      0x100 ./system/src/stm32l0/stm32l0xx_hal_adc.o
 .debug_aranges
                0x000001f0       0x80 ./system/src/stm32l0/stm32l0xx_hal_cortex.o
 .debug_aranges
                0x00000270       0x68 ./system/src/stm32l0/stm32l0xx_hal_dma.o
 .debug_aranges
                0x000002d8       0x58 ./system/src/stm32l0/stm32l0xx_hal_gpio.o
 .debug_aranges
                0x00000330       0x80 ./system/src/stm32l0/stm32l0xx_hal_rcc.o
 .debug_aranges
                0x000003b0      0x368 ./system/src/stm32l0/stm32l0xx_hal_tim.o
 .debug_aranges
                0x00000718       0x28 ./system/src/stm32l0/stm32l0xx_hal_tim_ex.o
 .debug_aranges
                0x00000740       0x28 ./system/src/newlib/_exit.o
 .debug_aranges
                0x00000768       0x20 ./system/src/newlib/_sbrk.o
 .debug_aranges
                0x00000788       0x40 ./system/src/newlib/_startup.o
 .debug_aranges
                0x000007c8       0x30 ./system/src/newlib/_syscalls.o
 .debug_aranges
                0x000007f8       0x38 ./system/src/diag/Trace.o
 .debug_aranges
                0x00000830       0x28 ./system/src/diag/trace_impl.o
 .debug_aranges
                0x00000858       0x28 ./system/src/cortexm/_initialize_hardware.o
 .debug_aranges
                0x00000880       0x58 ./system/src/cortexm/exception_handlers.o
 .debug_aranges
                0x000008d8       0x28 ./system/src/cmsis/startup_stm32l053xx.o
 .debug_aranges
                0x00000900       0x28 ./system/src/cmsis/system_stm32l0xx.o
 .debug_aranges
                0x00000928       0x50 ./src/main.o
 .debug_aranges
                0x00000978       0x40 ./src/stm32l0xx_hal_msp.o
 .debug_aranges
                0x000009b8       0x38 ./src/stm32l0xx_it.o

.debug_pubnames
 *(.debug_pubnames)

.debug_info     0x00000000     0x9f72
 *(.debug_info .gnu.linkonce.wi.*)
 .debug_info    0x00000000      0x793 ./system/src/stm32l0/stm32l0xx_hal.o
 .debug_info    0x00000793      0xe5a ./system/src/stm32l0/stm32l0xx_hal_adc.o
 .debug_info    0x000015ed      0x887 ./system/src/stm32l0/stm32l0xx_hal_cortex.o
 .debug_info    0x00001e74      0x63c ./system/src/stm32l0/stm32l0xx_hal_dma.o
 .debug_info    0x000024b0      0x625 ./system/src/stm32l0/stm32l0xx_hal_gpio.o
 .debug_info    0x00002ad5      0xaa2 ./system/src/stm32l0/stm32l0xx_hal_rcc.o
 .debug_info    0x00003577     0x2cc7 ./system/src/stm32l0/stm32l0xx_hal_tim.o
 .debug_info    0x0000623e      0x582 ./system/src/stm32l0/stm32l0xx_hal_tim_ex.o
 .debug_info    0x000067c0      0x100 ./system/src/newlib/_exit.o
 .debug_info    0x000068c0      0x125 ./system/src/newlib/_sbrk.o
 .debug_info    0x000069e5      0x474 ./system/src/newlib/_startup.o
 .debug_info    0x00006e59      0x1bc ./system/src/newlib/_syscalls.o
 .debug_info    0x00007015      0x32b ./system/src/diag/Trace.o
 .debug_info    0x00007340       0xf8 ./system/src/diag/trace_impl.o
 .debug_info    0x00007438       0xc3 ./system/src/cortexm/_initialize_hardware.o
 .debug_info    0x000074fb      0x340 ./system/src/cortexm/exception_handlers.o
 .debug_info    0x0000783b       0x7a ./system/src/cmsis/startup_stm32l053xx.o
 .debug_info    0x000078b5      0x32c ./system/src/cmsis/system_stm32l0xx.o
 .debug_info    0x00007be1     0x12bf ./src/main.o
 .debug_info    0x00008ea0      0xd97 ./src/stm32l0xx_hal_msp.o
 .debug_info    0x00009c37      0x33b ./src/stm32l0xx_it.o

.debug_abbrev   0x00000000     0x1e15
 *(.debug_abbrev)
 .debug_abbrev  0x00000000      0x229 ./system/src/stm32l0/stm32l0xx_hal.o
 .debug_abbrev  0x00000229      0x203 ./system/src/stm32l0/stm32l0xx_hal_adc.o
 .debug_abbrev  0x0000042c      0x22a ./system/src/stm32l0/stm32l0xx_hal_cortex.o
 .debug_abbrev  0x00000656      0x1e1 ./system/src/stm32l0/stm32l0xx_hal_dma.o
 .debug_abbrev  0x00000837      0x1c9 ./system/src/stm32l0/stm32l0xx_hal_gpio.o
 .debug_abbrev  0x00000a00      0x282 ./system/src/stm32l0/stm32l0xx_hal_rcc.o
 .debug_abbrev  0x00000c82      0x22c ./system/src/stm32l0/stm32l0xx_hal_tim.o
 .debug_abbrev  0x00000eae      0x17a ./system/src/stm32l0/stm32l0xx_hal_tim_ex.o
 .debug_abbrev  0x00001028       0xa4 ./system/src/newlib/_exit.o
 .debug_abbrev  0x000010cc       0xbb ./system/src/newlib/_sbrk.o
 .debug_abbrev  0x00001187      0x1e9 ./system/src/newlib/_startup.o
 .debug_abbrev  0x00001370       0xee ./system/src/newlib/_syscalls.o
 .debug_abbrev  0x0000145e      0x178 ./system/src/diag/Trace.o
 .debug_abbrev  0x000015d6       0x9c ./system/src/diag/trace_impl.o
 .debug_abbrev  0x00001672       0x63 ./system/src/cortexm/_initialize_hardware.o
 .debug_abbrev  0x000016d5      0x165 ./system/src/cortexm/exception_handlers.o
 .debug_abbrev  0x0000183a       0x12 ./system/src/cmsis/startup_stm32l053xx.o
 .debug_abbrev  0x0000184c       0xf3 ./system/src/cmsis/system_stm32l0xx.o
 .debug_abbrev  0x0000193f      0x212 ./src/main.o
 .debug_abbrev  0x00001b51      0x1bb ./src/stm32l0xx_hal_msp.o
 .debug_abbrev  0x00001d0c      0x109 ./src/stm32l0xx_it.o

.debug_line     0x00000000     0x76be
 *(.debug_line)
 .debug_line    0x00000000      0x770 ./system/src/stm32l0/stm32l0xx_hal.o
 .debug_line    0x00000770      0xa44 ./system/src/stm32l0/stm32l0xx_hal_adc.o
 .debug_line    0x000011b4      0x701 ./system/src/stm32l0/stm32l0xx_hal_cortex.o
 .debug_line    0x000018b5      0x9a7 ./system/src/stm32l0/stm32l0xx_hal_dma.o
 .debug_line    0x0000225c      0x6c5 ./system/src/stm32l0/stm32l0xx_hal_gpio.o
 .debug_line    0x00002921      0x850 ./system/src/stm32l0/stm32l0xx_hal_rcc.o
 .debug_line    0x00003171     0x12df ./system/src/stm32l0/stm32l0xx_hal_tim.o
 .debug_line    0x00004450      0x5f2 ./system/src/stm32l0/stm32l0xx_hal_tim_ex.o
 .debug_line    0x00004a42      0x2c6 ./system/src/newlib/_exit.o
 .debug_line    0x00004d08      0x273 ./system/src/newlib/_sbrk.o
 .debug_line    0x00004f7b      0x332 ./system/src/newlib/_startup.o
 .debug_line    0x000052ad      0x3a1 ./system/src/newlib/_syscalls.o
 .debug_line    0x0000564e      0x322 ./system/src/diag/Trace.o
 .debug_line    0x00005970      0x358 ./system/src/diag/trace_impl.o
 .debug_line    0x00005cc8      0x18d ./system/src/cortexm/_initialize_hardware.o
 .debug_line    0x00005e55      0x416 ./system/src/cortexm/exception_handlers.o
 .debug_line    0x0000626b       0x8c ./system/src/cmsis/startup_stm32l053xx.o
 .debug_line    0x000062f7      0x18f ./system/src/cmsis/system_stm32l0xx.o
 .debug_line    0x00006486      0x64e ./src/main.o
 .debug_line    0x00006ad4      0x625 ./src/stm32l0xx_hal_msp.o
 .debug_line    0x000070f9      0x5c5 ./src/stm32l0xx_it.o

.debug_frame    0x00000000     0x19f8
 *(.debug_frame)
 .debug_frame   0x00000000      0x1e4 ./system/src/stm32l0/stm32l0xx_hal.o
 .debug_frame   0x000001e4      0x2bc ./system/src/stm32l0/stm32l0xx_hal_adc.o
 .debug_frame   0x000004a0       0xfc ./system/src/stm32l0/stm32l0xx_hal_cortex.o
 .debug_frame   0x0000059c      0x108 ./system/src/stm32l0/stm32l0xx_hal_dma.o
 .debug_frame   0x000006a4       0xcc ./system/src/stm32l0/stm32l0xx_hal_gpio.o
 .debug_frame   0x00000770      0x138 ./system/src/stm32l0/stm32l0xx_hal_rcc.o
 .debug_frame   0x000008a8      0x998 ./system/src/stm32l0/stm32l0xx_hal_tim.o
 .debug_frame   0x00001240       0x40 ./system/src/stm32l0/stm32l0xx_hal_tim_ex.o
 .debug_frame   0x00001280       0x38 ./system/src/newlib/_exit.o
 .debug_frame   0x000012b8       0x28 ./system/src/newlib/_sbrk.o
 .debug_frame   0x000012e0       0x80 ./system/src/newlib/_startup.o
 .debug_frame   0x00001360       0x50 ./system/src/newlib/_syscalls.o
 .debug_frame   0x000013b0       0x78 ./system/src/diag/Trace.o
 .debug_frame   0x00001428       0x30 ./system/src/diag/trace_impl.o
 .debug_frame   0x00001458       0x40 ./system/src/cortexm/_initialize_hardware.o
 .debug_frame   0x00001498       0xb0 ./system/src/cortexm/exception_handlers.o
 .debug_frame   0x00001548       0x38 ./system/src/cmsis/system_stm32l0xx.o
 .debug_frame   0x00001580       0xd0 ./src/main.o
 .debug_frame   0x00001650       0xa0 ./src/stm32l0xx_hal_msp.o
 .debug_frame   0x000016f0       0x70 ./src/stm32l0xx_it.o
 .debug_frame   0x00001760       0x20 /home/alex/STM32Toolchain/gcc-arm-none-eabi-4_9-2015q3/bin/../lib/gcc/arm-none-eabi/4.9.3/armv6-m/libgcc.a(_udivsi3.o)
 .debug_frame   0x00001780       0x20 /home/alex/STM32Toolchain/gcc-arm-none-eabi-4_9-2015q3/bin/../lib/gcc/arm-none-eabi/4.9.3/../../../../arm-none-eabi/lib/armv6-m/libg_nano.a(lib_a-errno.o)
 .debug_frame   0x000017a0       0x4c /home/alex/STM32Toolchain/gcc-arm-none-eabi-4_9-2015q3/bin/../lib/gcc/arm-none-eabi/4.9.3/../../../../arm-none-eabi/lib/armv6-m/libg_nano.a(lib_a-vsnprintf.o)
 .debug_frame   0x000017ec       0x74 /home/alex/STM32Toolchain/gcc-arm-none-eabi-4_9-2015q3/bin/../lib/gcc/arm-none-eabi/4.9.3/../../../../arm-none-eabi/lib/armv6-m/libg_nano.a(lib_a-nano-svfprintf.o)
 .debug_frame   0x00001860       0x54 /home/alex/STM32Toolchain/gcc-arm-none-eabi-4_9-2015q3/bin/../lib/gcc/arm-none-eabi/4.9.3/../../../../arm-none-eabi/lib/armv6-m/libg_nano.a(lib_a-nano-vfprintf_i.o)
 .debug_frame   0x000018b4       0x20 /home/alex/STM32Toolchain/gcc-arm-none-eabi-4_9-2015q3/bin/../lib/gcc/arm-none-eabi/4.9.3/../../../../arm-none-eabi/lib/armv6-m/libg_nano.a(lib_a-memchr.o)
 .debug_frame   0x000018d4       0x28 /home/alex/STM32Toolchain/gcc-arm-none-eabi-4_9-2015q3/bin/../lib/gcc/arm-none-eabi/4.9.3/../../../../arm-none-eabi/lib/armv6-m/libg_nano.a(lib_a-memcpy.o)
 .debug_frame   0x000018fc       0x28 /home/alex/STM32Toolchain/gcc-arm-none-eabi-4_9-2015q3/bin/../lib/gcc/arm-none-eabi/4.9.3/../../../../arm-none-eabi/lib/armv6-m/libg_nano.a(lib_a-memmove.o)
 .debug_frame   0x00001924       0x2c /home/alex/STM32Toolchain/gcc-arm-none-eabi-4_9-2015q3/bin/../lib/gcc/arm-none-eabi/4.9.3/../../../../arm-none-eabi/lib/armv6-m/libg_nano.a(lib_a-nano-freer.o)
 .debug_frame   0x00001950       0x2c /home/alex/STM32Toolchain/gcc-arm-none-eabi-4_9-2015q3/bin/../lib/gcc/arm-none-eabi/4.9.3/../../../../arm-none-eabi/lib/armv6-m/libg_nano.a(lib_a-nano-mallocr.o)
 .debug_frame   0x0000197c       0x30 /home/alex/STM32Toolchain/gcc-arm-none-eabi-4_9-2015q3/bin/../lib/gcc/arm-none-eabi/4.9.3/../../../../arm-none-eabi/lib/armv6-m/libg_nano.a(lib_a-nano-reallocr.o)
 .debug_frame   0x000019ac       0x2c /home/alex/STM32Toolchain/gcc-arm-none-eabi-4_9-2015q3/bin/../lib/gcc/arm-none-eabi/4.9.3/../../../../arm-none-eabi/lib/armv6-m/libg_nano.a(lib_a-sbrkr.o)
 .debug_frame   0x000019d8       0x20 /home/alex/STM32Toolchain/gcc-arm-none-eabi-4_9-2015q3/bin/../lib/gcc/arm-none-eabi/4.9.3/../../../../arm-none-eabi/lib/armv6-m/libg_nano.a(lib_a-nano-msizer.o)

.debug_str      0x00000000    0x5c7bb
 *(.debug_str)
 .debug_str     0x00000000    0x577f2 ./system/src/stm32l0/stm32l0xx_hal.o
                              0x57c7a (size before relaxing)
 .debug_str     0x000577f2      0x724 ./system/src/stm32l0/stm32l0xx_hal_adc.o
                              0x57cf5 (size before relaxing)
 .debug_str     0x00057f16      0x25a ./system/src/stm32l0/stm32l0xx_hal_cortex.o
                              0x57a41 (size before relaxing)
 .debug_str     0x00058170      0x161 ./system/src/stm32l0/stm32l0xx_hal_dma.o
                              0x578b4 (size before relaxing)
 .debug_str     0x000582d1      0x2ab ./system/src/stm32l0/stm32l0xx_hal_gpio.o
                              0x578d5 (size before relaxing)
 .debug_str     0x0005857c      0x4a6 ./system/src/stm32l0/stm32l0xx_hal_rcc.o
                              0x57bd2 (size before relaxing)
 .debug_str     0x00058a22      0xe10 ./system/src/stm32l0/stm32l0xx_hal_tim.o
                              0x5862d (size before relaxing)
 .debug_str     0x00059832       0xb9 ./system/src/stm32l0/stm32l0xx_hal_tim_ex.o
                              0x57991 (size before relaxing)
 .debug_str     0x000598eb     0x1090 ./system/src/newlib/_exit.o
                               0x5e74 (size before relaxing)
 .debug_str     0x0005a97b      0x4de ./system/src/newlib/_sbrk.o
                               0x5285 (size before relaxing)
 .debug_str     0x0005ae59      0x266 ./system/src/newlib/_startup.o
                               0x4e5d (size before relaxing)
 .debug_str     0x0005b0bf     0x11be ./system/src/newlib/_syscalls.o
                               0x6485 (size before relaxing)
 .debug_str     0x0005c27d      0x191 ./system/src/diag/Trace.o
                               0x6795 (size before relaxing)
 .debug_str     0x0005c40e       0x50 ./system/src/diag/trace_impl.o
                              0x224a5 (size before relaxing)
 .debug_str     0x0005c45e       0x4e ./system/src/cortexm/_initialize_hardware.o
                              0x1f78b (size before relaxing)
 .debug_str     0x0005c4ac      0x166 ./system/src/cortexm/exception_handlers.o
                              0x231fb (size before relaxing)
 .debug_str     0x0005c612       0x5a ./system/src/cmsis/system_stm32l0xx.o
                              0x1f8cd (size before relaxing)
 .debug_str     0x0005c66c       0xb0 ./src/main.o
                              0x58138 (size before relaxing)
 .debug_str     0x0005c71c       0x24 ./src/stm32l0xx_hal_msp.o
                              0x57e66 (size before relaxing)
 .debug_str     0x0005c740       0x7b ./src/stm32l0xx_it.o
                              0x577cc (size before relaxing)

.debug_loc      0x00000000     0x598e
 *(.debug_loc)
 .debug_loc     0x00000000       0xac ./system/src/stm32l0/stm32l0xx_hal.o
 .debug_loc     0x000000ac      0xb19 ./system/src/stm32l0/stm32l0xx_hal_adc.o
 .debug_loc     0x00000bc5      0x268 ./system/src/stm32l0/stm32l0xx_hal_cortex.o
 .debug_loc     0x00000e2d      0x4e8 ./system/src/stm32l0/stm32l0xx_hal_dma.o
 .debug_loc     0x00001315      0x2af ./system/src/stm32l0/stm32l0xx_hal_gpio.o
 .debug_loc     0x000015c4      0x6b4 ./system/src/stm32l0/stm32l0xx_hal_rcc.o
 .debug_loc     0x00001c78     0x35a5 ./system/src/stm32l0/stm32l0xx_hal_tim.o
 .debug_loc     0x0000521d       0x74 ./system/src/stm32l0/stm32l0xx_hal_tim_ex.o
 .debug_loc     0x00005291       0x7b ./system/src/newlib/_sbrk.o
 .debug_loc     0x0000530c      0x265 ./system/src/newlib/_startup.o
 .debug_loc     0x00005571       0x63 ./system/src/newlib/_syscalls.o
 .debug_loc     0x000055d4       0xf7 ./system/src/diag/Trace.o
 .debug_loc     0x000056cb       0x21 ./system/src/diag/trace_impl.o
 .debug_loc     0x000056ec       0x94 ./system/src/cortexm/exception_handlers.o
 .debug_loc     0x00005780      0x148 ./system/src/cmsis/system_stm32l0xx.o
 .debug_loc     0x000058c8       0xc6 ./src/stm32l0xx_hal_msp.o

.debug_macinfo
 *(.debug_macinfo)

.debug_weaknames
 *(.debug_weaknames)

.debug_funcnames
 *(.debug_funcnames)

.debug_typenames
 *(.debug_typenames)

.debug_varnames
 *(.debug_varnames)
OUTPUT(bat-ager-stm32l0.elf elf32-littlearm)

.debug_ranges   0x00000000      0x8d8
 .debug_ranges  0x00000000       0xe0 ./system/src/stm32l0/stm32l0xx_hal.o
 .debug_ranges  0x000000e0       0xf0 ./system/src/stm32l0/stm32l0xx_hal_adc.o
 .debug_ranges  0x000001d0       0x70 ./system/src/stm32l0/stm32l0xx_hal_cortex.o
 .debug_ranges  0x00000240       0x58 ./system/src/stm32l0/stm32l0xx_hal_dma.o
 .debug_ranges  0x00000298       0x48 ./system/src/stm32l0/stm32l0xx_hal_gpio.o
 .debug_ranges  0x000002e0       0x88 ./system/src/stm32l0/stm32l0xx_hal_rcc.o
 .debug_ranges  0x00000368      0x358 ./system/src/stm32l0/stm32l0xx_hal_tim.o
 .debug_ranges  0x000006c0       0x18 ./system/src/stm32l0/stm32l0xx_hal_tim_ex.o
 .debug_ranges  0x000006d8       0x18 ./system/src/newlib/_exit.o
 .debug_ranges  0x000006f0       0x10 ./system/src/newlib/_sbrk.o
 .debug_ranges  0x00000700       0x48 ./system/src/newlib/_startup.o
 .debug_ranges  0x00000748       0x20 ./system/src/newlib/_syscalls.o
 .debug_ranges  0x00000768       0x28 ./system/src/diag/Trace.o
 .debug_ranges  0x00000790       0x18 ./system/src/diag/trace_impl.o
 .debug_ranges  0x000007a8       0x18 ./system/src/cortexm/_initialize_hardware.o
 .debug_ranges  0x000007c0       0x48 ./system/src/cortexm/exception_handlers.o
 .debug_ranges  0x00000808       0x20 ./system/src/cmsis/startup_stm32l053xx.o
 .debug_ranges  0x00000828       0x18 ./system/src/cmsis/system_stm32l0xx.o
 .debug_ranges  0x00000840       0x40 ./src/main.o
 .debug_ranges  0x00000880       0x30 ./src/stm32l0xx_hal_msp.o
 .debug_ranges  0x000008b0       0x28 ./src/stm32l0xx_it.o

.debug_macro    0x00000000     0xfa16
 .debug_macro   0x00000000      0x2a1 ./system/src/stm32l0/stm32l0xx_hal.o
 .debug_macro   0x000002a1      0x832 ./system/src/stm32l0/stm32l0xx_hal.o
 .debug_macro   0x00000ad3       0xdc ./system/src/stm32l0/stm32l0xx_hal.o
 .debug_macro   0x00000baf       0x9c ./system/src/stm32l0/stm32l0xx_hal.o
 .debug_macro   0x00000c4b       0x2e ./system/src/stm32l0/stm32l0xx_hal.o
 .debug_macro   0x00000c79       0x28 ./system/src/stm32l0/stm32l0xx_hal.o
 .debug_macro   0x00000ca1      0x34e ./system/src/stm32l0/stm32l0xx_hal.o
 .debug_macro   0x00000fef       0x35 ./system/src/stm32l0/stm32l0xx_hal.o
 .debug_macro   0x00001024       0x26 ./system/src/stm32l0/stm32l0xx_hal.o
 .debug_macro   0x0000104a      0x44f ./system/src/stm32l0/stm32l0xx_hal.o
 .debug_macro   0x00001499     0x49ed ./system/src/stm32l0/stm32l0xx_hal.o
 .debug_macro   0x00005e86       0x3c ./system/src/stm32l0/stm32l0xx_hal.o
 .debug_macro   0x00005ec2     0x31a7 ./system/src/stm32l0/stm32l0xx_hal.o
 .debug_macro   0x00009069       0x58 ./system/src/stm32l0/stm32l0xx_hal.o
 .debug_macro   0x000090c1       0x22 ./system/src/stm32l0/stm32l0xx_hal.o
 .debug_macro   0x000090e3       0x35 ./system/src/stm32l0/stm32l0xx_hal.o
 .debug_macro   0x00009118       0x9c ./system/src/stm32l0/stm32l0xx_hal.o
 .debug_macro   0x000091b4       0x16 ./system/src/stm32l0/stm32l0xx_hal.o
 .debug_macro   0x000091ca       0x4a ./system/src/stm32l0/stm32l0xx_hal.o
 .debug_macro   0x00009214       0x97 ./system/src/stm32l0/stm32l0xx_hal.o
 .debug_macro   0x000092ab      0x27a ./system/src/stm32l0/stm32l0xx_hal.o
 .debug_macro   0x00009525       0xf6 ./system/src/stm32l0/stm32l0xx_hal.o
 .debug_macro   0x0000961b       0x10 ./system/src/stm32l0/stm32l0xx_hal.o
 .debug_macro   0x0000962b       0x52 ./system/src/stm32l0/stm32l0xx_hal.o
 .debug_macro   0x0000967d       0x16 ./system/src/stm32l0/stm32l0xx_hal.o
 .debug_macro   0x00009693       0x43 ./system/src/stm32l0/stm32l0xx_hal.o
 .debug_macro   0x000096d6      0x180 ./system/src/stm32l0/stm32l0xx_hal.o
 .debug_macro   0x00009856       0x10 ./system/src/stm32l0/stm32l0xx_hal.o
 .debug_macro   0x00009866       0x22 ./system/src/stm32l0/stm32l0xx_hal.o
 .debug_macro   0x00009888       0x22 ./system/src/stm32l0/stm32l0xx_hal.o
 .debug_macro   0x000098aa       0xbe ./system/src/stm32l0/stm32l0xx_hal.o
 .debug_macro   0x00009968       0x16 ./system/src/stm32l0/stm32l0xx_hal.o
 .debug_macro   0x0000997e      0x197 ./system/src/stm32l0/stm32l0xx_hal.o
 .debug_macro   0x00009b15       0x57 ./system/src/stm32l0/stm32l0xx_hal.o
 .debug_macro   0x00009b6c      0x7eb ./system/src/stm32l0/stm32l0xx_hal.o
 .debug_macro   0x0000a357      0x7b9 ./system/src/stm32l0/stm32l0xx_hal.o
 .debug_macro   0x0000ab10      0x14d ./system/src/stm32l0/stm32l0xx_hal.o
 .debug_macro   0x0000ac5d      0x184 ./system/src/stm32l0/stm32l0xx_hal.o
 .debug_macro   0x0000ade1      0x26b ./system/src/stm32l0/stm32l0xx_hal.o
 .debug_macro   0x0000b04c      0x1ef ./system/src/stm32l0/stm32l0xx_hal.o
 .debug_macro   0x0000b23b      0x4e4 ./system/src/stm32l0/stm32l0xx_hal.o
 .debug_macro   0x0000b71f       0x66 ./system/src/stm32l0/stm32l0xx_hal.o
 .debug_macro   0x0000b785      0x120 ./system/src/stm32l0/stm32l0xx_hal.o
 .debug_macro   0x0000b8a5      0x2bf ./system/src/stm32l0/stm32l0xx_hal.o
 .debug_macro   0x0000bb64       0x12 ./system/src/stm32l0/stm32l0xx_hal.o
 .debug_macro   0x0000bb76      0x1d0 ./system/src/stm32l0/stm32l0xx_hal.o
 .debug_macro   0x0000bd46       0x4d ./system/src/stm32l0/stm32l0xx_hal.o
 .debug_macro   0x0000bd93       0x66 ./system/src/stm32l0/stm32l0xx_hal.o
 .debug_macro   0x0000bdf9      0x189 ./system/src/stm32l0/stm32l0xx_hal.o
 .debug_macro   0x0000bf82       0x16 ./system/src/stm32l0/stm32l0xx_hal.o
 .debug_macro   0x0000bf98      0x703 ./system/src/stm32l0/stm32l0xx_hal.o
 .debug_macro   0x0000c69b      0x120 ./system/src/stm32l0/stm32l0xx_hal.o
 .debug_macro   0x0000c7bb      0x157 ./system/src/stm32l0/stm32l0xx_hal.o
 .debug_macro   0x0000c912      0x28c ./system/src/stm32l0/stm32l0xx_hal_adc.o
 .debug_macro   0x0000cb9e      0x27d ./system/src/stm32l0/stm32l0xx_hal_cortex.o
 .debug_macro   0x0000ce1b      0x283 ./system/src/stm32l0/stm32l0xx_hal_dma.o
 .debug_macro   0x0000d09e      0x2b6 ./system/src/stm32l0/stm32l0xx_hal_gpio.o
 .debug_macro   0x0000d354      0x2cb ./system/src/stm32l0/stm32l0xx_hal_rcc.o
 .debug_macro   0x0000d61f      0x27e ./system/src/stm32l0/stm32l0xx_hal_tim.o
 .debug_macro   0x0000d89d      0x27d ./system/src/stm32l0/stm32l0xx_hal_tim_ex.o
 .debug_macro   0x0000db1a      0x131 ./system/src/newlib/_exit.o
 .debug_macro   0x0000dc4b      0x10e ./system/src/newlib/_exit.o
 .debug_macro   0x0000dd59       0x86 ./system/src/newlib/_exit.o
 .debug_macro   0x0000dddf       0x35 ./system/src/newlib/_exit.o
 .debug_macro   0x0000de14       0xed ./system/src/newlib/_sbrk.o
 .debug_macro   0x0000df01      0x16d ./system/src/newlib/_sbrk.o
 .debug_macro   0x0000e06e       0x10 ./system/src/newlib/_sbrk.o
 .debug_macro   0x0000e07e      0x23b ./system/src/newlib/_sbrk.o
 .debug_macro   0x0000e2b9       0xf7 ./system/src/newlib/_startup.o
 .debug_macro   0x0000e3b0      0x1ad ./system/src/newlib/_syscalls.o
 .debug_macro   0x0000e55d       0x1c ./system/src/newlib/_syscalls.o
 .debug_macro   0x0000e579       0x10 ./system/src/newlib/_syscalls.o
 .debug_macro   0x0000e589       0x10 ./system/src/newlib/_syscalls.o
 .debug_macro   0x0000e599       0x10 ./system/src/newlib/_syscalls.o
 .debug_macro   0x0000e5a9       0x10 ./system/src/newlib/_syscalls.o
 .debug_macro   0x0000e5b9       0x35 ./system/src/newlib/_syscalls.o
 .debug_macro   0x0000e5ee      0x122 ./system/src/newlib/_syscalls.o
 .debug_macro   0x0000e710       0x2e ./system/src/newlib/_syscalls.o
 .debug_macro   0x0000e73e       0x82 ./system/src/newlib/_syscalls.o
 .debug_macro   0x0000e7c0       0x2b ./system/src/newlib/_syscalls.o
 .debug_macro   0x0000e7eb      0x118 ./system/src/newlib/_syscalls.o
 .debug_macro   0x0000e903      0x159 ./system/src/newlib/_syscalls.o
 .debug_macro   0x0000ea5c       0x16 ./system/src/newlib/_syscalls.o
 .debug_macro   0x0000ea72      0x15e ./system/src/diag/Trace.o
 .debug_macro   0x0000ebd0       0x52 ./system/src/diag/Trace.o
 .debug_macro   0x0000ec22       0x16 ./system/src/diag/Trace.o
 .debug_macro   0x0000ec38      0x16c ./system/src/diag/trace_impl.o
 .debug_macro   0x0000eda4       0x10 ./system/src/diag/trace_impl.o
 .debug_macro   0x0000edb4       0xc8 ./system/src/diag/trace_impl.o
 .debug_macro   0x0000ee7c       0x19 ./system/src/diag/trace_impl.o
 .debug_macro   0x0000ee95       0xbe ./system/src/diag/trace_impl.o
 .debug_macro   0x0000ef53       0x8a ./system/src/cortexm/_initialize_hardware.o
 .debug_macro   0x0000efdd      0x1b3 ./system/src/cortexm/exception_handlers.o
 .debug_macro   0x0000f190       0x3b ./system/src/cortexm/exception_handlers.o
 .debug_macro   0x0000f1cb       0x22 ./system/src/cortexm/exception_handlers.o
 .debug_macro   0x0000f1ed       0x10 ./system/src/cortexm/exception_handlers.o
 .debug_macro   0x0000f1fd       0x98 ./system/src/cmsis/system_stm32l0xx.o
 .debug_macro   0x0000f295      0x27d ./src/main.o
 .debug_macro   0x0000f512      0x27d ./src/stm32l0xx_hal_msp.o
 .debug_macro   0x0000f78f      0x287 ./src/stm32l0xx_it.o
